ARM Linker, 5.03 [Build 24] [MDK-ARM Professional][RL-ARM][IFX-ARM Infineon Extensions]

==============================================================================

Section Cross References

    main.o(.text) refers to stm32f4xx_rcc.o(.text) for RCC_AHB1PeriphClockCmd
    main.o(.text) refers to stm32f4xx_gpio.o(.text) for GPIO_PinAFConfig
    main.o(.text) refers to stm32f4xx_dcmi.o(.text) for DCMI_Init
    main.o(.text) refers to stm32f4xx_dma.o(.text) for DMA_DeInit
    main.o(.text) refers to stm32f4xx_i2c.o(.text) for I2C_DeInit
    main.o(.text) refers to dcmi_ov9655.o(.text) for DCMI_SingleRandomWrite
    main.o(.text) refers to stm32f4xx_syscfg.o(.text) for SYSCFG_EXTILineConfig
    main.o(.text) refers to stm32f4xx_exti.o(.text) for EXTI_Init
    main.o(.text) refers to misc.o(.text) for NVIC_Init
    main.o(.text) refers to stm32f4_discovery_lis302dl.o(.text) for LIS302DL_Init
    main.o(.text) refers to stm32f4_discovery_lcd.o(.text) for STM32f4_Discovery_LCD_Init
    main.o(.text) refers to bmp.o(.text) for init_picture_count
    main.o(.text) refers to main.o(.data) for .data
    main.o(.text) refers to main.o(.bss) for .bss
    stm32f4xx_it.o(.text) refers to main.o(.text) for TimingDelay_Decrement
    stm32f4xx_it.o(.text) refers to stm32f4_discovery_sdio_sd.o(.text) for SD_ProcessIRQSrc
    stm32f4xx_it.o(.text) refers to stm32f4xx_exti.o(.text) for EXTI_GetITStatus
    stm32f4xx_it.o(.text) refers to main.o(.data) for KeyPressFlg
    system_stm32f4xx.o(.text) refers to system_stm32f4xx.o(.data) for .data
    bmp.o(.text) refers to ff.o(.text) for f_mount
    bmp.o(.text) refers to main.o(.text) for Delay
    bmp.o(.text) refers to memseta.o(.text) for __aeabi_memclr4
    bmp.o(.text) refers to printf1.o(i.__0sprintf$1) for __2sprintf
    bmp.o(.text) refers to stm32f4_discovery_lcd.o(.text) for LCD_SetCursor
    bmp.o(.text) refers to bmp.o(.bss) for .bss
    bmp.o(.text) refers to bmp.o(.data) for .data
    dcmi_ov9655.o(.text) refers to stm32f4xx_rcc.o(.text) for RCC_AHB1PeriphClockCmd
    dcmi_ov9655.o(.text) refers to stm32f4xx_gpio.o(.text) for GPIO_Init
    dcmi_ov9655.o(.text) refers to main.o(.text) for Delay
    dcmi_ov9655.o(.text) refers to stm32f4xx_i2c.o(.text) for I2C_GenerateSTART
    stm32f4_discovery_sdio_sd.o(.text) refers to stm32f4_discovery.o(.text) for SD_LowLevel_DeInit
    stm32f4_discovery_sdio_sd.o(.text) refers to stm32f4xx_sdio.o(.text) for SDIO_ClearFlag
    stm32f4_discovery_sdio_sd.o(.text) refers to stm32f4_discovery_sdio_sd.o(.bss) for .bss
    stm32f4_discovery_sdio_sd.o(.text) refers to stm32f4_discovery_sdio_sd.o(.data) for .data
    stm32f4_discovery_sdio_sd.o(.text) refers to stm32f4xx_gpio.o(.text) for GPIO_ReadInputDataBit
    stm32f4_discovery_sdio_sd.o(.text) refers to stm32f4xx_dma.o(.text) for DMA_ClearFlag
    stm32f4_discovery.o(.text) refers to stm32f4xx_rcc.o(.text) for RCC_AHB1PeriphClockCmd
    stm32f4_discovery.o(.text) refers to stm32f4xx_gpio.o(.text) for GPIO_Init
    stm32f4_discovery.o(.text) refers to stm32f4xx_syscfg.o(.text) for SYSCFG_EXTILineConfig
    stm32f4_discovery.o(.text) refers to stm32f4xx_exti.o(.text) for EXTI_Init
    stm32f4_discovery.o(.text) refers to misc.o(.text) for NVIC_Init
    stm32f4_discovery.o(.text) refers to stm32f4xx_usart.o(.text) for USART_Init
    stm32f4_discovery.o(.text) refers to stm32f4xx_sdio.o(.text) for SDIO_ClockCmd
    stm32f4_discovery.o(.text) refers to stm32f4xx_dma.o(.text) for DMA_ClearFlag
    stm32f4_discovery.o(.text) refers to stm32f4_discovery.o(.constdata) for .constdata
    stm32f4_discovery.o(.text) refers to stm32f4_discovery.o(.data) for .data
    stm32f4_discovery_lcd.o(.text) refers to stm32f4xx_fsmc.o(.text) for FSMC_NORSRAMCmd
    stm32f4_discovery_lcd.o(.text) refers to stm32f4xx_gpio.o(.text) for GPIO_Init
    stm32f4_discovery_lcd.o(.text) refers to stm32f4xx_rcc.o(.text) for RCC_AHB1PeriphClockCmd
    stm32f4_discovery_lcd.o(.text) refers to stm32f4_discovery_lcd.o(.data) for .data
    stm32f4_discovery_lcd.o(.text) refers to dfltui.o(.text) for __aeabi_ui2d
    stm32f4_discovery_lcd.o(.text) refers to dflti.o(.text) for __aeabi_i2d
    stm32f4_discovery_lcd.o(.text) refers to cdcmple.o(.text) for __aeabi_cdcmple
    stm32f4_discovery_lcd.o(.text) refers to cdrcmple.o(.text) for __aeabi_cdrcmple
    stm32f4_discovery_lcd.o(.data) refers to stm32f4_discovery_lcd.o(.constdata) for ASCII16x24_Table
    stm32f4_discovery_lcd.o(.data) refers to stm32f4_discovery_lcd.o(.constdata) for ASCII12x12_Table
    stm32f4_discovery_lcd.o(.data) refers to stm32f4_discovery_lcd.o(.constdata) for ASCII8x12_Table
    stm32f4_discovery_lcd.o(.data) refers to stm32f4_discovery_lcd.o(.constdata) for ASCII8x8_Table
    stm32f4_discovery_lis302dl.o(.text) refers to stm32f4xx_spi.o(.text) for SPI_I2S_GetFlagStatus
    stm32f4_discovery_lis302dl.o(.text) refers to main.o(.text) for LIS302DL_TIMEOUT_UserCallback
[...]
    ../clib/microlib/longlong.c              0x00000000   Number         0  llushr.o ABSOLUTE
    ../clib/microlib/printf/printf.c         0x00000000   Number         0  printf7.o ABSOLUTE
    ../clib/microlib/printf/printf.c         0x00000000   Number         0  printf8.o ABSOLUTE
    ../clib/microlib/printf/printf.c         0x00000000   Number         0  printfa.o ABSOLUTE
    ../clib/microlib/printf/printf.c         0x00000000   Number         0  printf5.o ABSOLUTE
    ../clib/microlib/printf/printf.c         0x00000000   Number         0  printf3.o ABSOLUTE
    ../clib/microlib/printf/printf.c         0x00000000   Number         0  printf6.o ABSOLUTE
    ../clib/microlib/printf/printf.c         0x00000000   Number         0  printfb.o ABSOLUTE
    ../clib/microlib/printf/printf.c         0x00000000   Number         0  printf4.o ABSOLUTE
    ../clib/microlib/printf/printf.c         0x00000000   Number         0  printf2.o ABSOLUTE
    ../clib/microlib/printf/printf.c         0x00000000   Number         0  printf1.o ABSOLUTE
    ../clib/microlib/printf/printf.c         0x00000000   Number         0  printf0.o ABSOLUTE
    ../clib/microlib/printf/stubs.s          0x00000000   Number         0  stubs.o ABSOLUTE
    ../clib/microlib/stdio/fputc.c           0x00000000   Number         0  fputc.o ABSOLUTE
    ../clib/microlib/stdio/semi.s            0x00000000   Number         0  semi.o ABSOLUTE
    ../clib/microlib/stdio/streams.c         0x00000000   Number         0  stdout.o ABSOLUTE
    ../clib/microlib/string/memset.c         0x00000000   Number         0  memseta.o ABSOLUTE
    ../clib/microlib/stubs.s                 0x00000000   Number         0  iusesemip.o ABSOLUTE
    ../clib/microlib/stubs.s                 0x00000000   Number         0  iusefp.o ABSOLUTE
    ../fplib/microlib/fpadd.c                0x00000000   Number         0  dadd.o ABSOLUTE
    ../fplib/microlib/fpdiv.c                0x00000000   Number         0  ddiv.o ABSOLUTE
    ../fplib/microlib/fpepilogue.c           0x00000000   Number         0  depilogue.o ABSOLUTE
    ../fplib/microlib/fpfix.c                0x00000000   Number         0  dfixul.o ABSOLUTE
    ../fplib/microlib/fpflt.c                0x00000000   Number         0  dflti.o ABSOLUTE
    ../fplib/microlib/fpflt.c                0x00000000   Number         0  dfltui.o ABSOLUTE
    ../fplib/microlib/fpmul.c                0x00000000   Number         0  dmul.o ABSOLUTE
    ..\..\..\Libraries\CMSIS\Device\ST\STM32F4xx\Source\Templates\arm\startup_stm32f4xx.s 0x00000000   Number         0  startup_stm32f4xx.o ABSOLUTE
    ..\..\..\Libraries\STM32F4xx_StdPeriph_Driver\src\misc.c 0x00000000   Number         0  misc.o ABSOLUTE
    ..\..\..\Libraries\STM32F4xx_StdPeriph_Driver\src\stm32f4xx_dcmi.c 0x00000000   Number         0  stm32f4xx_dcmi.o ABSOLUTE
    ..\..\..\Libraries\STM32F4xx_StdPeriph_Driver\src\stm32f4xx_dma.c 0x00000000   Number         0  stm32f4xx_dma.o ABSOLUTE
    ..\..\..\Libraries\STM32F4xx_StdPeriph_Driver\src\stm32f4xx_exti.c 0x00000000   Number         0  stm32f4xx_exti.o ABSOLUTE
    ..\..\..\Libraries\STM32F4xx_StdPeriph_Driver\src\stm32f4xx_fsmc.c 0x00000000   Number         0  stm32f4xx_fsmc.o ABSOLUTE
    ..\..\..\Libraries\STM32F4xx_StdPeriph_Driver\src\stm32f4xx_gpio.c 0x00000000   Number         0  stm32f4xx_gpio.o ABSOLUTE
    ..\..\..\Libraries\STM32F4xx_StdPeriph_Driver\src\stm32f4xx_i2c.c 0x00000000   Number         0  stm32f4xx_i2c.o ABSOLUTE
    ..\..\..\Libraries\STM32F4xx_StdPeriph_Driver\src\stm32f4xx_rcc.c 0x00000000   Number         0  stm32f4xx_rcc.o ABSOLUTE
    ..\..\..\Libraries\STM32F4xx_StdPeriph_Driver\src\stm32f4xx_sdio.c 0x00000000   Number         0  stm32f4xx_sdio.o ABSOLUTE
    ..\..\..\Libraries\STM32F4xx_StdPeriph_Driver\src\stm32f4xx_spi.c 0x00000000   Number         0  stm32f4xx_spi.o ABSOLUTE
    ..\..\..\Libraries\STM32F4xx_StdPeriph_Driver\src\stm32f4xx_syscfg.c 0x00000000   Number         0  stm32f4xx_syscfg.o ABSOLUTE
    ..\..\..\Libraries\STM32F4xx_StdPeriph_Driver\src\stm32f4xx_usart.c 0x00000000   Number         0  stm32f4xx_usart.o ABSOLUTE
    ..\..\..\Utilities\FatFs_vR0.08a\diskio.c 0x00000000   Number         0  diskio.o ABSOLUTE
    ..\..\..\Utilities\FatFs_vR0.08a\ff.c    0x00000000   Number         0  ff.o ABSOLUTE
    ..\..\..\Utilities\STM32F4-Discovery\stm32f4_discovery.c 0x00000000   Number         0  stm32f4_discovery.o ABSOLUTE
    ..\..\..\Utilities\STM32F4-Discovery\stm32f4_discovery_lcd.c 0x00000000   Number         0  stm32f4_discovery_lcd.o ABSOLUTE
    ..\..\..\Utilities\STM32F4-Discovery\stm32f4_discovery_lis302dl.c 0x00000000   Number         0  stm32f4_discovery_lis302dl.o ABSOLUTE
    ..\..\..\Utilities\STM32F4-Discovery\stm32f4_discovery_sdio_sd.c 0x00000000   Number         0  stm32f4_discovery_sdio_sd.o ABSOLUTE
    ..\\..\\..\\Libraries\\STM32F4xx_StdPeriph_Driver\\src\\misc.c 0x00000000   Number         0  misc.o ABSOLUTE
    ..\\..\\..\\Libraries\\STM32F4xx_StdPeriph_Driver\\src\\stm32f4xx_dcmi.c 0x00000000   Number         0  stm32f4xx_dcmi.o ABSOLUTE
    ..\\..\\..\\Libraries\\STM32F4xx_StdPeriph_Driver\\src\\stm32f4xx_dma.c 0x00000000   Number         0  stm32f4xx_dma.o ABSOLUTE
    ..\\..\\..\\Libraries\\STM32F4xx_StdPeriph_Driver\\src\\stm32f4xx_exti.c 0x00000000   Number         0  stm32f4xx_exti.o ABSOLUTE
    ..\\..\\..\\Libraries\\STM32F4xx_StdPeriph_Driver\\src\\stm32f4xx_fsmc.c 0x00000000   Number         0  stm32f4xx_fsmc.o ABSOLUTE
    ..\\..\\..\\Libraries\\STM32F4xx_StdPeriph_Driver\\src\\stm32f4xx_gpio.c 0x00000000   Number         0  stm32f4xx_gpio.o ABSOLUTE
    ..\\..\\..\\Libraries\\STM32F4xx_StdPeriph_Driver\\src\\stm32f4xx_i2c.c 0x00000000   Number         0  stm32f4xx_i2c.o ABSOLUTE
    ..\\..\\..\\Libraries\\STM32F4xx_StdPeriph_Driver\\src\\stm32f4xx_rcc.c 0x00000000   Number         0  stm32f4xx_rcc.o ABSOLUTE
    ..\\..\\..\\Libraries\\STM32F4xx_StdPeriph_Driver\\src\\stm32f4xx_sdio.c 0x00000000   Number         0  stm32f4xx_sdio.o ABSOLUTE
    ..\\..\\..\\Libraries\\STM32F4xx_StdPeriph_Driver\\src\\stm32f4xx_spi.c 0x00000000   Number         0  stm32f4xx_spi.o ABSOLUTE
    ..\\..\\..\\Libraries\\STM32F4xx_StdPeriph_Driver\\src\\stm32f4xx_syscfg.c 0x00000000   Number         0  stm32f4xx_syscfg.o ABSOLUTE
    ..\\..\\..\\Libraries\\STM32F4xx_StdPeriph_Driver\\src\\stm32f4xx_usart.c 0x00000000   Number         0  stm32f4xx_usart.o ABSOLUTE
    ..\\..\\..\\Utilities\\FatFs_vR0.08a\\diskio.c 0x00000000   Number         0  diskio.o ABSOLUTE
    ..\\..\\..\\Utilities\\STM32F4-Discovery\\stm32f4_discovery.c 0x00000000   Number         0  stm32f4_discovery.o ABSOLUTE
    ..\\..\\..\\Utilities\\STM32F4-Discovery\\stm32f4_discovery_lcd.c 0x00000000   Number         0  stm32f4_discovery_lcd.o ABSOLUTE
    ..\\..\\..\\Utilities\\STM32F4-Discovery\\stm32f4_discovery_lis302dl.c 0x00000000   Number         0  stm32f4_discovery_lis302dl.o ABSOLUTE
    ..\\..\\..\\Utilities\\STM32F4-Discovery\\stm32f4_discovery_sdio_sd.c 0x00000000   Number         0  stm32f4_discovery_sdio_sd.o ABSOLUTE
    ..\\src\\bmp.c                           0x00000000   Number         0  bmp.o ABSOLUTE
    ..\\src\\dcmi_ov9655.c                   0x00000000   Number         0  dcmi_ov9655.o ABSOLUTE
    ..\\src\\main.c                          0x00000000   Number         0  main.o ABSOLUTE
    ..\\src\\stm32f4xx_it.c                  0x00000000   Number         0  stm32f4xx_it.o ABSOLUTE
    ..\\src\\system_stm32f4xx.c              0x00000000   Number         0  system_stm32f4xx.o ABSOLUTE
    ..\src\bmp.c                             0x00000000   Number         0  bmp.o ABSOLUTE
    ..\src\dcmi_ov9655.c                     0x00000000   Number         0  dcmi_ov9655.o ABSOLUTE
    ..\src\main.c                            0x00000000   Number         0  main.o ABSOLUTE
    ..\src\stm32f4xx_it.c                    0x00000000   Number         0  stm32f4xx_it.o ABSOLUTE
    ..\src\system_stm32f4xx.c                0x00000000   Number         0  system_stm32f4xx.o ABSOLUTE
    cdcmple.s                                0x00000000   Number         0  cdcmple.o ABSOLUTE
    cdrcmple.s                               0x00000000   Number         0  cdrcmple.o ABSOLUTE
    dc.s                                     0x00000000   Number         0  dc.o ABSOLUTE
    handlers.s                               0x00000000   Number         0  handlers.o ABSOLUTE
    init.s                                   0x00000000   Number         0  init.o ABSOLUTE
    RESET                                    0x08000000   Section      392  startup_stm32f4xx.o(RESET)
    .ARM.Collect$$$$00000000                 0x08000188   Section        0  entry.o(.ARM.Collect$$$$00000000)
    .ARM.Collect$$$$00000001                 0x08000188   Section        4  entry2.o(.ARM.Collect$$$$00000001)
    .ARM.Collect$$$$00000004                 0x0800018c   Section        4  entry5.o(.ARM.Collect$$$$00000004)
    .ARM.Collect$$$$00000008                 0x08000190   Section        0  entry7b.o(.ARM.Collect$$$$00000008)
    .ARM.Collect$$$$0000000A                 0x08000190   Section        0  entry8b.o(.ARM.Collect$$$$0000000A)
    .ARM.Collect$$$$0000000B                 0x08000190   Section        8  entry9a.o(.ARM.Collect$$$$0000000B)
    .ARM.Collect$$$$0000000D                 0x08000198   Section        0  entry10a.o(.ARM.Collect$$$$0000000D)
    .ARM.Collect$$$$0000000F                 0x08000198   Section        0  entry11a.o(.ARM.Collect$$$$0000000F)
    .ARM.Collect$$$$00002712                 0x08000198   Section        4  entry2.o(.ARM.Collect$$$$00002712)
    __lit__00000000                          0x08000198   Data           4  entry2.o(.ARM.Collect$$$$00002712)
    .text                                    0x0800019c   Section        0  main.o(.text)
    .text                                    0x0800063c   Section        0  stm32f4xx_it.o(.text)
    .text                                    0x08000678   Section        0  system_stm32f4xx.o(.text)
    SetSysClock                              0x08000679   Thumb Code   168  system_stm32f4xx.o(.text)
    .text                                    0x08000808   Section        0  bmp.o(.text)
    set_pic_count                            0x08000809   Thumb Code    98  bmp.o(.text)
    get_pic_count                            0x08000931   Thumb Code   150  bmp.o(.text)
    .text                                    0x080009f8   Section        0  dcmi_ov9655.o(.text)
    .text                                    0x08001f54   Section        0  stm32f4_discovery_sdio_sd.o(.text)
    CmdResp1Error                            0x08001f59   Thumb Code   244  stm32f4_discovery_sdio_sd.o(.text)
    FindSCR                                  0x0800204d   Thumb Code   364  stm32f4_discovery_sdio_sd.o(.text)
    SDEnWideBus                              0x080021b9   Thumb Code   212  stm32f4_discovery_sdio_sd.o(.text)
    CmdResp2Error                            0x080025bb   Thumb Code    62  stm32f4_discovery_sdio_sd.o(.text)
    CmdResp6Error                            0x080025f9   Thumb Code   122  stm32f4_discovery_sdio_sd.o(.text)
    CmdResp3Error                            0x08002793   Thumb Code    46  stm32f4_discovery_sdio_sd.o(.text)
    CmdResp7Error                            0x080027c1   Thumb Code    62  stm32f4_discovery_sdio_sd.o(.text)
    CmdError                                 0x080027ff   Thumb Code    42  stm32f4_discovery_sdio_sd.o(.text)
    IsCardProgramming                        0x080030c5   Thumb Code   344  stm32f4_discovery_sdio_sd.o(.text)
    .text                                    0x080033f4   Section        0  stm32f4_discovery.o(.text)
    .text                                    0x08003830   Section        0  stm32f4_discovery_lcd.o(.text)
    delay                                    0x08003c25   Thumb Code    56  stm32f4_discovery_lcd.o(.text)
    PutPixel                                 0x08003fa3   Thumb Code    26  stm32f4_discovery_lcd.o(.text)
    LCD_PolyLineRelativeClosed               0x080043e9   Thumb Code    96  stm32f4_discovery_lcd.o(.text)
    .text                                    0x08004648   Section        0  stm32f4_discovery_lis302dl.o(.text)
    LIS302DL_SendByte                        0x08004649   Thumb Code    98  stm32f4_discovery_lis302dl.o(.text)
    LIS302DL_LowLevel_Init                   0x080046eb   Thumb Code   276  stm32f4_discovery_lis302dl.o(.text)
    .text                                    0x080049d4   Section        0  stm32f4xx_usart.o(.text)
    .text                                    0x08004d88   Section        0  misc.o(.text)
    .text                                    0x08004e44   Section        0  stm32f4xx_dcmi.o(.text)
    .text                                    0x08004fa0   Section        0  stm32f4xx_dma.o(.text)
    .text                                    0x080052e8   Section        0  stm32f4xx_exti.o(.text)
    .text                                    0x080053d4   Section        0  stm32f4xx_fsmc.o(.text)
    .text                                    0x08005888   Section        0  stm32f4xx_gpio.o(.text)
    .text                                    0x08005aac   Section        0  stm32f4xx_rcc.o(.text)
    .text                                    0x08005ee0   Section        0  stm32f4xx_sdio.o(.text)
    .text                                    0x080060a4   Section        0  stm32f4xx_spi.o(.text)
    .text                                    0x080063d8   Section        0  stm32f4xx_syscfg.o(.text)
    .text                                    0x08006444   Section        0  stm32f4xx_i2c.o(.text)
    .text                                    0x080067f8   Section        0  ff.o(.text)
    mem_cpy                                  0x080067f9   Thumb Code    16  ff.o(.text)
    mem_set                                  0x08006809   Thumb Code    14  ff.o(.text)
    mem_cmp                                  0x08006817   Thumb Code    24  ff.o(.text)
    chk_chr                                  0x0800682f   Thumb Code    16  ff.o(.text)
    move_window                              0x0800683f   Thumb Code   110  ff.o(.text)
    sync                                     0x080068ad   Thumb Code   186  ff.o(.text)
    remove_chain                             0x08006b3d   Thumb Code   100  ff.o(.text)
    create_chain                             0x08006ba1   Thumb Code   158  ff.o(.text)
    dir_sdi                                  0x08006c3f   Thumb Code   140  ff.o(.text)
    dir_next                                 0x08006ccb   Thumb Code   260  ff.o(.text)
    dir_find                                 0x08006dcf   Thumb Code    72  ff.o(.text)
    dir_read                                 0x08006e17   Thumb Code    68  ff.o(.text)
    dir_register                             0x08006e5b   Thumb Code    98  ff.o(.text)
    dir_remove                               0x08006ebd   Thumb Code    42  ff.o(.text)
    create_name                              0x08006ee7   Thumb Code   298  ff.o(.text)
    get_fileinfo                             0x08007011   Thumb Code   120  ff.o(.text)
    follow_path                              0x08007089   Thumb Code   120  ff.o(.text)
    check_fs                                 0x08007101   Thumb Code   124  ff.o(.text)
    chk_mounted                              0x0800717d   Thumb Code   768  ff.o(.text)
    validate                                 0x0800747d   Thumb Code    38  ff.o(.text)
    .text                                    0x080081c4   Section        0  diskio.o(.text)
    .text                                    0x08008274   Section       36  startup_stm32f4xx.o(.text)
    $v0                                      0x08008274   Number         0  startup_stm32f4xx.o(.text)
    .text                                    0x08008298   Section        0  memseta.o(.text)
    .text                                    0x080082bc   Section        0  dflti.o(.text)
    .text                                    0x080082de   Section        0  dfltui.o(.text)
    .text                                    0x080082f8   Section       40  cdcmple.o(.text)
    .text                                    0x08008320   Section       40  cdrcmple.o(.text)
    .text                                    0x08008348   Section        0  uidiv.o(.text)
    .text                                    0x08008374   Section        0  depilogue.o(.text)
    .text                                    0x08008374   Section        0  iusefp.o(.text)
    .text                                    0x08008434   Section       36  init.o(.text)
    .text                                    0x08008458   Section        0  llshl.o(.text)
    .text                                    0x08008476   Section        0  llushr.o(.text)
    i.__0sprintf$1                           0x08008498   Section        0  printf1.o(i.__0sprintf$1)
    i.__scatterload_copy                     0x080084c0   Section       14  handlers.o(i.__scatterload_copy)
    i.__scatterload_null                     0x080084ce   Section        2  handlers.o(i.__scatterload_null)
    i.__scatterload_zeroinit                 0x080084d0   Section       14  handlers.o(i.__scatterload_zeroinit)
    i._printf_core                           0x080084e0   Section        0  printf1.o(i._printf_core)
    _printf_core                             0x080084e1   Thumb Code   334  printf1.o(i._printf_core)
    i._sputc                                 0x08008634   Section        0  printf1.o(i._sputc)
    _sputc                                   0x08008635   Thumb Code    10  printf1.o(i._sputc)
    .constdata                               0x08008640   Section       84  stm32f4_discovery.o(.constdata)
    .constdata                               0x08008694   Section     4560  stm32f4_discovery_lcd.o(.constdata)
    .data                                    0x20000000   Section       16  main.o(.data)
    .data                                    0x20000010   Section       20  system_stm32f4xx.o(.data)
    .data                                    0x20000024   Section       74  bmp.o(.data)
    .data                                    0x20000070   Section       24  stm32f4_discovery_sdio_sd.o(.data)
    CardType                                 0x20000074   Data           4  stm32f4_discovery_sdio_sd.o(.data)
    RCA                                      0x20000078   Data           4  stm32f4_discovery_sdio_sd.o(.data)
    .data                                    0x20000088   Section       44  stm32f4_discovery.o(.data)
    .data                                    0x200000b4   Section       16  stm32f4_discovery_lcd.o(.data)
    TextColor                                0x200000b4   Data           2  stm32f4_discovery_lcd.o(.data)
    BackColor                                0x200000b6   Data           2  stm32f4_discovery_lcd.o(.data)
    LCD_Currentfonts                         0x200000b8   Data           4  stm32f4_discovery_lcd.o(.data)
    .data                                    0x200000c4   Section        4  stm32f4_discovery_lis302dl.o(.data)
    .data                                    0x200000c8   Section       16  stm32f4xx_rcc.o(.data)
    APBAHBPrescTable                         0x200000c8   Data          16  stm32f4xx_rcc.o(.data)
    .data                                    0x200000d8   Section        8  ff.o(.data)
    Fsid                                     0x200000d8   Data           2  ff.o(.data)
    FatFs                                    0x200000dc   Data           4  ff.o(.data)
    .bss                                     0x200000e0   Section       16  main.o(.bss)
    .bss                                     0x200000f0   Section     1584  bmp.o(.bss)
    .bss                                     0x20000720   Section      196  stm32f4_discovery_sdio_sd.o(.bss)
    CSD_Tab                                  0x20000720   Data          16  stm32f4_discovery_sdio_sd.o(.bss)
    CID_Tab                                  0x20000730   Data          16  stm32f4_discovery_sdio_sd.o(.bss)
    SDSTATUS_Tab                             0x20000740   Data          16  stm32f4_discovery_sdio_sd.o(.bss)
    STACK                                    0x200007e8   Section     2048  startup_stm32f4xx.o(STACK)

    Global Symbols

    Symbol Name                              Value     Ov Type        Size  Object(Section)

    BuildAttributes$$THM_ISAv4$E$P$D$K$B$S$7EM$VFPi3$EXTD16$VFPS$VFMA$PE$A:L22UL41UL21$X:L11$S22US41US21$IEEE1$IW$USESV6$~STKCKD$USESV7$~SHL$OSPACE$ROPI$EBA8$MICROLIB$REQ8$PRES8$EABIv2 0x00000000   Number         0  anon$$obj.o ABSOLUTE
    __ARM_use_no_argv                        0x00000000   Number         0  main.o ABSOLUTE
    _printf_a                                0x00000000   Number         0  stubs.o ABSOLUTE
    _printf_c                                0x00000000   Number         0  stubs.o ABSOLUTE
    _printf_charcount                        0x00000000   Number         0  stubs.o ABSOLUTE
    _printf_d                                0x00000000   Number         0  stubs.o ABSOLUTE
    _printf_e                                0x00000000   Number         0  stubs.o ABSOLUTE
    _printf_f                                0x00000000   Number         0  stubs.o ABSOLUTE
    _printf_flags                            0x00000000   Number         0  stubs.o ABSOLUTE
    _printf_fp_dec                           0x00000000   Number         0  stubs.o ABSOLUTE
    _printf_fp_hex                           0x00000000   Number         0  stubs.o ABSOLUTE
    _printf_g                                0x00000000   Number         0  stubs.o ABSOLUTE
    _printf_i                                0x00000000   Number         0  stubs.o ABSOLUTE
    _printf_int_dec                          0x00000000   Number         0  stubs.o ABSOLUTE
    _printf_l                                0x00000000   Number         0  stubs.o ABSOLUTE
    _printf_lc                               0x00000000   Number         0  stubs.o ABSOLUTE
    _printf_ll                               0x00000000   Number         0  stubs.o ABSOLUTE
    _printf_lld                              0x00000000   Number         0  stubs.o ABSOLUTE
    _printf_lli                              0x00000000   Number         0  stubs.o ABSOLUTE
    _printf_llo                              0x00000000   Number         0  stubs.o ABSOLUTE
    _printf_llu                              0x00000000   Number         0  stubs.o ABSOLUTE
    _printf_llx                              0x00000000   Number         0  stubs.o ABSOLUTE
    _printf_longlong_dec                     0x00000000   Number         0  stubs.o ABSOLUTE
    _printf_longlong_hex                     0x00000000   Number         0  stubs.o ABSOLUTE
    _printf_longlong_oct                     0x00000000   Number         0  stubs.o ABSOLUTE
    _printf_ls                               0x00000000   Number         0  stubs.o ABSOLUTE
    _printf_mbtowc                           0x00000000   Number         0  stubs.o ABSOLUTE
    _printf_n                                0x00000000   Number         0  stubs.o ABSOLUTE
    _printf_o                                0x00000000   Number         0  stubs.o ABSOLUTE
    _printf_p                                0x00000000   Number         0  stubs.o ABSOLUTE
    _printf_percent                          0x00000000   Number         0  stubs.o ABSOLUTE
    _printf_pre_padding                      0x00000000   Number         0  stubs.o ABSOLUTE
    _printf_return_value                     0x00000000   Number         0  stubs.o ABSOLUTE
    _printf_s                                0x00000000   Number         0  stubs.o ABSOLUTE
    _printf_sizespec                         0x00000000   Number         0  stubs.o ABSOLUTE
    _printf_str                              0x00000000   Number         0  stubs.o ABSOLUTE
    _printf_truncate_signed                  0x00000000   Number         0  stubs.o ABSOLUTE
    _printf_truncate_unsigned                0x00000000   Number         0  stubs.o ABSOLUTE
    _printf_u                                0x00000000   Number         0  stubs.o ABSOLUTE
    _printf_wc                               0x00000000   Number         0  stubs.o ABSOLUTE
    _printf_wctomb                           0x00000000   Number         0  stubs.o ABSOLUTE
    _printf_widthprec                        0x00000000   Number         0  stubs.o ABSOLUTE
    _printf_x                                0x00000000   Number         0  stubs.o ABSOLUTE
    __cpp_initialize__aeabi_                  - Undefined Weak Reference
    __cxa_finalize                            - Undefined Weak Reference
    __decompress                              - Undefined Weak Reference
    _clock_init                               - Undefined Weak Reference
    _microlib_exit                            - Undefined Weak Reference
    __Vectors_Size                           0x00000188   Number         0  startup_stm32f4xx.o ABSOLUTE
    __Vectors                                0x08000000   Data           4  startup_stm32f4xx.o(RESET)
    __Vectors_End                            0x08000188   Data           0  startup_stm32f4xx.o(RESET)
    __main                                   0x08000189   Thumb Code     0  entry.o(.ARM.Collect$$$$00000000)
    _main_stk                                0x08000189   Thumb Code     0  entry2.o(.ARM.Collect$$$$00000001)
    _main_scatterload                        0x0800018d   Thumb Code     0  entry5.o(.ARM.Collect$$$$00000004)
    __main_after_scatterload                 0x08000191   Thumb Code     0  entry5.o(.ARM.Collect$$$$00000004)
    _main_clock                              0x08000191   Thumb Code     0  entry7b.o(.ARM.Collect$$$$00000008)
    _main_cpp_init                           0x08000191   Thumb Code     0  entry8b.o(.ARM.Collect$$$$0000000A)
    _main_init                               0x08000191   Thumb Code     0  entry9a.o(.ARM.Collect$$$$0000000B)
    __rt_final_cpp                           0x08000199   Thumb Code     0  entry10a.o(.ARM.Collect$$$$0000000D)
    __rt_final_exit                          0x08000199   Thumb Code     0  entry11a.o(.ARM.Collect$$$$0000000F)
    Delay                                    0x0800019d   Thumb Code    12  main.o(.text)
    DCMI_Config                              0x080001a9   Thumb Code   340  main.o(.text)
    I2C1_Config                              0x080002fd   Thumb Code   142  main.o(.text)
    DCMI_OV9655Config                        0x0800038b   Thumb Code    64  main.o(.text)
    EXTILine0_Config                         0x080003cb   Thumb Code    92  main.o(.text)
    LIS302DL_Reset                           0x08000427   Thumb Code    80  main.o(.text)
    main                                     0x08000477   Thumb Code   430  main.o(.text)
    LIS302DL_TIMEOUT_UserCallback            0x08000625   Thumb Code     2  main.o(.text)
    TimingDelay_Decrement                    0x08000627   Thumb Code    16  main.o(.text)
    NMI_Handler                              0x0800063d   Thumb Code     2  stm32f4xx_it.o(.text)
    HardFault_Handler                        0x0800063f   Thumb Code     2  stm32f4xx_it.o(.text)
    MemManage_Handler                        0x08000641   Thumb Code     2  stm32f4xx_it.o(.text)
    BusFault_Handler                         0x08000643   Thumb Code     2  stm32f4xx_it.o(.text)
    UsageFault_Handler                       0x08000645   Thumb Code     2  stm32f4xx_it.o(.text)
    SVC_Handler                              0x08000647   Thumb Code     2  stm32f4xx_it.o(.text)
    DebugMon_Handler                         0x08000649   Thumb Code     2  stm32f4xx_it.o(.text)
    PendSV_Handler                           0x0800064b   Thumb Code     2  stm32f4xx_it.o(.text)
    SysTick_Handler                          0x0800064d   Thumb Code     4  stm32f4xx_it.o(.text)
    SDIO_IRQHandler                          0x08000651   Thumb Code     4  stm32f4xx_it.o(.text)
    DMA2_Stream3_IRQHandler                  0x08000655   Thumb Code     4  stm32f4xx_it.o(.text)
    EXTI0_IRQHandler                         0x08000659   Thumb Code    26  stm32f4xx_it.o(.text)
    SystemInit                               0x08000721   Thumb Code    74  system_stm32f4xx.o(.text)
    SystemCoreClockUpdate                    0x0800076b   Thumb Code   122  system_stm32f4xx.o(.text)
    Capture_Image_TO_Bmp                     0x0800086b   Thumb Code   198  bmp.o(.text)
    init_picture_count                       0x080009c7   Thumb Code    12  bmp.o(.text)
    DCMI_Control_IO_Init                     0x080009f9   Thumb Code   110  dcmi_ov9655.o(.text)
    DCMI_SingleRandomWrite                   0x08000a67   Thumb Code   174  dcmi_ov9655.o(.text)
    DCMI_OV9655_Reset                        0x08000b15   Thumb Code     8  dcmi_ov9655.o(.text)
    DCMI_OV9655_QVGASizeSetup                0x08000b1d   Thumb Code  2410  dcmi_ov9655.o(.text)
    DCMI_OV9655_QQVGASizeSetup               0x08001487   Thumb Code  2380  dcmi_ov9655.o(.text)
    DCMI_SingleRandomRead                    0x08001dd3   Thumb Code   266  dcmi_ov9655.o(.text)
    DCMI_OV9655_ReadID                       0x08001edd   Thumb Code    46  dcmi_ov9655.o(.text)
    DCMI_OV9655_SetPrescaler                 0x08001f0b   Thumb Code    10  dcmi_ov9655.o(.text)
    DCMI_OV9655_SelectOutputFormat           0x08001f15   Thumb Code    10  dcmi_ov9655.o(.text)
    DCMI_OV9655_SelectFormatResolution       0x08001f1f   Thumb Code    10  dcmi_ov9655.o(.text)
    DCMI_OV9655_SetRegister                  0x08001f29   Thumb Code    10  dcmi_ov9655.o(.text)
    DCMI_OV9655_HREFControl                  0x08001f33   Thumb Code    10  dcmi_ov9655.o(.text)
    DCMI_OV9655_SelectRGBOption              0x08001f3d   Thumb Code    10  dcmi_ov9655.o(.text)
    SD_DeInit                                0x08001f55   Thumb Code     4  stm32f4_discovery_sdio_sd.o(.text)
    SD_EnableWideBusOperation                0x0800228d   Thumb Code   134  stm32f4_discovery_sdio_sd.o(.text)
    SD_SelectDeselect                        0x08002313   Thumb Code    54  stm32f4_discovery_sdio_sd.o(.text)
    SD_GetCardInfo                           0x08002349   Thumb Code   626  stm32f4_discovery_sdio_sd.o(.text)
    SD_InitializeCards                       0x08002673   Thumb Code   288  stm32f4_discovery_sdio_sd.o(.text)
    SD_PowerON                               0x08002829   Thumb Code   364  stm32f4_discovery_sdio_sd.o(.text)
    SD_Init                                  0x08002995   Thumb Code   126  stm32f4_discovery_sdio_sd.o(.text)
    SD_SendStatus                            0x08002a13   Thumb Code    70  stm32f4_discovery_sdio_sd.o(.text)
    SD_Detect                                0x08002a59   Thumb Code    26  stm32f4_discovery_sdio_sd.o(.text)
    SD_GetState                              0x08002a73   Thumb Code    38  stm32f4_discovery_sdio_sd.o(.text)
    SD_GetStatus                             0x08002a99   Thumb Code    26  stm32f4_discovery_sdio_sd.o(.text)
    SD_PowerOFF                              0x08002ab3   Thumb Code    14  stm32f4_discovery_sdio_sd.o(.text)
    SD_SendSDStatus                          0x08002ac1   Thumb Code   360  stm32f4_discovery_sdio_sd.o(.text)
    SD_GetCardStatus                         0x08002c29   Thumb Code   128  stm32f4_discovery_sdio_sd.o(.text)
    SD_ReadBlock                             0x08002ca9   Thumb Code   172  stm32f4_discovery_sdio_sd.o(.text)
    SD_ReadMultiBlocks                       0x08002d55   Thumb Code   198  stm32f4_discovery_sdio_sd.o(.text)
    SD_StopTransfer                          0x08002e1b   Thumb Code    38  stm32f4_discovery_sdio_sd.o(.text)
    SD_WaitReadOperation                     0x08002e41   Thumb Code    88  stm32f4_discovery_sdio_sd.o(.text)
    SD_WriteBlock                            0x08002e99   Thumb Code   168  stm32f4_discovery_sdio_sd.o(.text)
    SD_WriteMultiBlocks                      0x08002f41   Thumb Code   282  stm32f4_discovery_sdio_sd.o(.text)
    SD_WaitWriteOperation                    0x0800305b   Thumb Code    88  stm32f4_discovery_sdio_sd.o(.text)
    SD_GetTransferState                      0x080030b3   Thumb Code    18  stm32f4_discovery_sdio_sd.o(.text)
    SD_Erase                                 0x0800321d   Thumb Code   252  stm32f4_discovery_sdio_sd.o(.text)
    SD_ProcessIRQSrc                         0x08003319   Thumb Code   148  stm32f4_discovery_sdio_sd.o(.text)
    SD_ProcessDMAIRQ                         0x080033ad   Thumb Code    30  stm32f4_discovery_sdio_sd.o(.text)
    convert_from_bytes_to_power_of_two       0x080033cb   Thumb Code    18  stm32f4_discovery_sdio_sd.o(.text)
    STM_EVAL_LEDInit                         0x080033f5   Thumb Code    62  stm32f4_discovery.o(.text)
    STM_EVAL_LEDOn                           0x08003433   Thumb Code    18  stm32f4_discovery.o(.text)
    STM_EVAL_LEDOff                          0x08003445   Thumb Code    18  stm32f4_discovery.o(.text)
    STM_EVAL_LEDToggle                       0x08003457   Thumb Code    22  stm32f4_discovery.o(.text)
    STM_EVAL_PBInit                          0x0800346d   Thumb Code   148  stm32f4_discovery.o(.text)
    STM_EVAL_PBGetState                      0x08003501   Thumb Code    20  stm32f4_discovery.o(.text)
    STM_EVAL_COMInit                         0x08003515   Thumb Code   192  stm32f4_discovery.o(.text)
    SD_LowLevel_DeInit                       0x080035d5   Thumb Code   142  stm32f4_discovery.o(.text)
    SD_LowLevel_Init                         0x08003663   Thumb Code   178  stm32f4_discovery.o(.text)
    SD_LowLevel_DMA_TxConfig                 0x08003715   Thumb Code   128  stm32f4_discovery.o(.text)
    SD_LowLevel_DMA_RxConfig                 0x08003795   Thumb Code   156  stm32f4_discovery.o(.text)
    LCD_DisplayOff                           0x08003831   Thumb Code     2  stm32f4_discovery_lcd.o(.text)
    LCD_DeInit                               0x08003833   Thumb Code   544  stm32f4_discovery_lcd.o(.text)
    LCD_CtrlLinesConfig                      0x08003a53   Thumb Code   356  stm32f4_discovery_lcd.o(.text)
    LCD_FSMCConfig                           0x08003bb7   Thumb Code    86  stm32f4_discovery_lcd.o(.text)
    LCD_SetFont                              0x08003c0d   Thumb Code     6  stm32f4_discovery_lcd.o(.text)
    LCD_WriteRAM                             0x08003c13   Thumb Code     6  stm32f4_discovery_lcd.o(.text)
    LCD_WriteReg                             0x08003c19   Thumb Code    12  stm32f4_discovery_lcd.o(.text)
    STM32f4_Discovery_LCD_Init               0x08003c5d   Thumb Code   342  stm32f4_discovery_lcd.o(.text)
    LCD_SetCursor                            0x08003db3   Thumb Code    22  stm32f4_discovery_lcd.o(.text)
    LCD_ReadReg                              0x08003dc9   Thumb Code    12  stm32f4_discovery_lcd.o(.text)
    LCD_WriteRAM_Prepare                     0x08003dd5   Thumb Code    10  stm32f4_discovery_lcd.o(.text)
    LCD_ReadRAM                              0x08003ddf   Thumb Code     6  stm32f4_discovery_lcd.o(.text)
    LCD_RGB_Test                             0x08003de5   Thumb Code    70  stm32f4_discovery_lcd.o(.text)
    LCD_SetColors                            0x08003e2b   Thumb Code    20  stm32f4_discovery_lcd.o(.text)
    LCD_GetColors                            0x08003e3f   Thumb Code    14  stm32f4_discovery_lcd.o(.text)
    LCD_SetTextColor                         0x08003e4d   Thumb Code    14  stm32f4_discovery_lcd.o(.text)
    LCD_SetBackColor                         0x08003e5b   Thumb Code    14  stm32f4_discovery_lcd.o(.text)
    LCD_DisplayOn                            0x08003e69   Thumb Code     2  stm32f4_discovery_lcd.o(.text)
    LCD_GetFont                              0x08003e6b   Thumb Code     8  stm32f4_discovery_lcd.o(.text)
    LCD_DrawChar                             0x08003e73   Thumb Code   122  stm32f4_discovery_lcd.o(.text)
    LCD_DisplayChar                          0x08003eed   Thumb Code    26  stm32f4_discovery_lcd.o(.text)
    LCD_ClearLine                            0x08003f07   Thumb Code    38  stm32f4_discovery_lcd.o(.text)
    LCD_Clear                                0x08003f2d   Thumb Code    34  stm32f4_discovery_lcd.o(.text)
    LCD_DrawLine                             0x08003f4f   Thumb Code    84  stm32f4_discovery_lcd.o(.text)
    LCD_DisplayStringLine                    0x08003fbd   Thumb Code    50  stm32f4_discovery_lcd.o(.text)
    LCD_SetDisplayWindow                     0x08003fef   Thumb Code    78  stm32f4_discovery_lcd.o(.text)
    LCD_WindowModeDisable                    0x0800403d   Thumb Code     2  stm32f4_discovery_lcd.o(.text)
    LCD_DrawRect                             0x0800403f   Thumb Code    80  stm32f4_discovery_lcd.o(.text)
    LCD_DrawCircle                           0x0800408f   Thumb Code   262  stm32f4_discovery_lcd.o(.text)
    LCD_DrawMonoPict                         0x08004195   Thumb Code    70  stm32f4_discovery_lcd.o(.text)
    LCD_WriteBMP                             0x080041db   Thumb Code     2  stm32f4_discovery_lcd.o(.text)
    LCD_DrawFullRect                         0x080041dd   Thumb Code   132  stm32f4_discovery_lcd.o(.text)
    LCD_DrawFullCircle                       0x08004261   Thumb Code   168  stm32f4_discovery_lcd.o(.text)
    LCD_DrawUniLine                          0x08004309   Thumb Code   184  stm32f4_discovery_lcd.o(.text)
    LCD_PolyLine                             0x080043c1   Thumb Code    40  stm32f4_discovery_lcd.o(.text)
    LCD_ClosedPolyLine                       0x08004449   Thumb Code    34  stm32f4_discovery_lcd.o(.text)
    LCD_PolyLineRelative                     0x0800446b   Thumb Code     4  stm32f4_discovery_lcd.o(.text)
    LCD_ClosedPolyLineRelative               0x0800446f   Thumb Code     4  stm32f4_discovery_lcd.o(.text)
    LCD_FillPolyLine                         0x08004473   Thumb Code   464  stm32f4_discovery_lcd.o(.text)
    LIS302DL_Write                           0x080046ab   Thumb Code    64  stm32f4_discovery_lis302dl.o(.text)
    LIS302DL_Init                            0x080047ff   Thumb Code    44  stm32f4_discovery_lis302dl.o(.text)
    LIS302DL_Read                            0x0800482b   Thumb Code    70  stm32f4_discovery_lis302dl.o(.text)
    LIS302DL_FilterConfig                    0x08004871   Thumb Code    54  stm32f4_discovery_lis302dl.o(.text)
    LIS302DL_InterruptConfig                 0x080048a7   Thumb Code    42  stm32f4_discovery_lis302dl.o(.text)
    LIS302DL_LowpowerCmd                     0x080048d1   Thumb Code    38  stm32f4_discovery_lis302dl.o(.text)
    LIS302DL_DataRateCmd                     0x080048f7   Thumb Code    38  stm32f4_discovery_lis302dl.o(.text)
    LIS302DL_FullScaleCmd                    0x0800491d   Thumb Code    38  stm32f4_discovery_lis302dl.o(.text)
    LIS302DL_RebootCmd                       0x08004943   Thumb Code    34  stm32f4_discovery_lis302dl.o(.text)
    LIS302DL_ReadACC                         0x08004965   Thumb Code    94  stm32f4_discovery_lis302dl.o(.text)
    USART_DeInit                             0x080049d5   Thumb Code   168  stm32f4xx_usart.o(.text)
    USART_Init                               0x08004a7d   Thumb Code   180  stm32f4xx_usart.o(.text)
    USART_StructInit                         0x08004b31   Thumb Code    22  stm32f4xx_usart.o(.text)
    USART_ClockInit                          0x08004b47   Thumb Code    28  stm32f4xx_usart.o(.text)
    USART_ClockStructInit                    0x08004b63   Thumb Code    12  stm32f4xx_usart.o(.text)
    USART_Cmd                                0x08004b6f   Thumb Code    24  stm32f4xx_usart.o(.text)
    USART_SetPrescaler                       0x08004b87   Thumb Code    16  stm32f4xx_usart.o(.text)
    USART_OverSampling8Cmd                   0x08004b97   Thumb Code    24  stm32f4xx_usart.o(.text)
    USART_OneBitMethodCmd                    0x08004baf   Thumb Code    24  stm32f4xx_usart.o(.text)
    USART_SendData                           0x08004bc7   Thumb Code     8  stm32f4xx_usart.o(.text)
    USART_ReceiveData                        0x08004bcf   Thumb Code     8  stm32f4xx_usart.o(.text)
    USART_SetAddress                         0x08004bd7   Thumb Code    16  stm32f4xx_usart.o(.text)
    USART_ReceiverWakeUpCmd                  0x08004be7   Thumb Code    24  stm32f4xx_usart.o(.text)
    USART_WakeUpConfig                       0x08004bff   Thumb Code    16  stm32f4xx_usart.o(.text)
    USART_LINBreakDetectLengthConfig         0x08004c0f   Thumb Code    16  stm32f4xx_usart.o(.text)
    USART_LINCmd                             0x08004c1f   Thumb Code    24  stm32f4xx_usart.o(.text)
    USART_SendBreak                          0x08004c37   Thumb Code    10  stm32f4xx_usart.o(.text)
    USART_HalfDuplexCmd                      0x08004c41   Thumb Code    24  stm32f4xx_usart.o(.text)
    USART_SetGuardTime                       0x08004c59   Thumb Code    16  stm32f4xx_usart.o(.text)
    USART_SmartCardCmd                       0x08004c69   Thumb Code    24  stm32f4xx_usart.o(.text)
    USART_SmartCardNACKCmd                   0x08004c81   Thumb Code    24  stm32f4xx_usart.o(.text)
    USART_IrDAConfig                         0x08004c99   Thumb Code    16  stm32f4xx_usart.o(.text)
    USART_IrDACmd                            0x08004ca9   Thumb Code    24  stm32f4xx_usart.o(.text)
    USART_DMACmd                             0x08004cc1   Thumb Code    20  stm32f4xx_usart.o(.text)
    USART_ITConfig                           0x08004cd5   Thumb Code    54  stm32f4xx_usart.o(.text)
    USART_GetFlagStatus                      0x08004d0b   Thumb Code    14  stm32f4xx_usart.o(.text)
    USART_ClearFlag                          0x08004d19   Thumb Code     8  stm32f4xx_usart.o(.text)
    USART_GetITStatus                        0x08004d21   Thumb Code    64  stm32f4xx_usart.o(.text)
    USART_ClearITPendingBit                  0x08004d61   Thumb Code    16  stm32f4xx_usart.o(.text)
    NVIC_PriorityGroupConfig                 0x08004d89   Thumb Code    10  misc.o(.text)
    NVIC_Init                                0x08004d93   Thumb Code    94  misc.o(.text)
    NVIC_SetVectorTable                      0x08004df1   Thumb Code    14  misc.o(.text)
    NVIC_SystemLPConfig                      0x08004dff   Thumb Code    24  misc.o(.text)
    SysTick_CLKSourceConfig                  0x08004e17   Thumb Code    28  misc.o(.text)
    DCMI_DeInit                              0x08004e45   Thumb Code    22  stm32f4xx_dcmi.o(.text)
    DCMI_Init                                0x08004e5b   Thumb Code    54  stm32f4xx_dcmi.o(.text)
    DCMI_StructInit                          0x08004e91   Thumb Code    18  stm32f4xx_dcmi.o(.text)
    DCMI_CROPConfig                          0x08004ea3   Thumb Code    24  stm32f4xx_dcmi.o(.text)
    DCMI_CROPCmd                             0x08004ebb   Thumb Code    26  stm32f4xx_dcmi.o(.text)
    DCMI_SetEmbeddedSynchroCodes             0x08004ed5   Thumb Code    26  stm32f4xx_dcmi.o(.text)
    DCMI_JPEGCmd                             0x08004eef   Thumb Code    26  stm32f4xx_dcmi.o(.text)
    DCMI_Cmd                                 0x08004f09   Thumb Code    26  stm32f4xx_dcmi.o(.text)
    DCMI_CaptureCmd                          0x08004f23   Thumb Code    26  stm32f4xx_dcmi.o(.text)
    DCMI_ReadData                            0x08004f3d   Thumb Code     6  stm32f4xx_dcmi.o(.text)
    DCMI_ITConfig                            0x08004f43   Thumb Code    26  stm32f4xx_dcmi.o(.text)
    DCMI_GetFlagStatus                       0x08004f5d   Thumb Code    34  stm32f4xx_dcmi.o(.text)
    DCMI_ClearFlag                           0x08004f7f   Thumb Code     6  stm32f4xx_dcmi.o(.text)
    DCMI_GetITStatus                         0x08004f85   Thumb Code    18  stm32f4xx_dcmi.o(.text)
    DCMI_ClearITPendingBit                   0x08004f97   Thumb Code     6  stm32f4xx_dcmi.o(.text)
    DMA_DeInit                               0x08004fa1   Thumb Code   278  stm32f4xx_dma.o(.text)
    DMA_Init                                 0x080050b7   Thumb Code    80  stm32f4xx_dma.o(.text)
    DMA_StructInit                           0x08005107   Thumb Code    34  stm32f4xx_dma.o(.text)
    DMA_Cmd                                  0x08005129   Thumb Code    24  stm32f4xx_dma.o(.text)
    DMA_PeriphIncOffsetSizeConfig            0x08005141   Thumb Code    24  stm32f4xx_dma.o(.text)
    DMA_FlowControllerConfig                 0x08005159   Thumb Code    24  stm32f4xx_dma.o(.text)
    DMA_SetCurrDataCounter                   0x08005171   Thumb Code     4  stm32f4xx_dma.o(.text)
    DMA_GetCurrDataCounter                   0x08005175   Thumb Code     6  stm32f4xx_dma.o(.text)
    DMA_DoubleBufferModeConfig               0x0800517b   Thumb Code    26  stm32f4xx_dma.o(.text)
    DMA_DoubleBufferModeCmd                  0x08005195   Thumb Code    24  stm32f4xx_dma.o(.text)
    DMA_MemoryTargetConfig                   0x080051ad   Thumb Code    12  stm32f4xx_dma.o(.text)
    DMA_GetCurrentMemoryTarget               0x080051b9   Thumb Code    16  stm32f4xx_dma.o(.text)
    DMA_GetCmdStatus                         0x080051c9   Thumb Code    14  stm32f4xx_dma.o(.text)
    DMA_GetFIFOStatus                        0x080051d7   Thumb Code     8  stm32f4xx_dma.o(.text)
    DMA_GetFlagStatus                        0x080051df   Thumb Code    42  stm32f4xx_dma.o(.text)
    DMA_ClearFlag                            0x08005209   Thumb Code    34  stm32f4xx_dma.o(.text)
    DMA_ITConfig                             0x0800522b   Thumb Code    52  stm32f4xx_dma.o(.text)
    DMA_GetITStatus                          0x0800525f   Thumb Code    70  stm32f4xx_dma.o(.text)
    DMA_ClearITPendingBit                    0x080052a5   Thumb Code    34  stm32f4xx_dma.o(.text)
    EXTI_DeInit                              0x080052e9   Thumb Code    28  stm32f4xx_exti.o(.text)
    EXTI_Init                                0x08005305   Thumb Code   110  stm32f4xx_exti.o(.text)
    EXTI_StructInit                          0x08005373   Thumb Code    14  stm32f4xx_exti.o(.text)
    EXTI_GenerateSWInterrupt                 0x08005381   Thumb Code    12  stm32f4xx_exti.o(.text)
    EXTI_GetFlagStatus                       0x0800538d   Thumb Code    18  stm32f4xx_exti.o(.text)
    EXTI_ClearFlag                           0x0800539f   Thumb Code     8  stm32f4xx_exti.o(.text)
    EXTI_GetITStatus                         0x080053a7   Thumb Code    28  stm32f4xx_exti.o(.text)
    EXTI_ClearITPendingBit                   0x080053c3   Thumb Code     8  stm32f4xx_exti.o(.text)
    FSMC_NORSRAMDeInit                       0x080053d5   Thumb Code    42  stm32f4xx_fsmc.o(.text)
    FSMC_NORSRAMInit                         0x080053ff   Thumb Code   192  stm32f4xx_fsmc.o(.text)
    FSMC_NORSRAMStructInit                   0x080054bf   Thumb Code    98  stm32f4xx_fsmc.o(.text)
    FSMC_NORSRAMCmd                          0x08005521   Thumb Code    32  stm32f4xx_fsmc.o(.text)
    FSMC_NANDDeInit                          0x08005541   Thumb Code    40  stm32f4xx_fsmc.o(.text)
    FSMC_NANDInit                            0x08005569   Thumb Code   104  stm32f4xx_fsmc.o(.text)
    FSMC_NANDStructInit                      0x080055d1   Thumb Code    54  stm32f4xx_fsmc.o(.text)
    FSMC_NANDCmd                             0x08005607   Thumb Code    60  stm32f4xx_fsmc.o(.text)
    FSMC_NANDECCCmd                          0x08005643   Thumb Code    60  stm32f4xx_fsmc.o(.text)
    FSMC_GetECC                              0x0800567f   Thumb Code    18  stm32f4xx_fsmc.o(.text)
    FSMC_PCCARDDeInit                        0x08005691   Thumb Code    22  stm32f4xx_fsmc.o(.text)
    FSMC_PCCARDInit                          0x080056a7   Thumb Code   110  stm32f4xx_fsmc.o(.text)
    FSMC_PCCARDStructInit                    0x08005715   Thumb Code    60  stm32f4xx_fsmc.o(.text)
    FSMC_PCCARDCmd                           0x08005751   Thumb Code    34  stm32f4xx_fsmc.o(.text)
    FSMC_ITConfig                            0x08005773   Thumb Code    86  stm32f4xx_fsmc.o(.text)
    FSMC_GetFlagStatus                       0x080057c9   Thumb Code    40  stm32f4xx_fsmc.o(.text)
    FSMC_ClearFlag                           0x080057f1   Thumb Code    42  stm32f4xx_fsmc.o(.text)
    FSMC_GetITStatus                         0x0800581b   Thumb Code    52  stm32f4xx_fsmc.o(.text)
    FSMC_ClearITPendingBit                   0x0800584f   Thumb Code    48  stm32f4xx_fsmc.o(.text)
    GPIO_DeInit                              0x08005889   Thumb Code   240  stm32f4xx_gpio.o(.text)
    GPIO_Init                                0x08005979   Thumb Code   124  stm32f4xx_gpio.o(.text)
    GPIO_StructInit                          0x080059f5   Thumb Code    18  stm32f4xx_gpio.o(.text)
    GPIO_PinLockConfig                       0x08005a07   Thumb Code    26  stm32f4xx_gpio.o(.text)
    GPIO_ReadInputDataBit                    0x08005a21   Thumb Code    14  stm32f4xx_gpio.o(.text)
    GPIO_ReadInputData                       0x08005a2f   Thumb Code     6  stm32f4xx_gpio.o(.text)
    GPIO_ReadOutputDataBit                   0x08005a35   Thumb Code    14  stm32f4xx_gpio.o(.text)
    GPIO_ReadOutputData                      0x08005a43   Thumb Code     6  stm32f4xx_gpio.o(.text)
    GPIO_SetBits                             0x08005a49   Thumb Code     4  stm32f4xx_gpio.o(.text)
    GPIO_ResetBits                           0x08005a4d   Thumb Code     4  stm32f4xx_gpio.o(.text)
    GPIO_WriteBit                            0x08005a51   Thumb Code    12  stm32f4xx_gpio.o(.text)
    GPIO_Write                               0x08005a5d   Thumb Code     4  stm32f4xx_gpio.o(.text)
    GPIO_ToggleBits                          0x08005a61   Thumb Code     8  stm32f4xx_gpio.o(.text)
    GPIO_PinAFConfig                         0x08005a69   Thumb Code    32  stm32f4xx_gpio.o(.text)
    RCC_DeInit                               0x08005aad   Thumb Code    48  stm32f4xx_rcc.o(.text)
    RCC_HSEConfig                            0x08005add   Thumb Code    12  stm32f4xx_rcc.o(.text)
    RCC_GetFlagStatus                        0x08005ae9   Thumb Code    50  stm32f4xx_rcc.o(.text)
    RCC_WaitForHSEStartUp                    0x08005b1b   Thumb Code    48  stm32f4xx_rcc.o(.text)
    RCC_AdjustHSICalibrationValue            0x08005b4b   Thumb Code    16  stm32f4xx_rcc.o(.text)
    RCC_HSICmd                               0x08005b5b   Thumb Code     6  stm32f4xx_rcc.o(.text)
    RCC_LSEConfig                            0x08005b61   Thumb Code    30  stm32f4xx_rcc.o(.text)
    RCC_LSICmd                               0x08005b7f   Thumb Code     6  stm32f4xx_rcc.o(.text)
    RCC_PLLConfig                            0x08005b85   Thumb Code    34  stm32f4xx_rcc.o(.text)
    RCC_PLLCmd                               0x08005ba7   Thumb Code     6  stm32f4xx_rcc.o(.text)
    RCC_PLLI2SConfig                         0x08005bad   Thumb Code    14  stm32f4xx_rcc.o(.text)
    RCC_PLLI2SCmd                            0x08005bbb   Thumb Code     6  stm32f4xx_rcc.o(.text)
    RCC_ClockSecuritySystemCmd               0x08005bc1   Thumb Code     6  stm32f4xx_rcc.o(.text)
    RCC_MCO1Config                           0x08005bc7   Thumb Code    18  stm32f4xx_rcc.o(.text)
    RCC_MCO2Config                           0x08005bd9   Thumb Code    18  stm32f4xx_rcc.o(.text)
    RCC_SYSCLKConfig                         0x08005beb   Thumb Code    16  stm32f4xx_rcc.o(.text)
    RCC_GetSYSCLKSource                      0x08005bfb   Thumb Code    12  stm32f4xx_rcc.o(.text)
    RCC_HCLKConfig                           0x08005c07   Thumb Code    16  stm32f4xx_rcc.o(.text)
    RCC_PCLK1Config                          0x08005c17   Thumb Code    16  stm32f4xx_rcc.o(.text)
    RCC_PCLK2Config                          0x08005c27   Thumb Code    18  stm32f4xx_rcc.o(.text)
    RCC_GetClocksFreq                        0x08005c39   Thumb Code   150  stm32f4xx_rcc.o(.text)
    RCC_RTCCLKConfig                         0x08005ccf   Thumb Code    42  stm32f4xx_rcc.o(.text)
    RCC_RTCCLKCmd                            0x08005cf9   Thumb Code     8  stm32f4xx_rcc.o(.text)
    RCC_BackupResetCmd                       0x08005d01   Thumb Code     8  stm32f4xx_rcc.o(.text)
    RCC_I2SCLKConfig                         0x08005d09   Thumb Code     6  stm32f4xx_rcc.o(.text)
    RCC_AHB1PeriphClockCmd                   0x08005d0f   Thumb Code    24  stm32f4xx_rcc.o(.text)
    RCC_AHB2PeriphClockCmd                   0x08005d27   Thumb Code    24  stm32f4xx_rcc.o(.text)
    RCC_AHB3PeriphClockCmd                   0x08005d3f   Thumb Code    24  stm32f4xx_rcc.o(.text)
    RCC_APB1PeriphClockCmd                   0x08005d57   Thumb Code    24  stm32f4xx_rcc.o(.text)
    RCC_APB2PeriphClockCmd                   0x08005d6f   Thumb Code    24  stm32f4xx_rcc.o(.text)
    RCC_AHB1PeriphResetCmd                   0x08005d87   Thumb Code    24  stm32f4xx_rcc.o(.text)
    RCC_AHB2PeriphResetCmd                   0x08005d9f   Thumb Code    24  stm32f4xx_rcc.o(.text)
    RCC_AHB3PeriphResetCmd                   0x08005db7   Thumb Code    24  stm32f4xx_rcc.o(.text)
    RCC_APB1PeriphResetCmd                   0x08005dcf   Thumb Code    24  stm32f4xx_rcc.o(.text)
    RCC_APB2PeriphResetCmd                   0x08005de7   Thumb Code    24  stm32f4xx_rcc.o(.text)
    RCC_AHB1PeriphClockLPModeCmd             0x08005dff   Thumb Code    24  stm32f4xx_rcc.o(.text)
    RCC_AHB2PeriphClockLPModeCmd             0x08005e17   Thumb Code    24  stm32f4xx_rcc.o(.text)
    RCC_AHB3PeriphClockLPModeCmd             0x08005e2f   Thumb Code    24  stm32f4xx_rcc.o(.text)
    RCC_APB1PeriphClockLPModeCmd             0x08005e47   Thumb Code    24  stm32f4xx_rcc.o(.text)
    RCC_APB2PeriphClockLPModeCmd             0x08005e5f   Thumb Code    24  stm32f4xx_rcc.o(.text)
    RCC_ITConfig                             0x08005e77   Thumb Code    62  stm32f4xx_rcc.o(.text)
    RCC_ClearFlag                            0x08005eb5   Thumb Code    12  stm32f4xx_rcc.o(.text)
    RCC_GetITStatus                          0x08005ec1   Thumb Code    18  stm32f4xx_rcc.o(.text)
    RCC_ClearITPendingBit                    0x08005ed3   Thumb Code     8  stm32f4xx_rcc.o(.text)
    SDIO_DeInit                              0x08005ee1   Thumb Code    24  stm32f4xx_sdio.o(.text)
    SDIO_Init                                0x08005ef9   Thumb Code    40  stm32f4xx_sdio.o(.text)
    SDIO_StructInit                          0x08005f21   Thumb Code    16  stm32f4xx_sdio.o(.text)
    SDIO_ClockCmd                            0x08005f31   Thumb Code     6  stm32f4xx_sdio.o(.text)
    SDIO_SetPowerState                       0x08005f37   Thumb Code     8  stm32f4xx_sdio.o(.text)
    SDIO_GetPowerState                       0x08005f3f   Thumb Code    12  stm32f4xx_sdio.o(.text)
    SDIO_SendCommand                         0x08005f4b   Thumb Code    38  stm32f4xx_sdio.o(.text)
    SDIO_CmdStructInit                       0x08005f71   Thumb Code    14  stm32f4xx_sdio.o(.text)
    SDIO_GetCommandResponse                  0x08005f7f   Thumb Code    10  stm32f4xx_sdio.o(.text)
    SDIO_GetResponse                         0x08005f89   Thumb Code    16  stm32f4xx_sdio.o(.text)
    SDIO_DataConfig                          0x08005f99   Thumb Code    44  stm32f4xx_sdio.o(.text)
    SDIO_DataStructInit                      0x08005fc5   Thumb Code    20  stm32f4xx_sdio.o(.text)
    SDIO_GetDataCounter                      0x08005fd9   Thumb Code     8  stm32f4xx_sdio.o(.text)
    SDIO_ReadData                            0x08005fe1   Thumb Code     8  stm32f4xx_sdio.o(.text)
    SDIO_WriteData                           0x08005fe9   Thumb Code     8  stm32f4xx_sdio.o(.text)
    SDIO_GetFIFOCount                        0x08005ff1   Thumb Code     8  stm32f4xx_sdio.o(.text)
    SDIO_StartSDIOReadWait                   0x08005ff9   Thumb Code     6  stm32f4xx_sdio.o(.text)
    SDIO_StopSDIOReadWait                    0x08005fff   Thumb Code     8  stm32f4xx_sdio.o(.text)
    SDIO_SetSDIOReadWaitMode                 0x08006007   Thumb Code     8  stm32f4xx_sdio.o(.text)
    SDIO_SetSDIOOperation                    0x0800600f   Thumb Code     8  stm32f4xx_sdio.o(.text)
    SDIO_SendSDIOSuspendCmd                  0x08006017   Thumb Code     6  stm32f4xx_sdio.o(.text)
    SDIO_CommandCompletionCmd                0x0800601d   Thumb Code     6  stm32f4xx_sdio.o(.text)
    SDIO_CEATAITCmd                          0x08006023   Thumb Code    10  stm32f4xx_sdio.o(.text)
    SDIO_SendCEATACmd                        0x0800602d   Thumb Code     6  stm32f4xx_sdio.o(.text)
    SDIO_DMACmd                              0x08006033   Thumb Code     8  stm32f4xx_sdio.o(.text)
    SDIO_ITConfig                            0x0800603b   Thumb Code    24  stm32f4xx_sdio.o(.text)
    SDIO_GetFlagStatus                       0x08006053   Thumb Code    18  stm32f4xx_sdio.o(.text)
    SDIO_ClearFlag                           0x08006065   Thumb Code     8  stm32f4xx_sdio.o(.text)
    SDIO_GetITStatus                         0x0800606d   Thumb Code    18  stm32f4xx_sdio.o(.text)
    SDIO_ClearITPendingBit                   0x0800607f   Thumb Code     8  stm32f4xx_sdio.o(.text)
    SPI_I2S_DeInit                           0x080060a5   Thumb Code    88  stm32f4xx_spi.o(.text)
    SPI_Init                                 0x080060fd   Thumb Code    56  stm32f4xx_spi.o(.text)
    I2S_Init                                 0x08006135   Thumb Code   206  stm32f4xx_spi.o(.text)
    SPI_StructInit                           0x08006203   Thumb Code    24  stm32f4xx_spi.o(.text)
    I2S_StructInit                           0x0800621b   Thumb Code    18  stm32f4xx_spi.o(.text)
    SPI_Cmd                                  0x0800622d   Thumb Code    24  stm32f4xx_spi.o(.text)
    I2S_Cmd                                  0x08006245   Thumb Code    24  stm32f4xx_spi.o(.text)
    SPI_DataSizeConfig                       0x0800625d   Thumb Code    16  stm32f4xx_spi.o(.text)
    SPI_BiDirectionalLineConfig              0x0800626d   Thumb Code    26  stm32f4xx_spi.o(.text)
    SPI_NSSInternalSoftwareConfig            0x08006287   Thumb Code    28  stm32f4xx_spi.o(.text)
    SPI_SSOutputCmd                          0x080062a3   Thumb Code    24  stm32f4xx_spi.o(.text)
    SPI_TIModeCmd                            0x080062bb   Thumb Code    24  stm32f4xx_spi.o(.text)
    I2S_FullDuplexConfig                     0x080062d3   Thumb Code    58  stm32f4xx_spi.o(.text)
    SPI_I2S_ReceiveData                      0x0800630d   Thumb Code     4  stm32f4xx_spi.o(.text)
    SPI_I2S_SendData                         0x08006311   Thumb Code     4  stm32f4xx_spi.o(.text)
    SPI_CalculateCRC                         0x08006315   Thumb Code    24  stm32f4xx_spi.o(.text)
    SPI_TransmitCRC                          0x0800632d   Thumb Code    10  stm32f4xx_spi.o(.text)
    SPI_GetCRC                               0x08006337   Thumb Code    12  stm32f4xx_spi.o(.text)
    SPI_GetCRCPolynomial                     0x08006343   Thumb Code     4  stm32f4xx_spi.o(.text)
    SPI_I2S_DMACmd                           0x08006347   Thumb Code    20  stm32f4xx_spi.o(.text)
    SPI_I2S_ITConfig                         0x0800635b   Thumb Code    28  stm32f4xx_spi.o(.text)
    SPI_I2S_GetFlagStatus                    0x08006377   Thumb Code    14  stm32f4xx_spi.o(.text)
    SPI_I2S_ClearFlag                        0x08006385   Thumb Code     6  stm32f4xx_spi.o(.text)
    SPI_I2S_GetITStatus                      0x0800638b   Thumb Code    44  stm32f4xx_spi.o(.text)
    SPI_I2S_ClearITPendingBit                0x080063b7   Thumb Code    14  stm32f4xx_spi.o(.text)
    SYSCFG_DeInit                            0x080063d9   Thumb Code    24  stm32f4xx_syscfg.o(.text)
    SYSCFG_MemoryRemapConfig                 0x080063f1   Thumb Code     6  stm32f4xx_syscfg.o(.text)
    SYSCFG_EXTILineConfig                    0x080063f7   Thumb Code    36  stm32f4xx_syscfg.o(.text)
    SYSCFG_ETH_MediaInterfaceConfig          0x0800641b   Thumb Code     6  stm32f4xx_syscfg.o(.text)
    SYSCFG_CompensationCellCmd               0x08006421   Thumb Code     6  stm32f4xx_syscfg.o(.text)
    SYSCFG_GetCompensationCellStatus         0x08006427   Thumb Code    18  stm32f4xx_syscfg.o(.text)
    I2C_DeInit                               0x08006445   Thumb Code    88  stm32f4xx_i2c.o(.text)
    I2C_Init                                 0x0800649d   Thumb Code   176  stm32f4xx_i2c.o(.text)
    I2C_StructInit                           0x0800654d   Thumb Code    28  stm32f4xx_i2c.o(.text)
    I2C_Cmd                                  0x08006569   Thumb Code    24  stm32f4xx_i2c.o(.text)
    I2C_GenerateSTART                        0x08006581   Thumb Code    24  stm32f4xx_i2c.o(.text)
    I2C_GenerateSTOP                         0x08006599   Thumb Code    24  stm32f4xx_i2c.o(.text)
    I2C_Send7bitAddress                      0x080065b1   Thumb Code    18  stm32f4xx_i2c.o(.text)
    I2C_AcknowledgeConfig                    0x080065c3   Thumb Code    24  stm32f4xx_i2c.o(.text)
    I2C_OwnAddress2Config                    0x080065db   Thumb Code    16  stm32f4xx_i2c.o(.text)
    I2C_DualAddressCmd                       0x080065eb   Thumb Code    24  stm32f4xx_i2c.o(.text)
    I2C_GeneralCallCmd                       0x08006603   Thumb Code    24  stm32f4xx_i2c.o(.text)
    I2C_SoftwareResetCmd                     0x0800661b   Thumb Code    24  stm32f4xx_i2c.o(.text)
    I2C_StretchClockCmd                      0x08006633   Thumb Code    24  stm32f4xx_i2c.o(.text)
    I2C_FastModeDutyCycleConfig              0x0800664b   Thumb Code    26  stm32f4xx_i2c.o(.text)
    I2C_NACKPositionConfig                   0x08006665   Thumb Code    26  stm32f4xx_i2c.o(.text)
    I2C_SMBusAlertConfig                     0x0800667f   Thumb Code    26  stm32f4xx_i2c.o(.text)
    I2C_ARPCmd                               0x08006699   Thumb Code    24  stm32f4xx_i2c.o(.text)
    I2C_SendData                             0x080066b1   Thumb Code     4  stm32f4xx_i2c.o(.text)
    I2C_ReceiveData                          0x080066b5   Thumb Code     6  stm32f4xx_i2c.o(.text)
    I2C_TransmitPEC                          0x080066bb   Thumb Code    24  stm32f4xx_i2c.o(.text)
    I2C_PECPositionConfig                    0x080066d3   Thumb Code    26  stm32f4xx_i2c.o(.text)
    I2C_CalculatePEC                         0x080066ed   Thumb Code    24  stm32f4xx_i2c.o(.text)
    I2C_GetPEC                               0x08006705   Thumb Code     6  stm32f4xx_i2c.o(.text)
    I2C_DMACmd                               0x0800670b   Thumb Code    24  stm32f4xx_i2c.o(.text)
    I2C_DMALastTransferCmd                   0x08006723   Thumb Code    24  stm32f4xx_i2c.o(.text)
    I2C_ReadRegister                         0x0800673b   Thumb Code    16  stm32f4xx_i2c.o(.text)
    I2C_ITConfig                             0x0800674b   Thumb Code    20  stm32f4xx_i2c.o(.text)
    I2C_CheckEvent                           0x0800675f   Thumb Code    24  stm32f4xx_i2c.o(.text)
    I2C_GetLastEvent                         0x08006777   Thumb Code    14  stm32f4xx_i2c.o(.text)
    I2C_GetFlagStatus                        0x08006785   Thumb Code    50  stm32f4xx_i2c.o(.text)
    I2C_ClearFlag                            0x080067b7   Thumb Code     6  stm32f4xx_i2c.o(.text)
    I2C_GetITStatus                          0x080067bd   Thumb Code    34  stm32f4xx_i2c.o(.text)
    I2C_ClearITPendingBit                    0x080067df   Thumb Code     6  stm32f4xx_i2c.o(.text)
    clust2sect                               0x08006967   Thumb Code    24  ff.o(.text)
    get_fat                                  0x0800697f   Thumb Code   200  ff.o(.text)
    put_fat                                  0x08006a47   Thumb Code   246  ff.o(.text)
    f_mount                                  0x080074a3   Thumb Code    30  ff.o(.text)
    f_open                                   0x080074c1   Thumb Code   354  ff.o(.text)
    f_read                                   0x08007623   Thumb Code   378  ff.o(.text)
    f_write                                  0x0800779d   Thumb Code   454  ff.o(.text)
    f_sync                                   0x08007963   Thumb Code   164  ff.o(.text)
    f_close                                  0x08007a07   Thumb Code    20  ff.o(.text)
    f_lseek                                  0x08007a1b   Thumb Code   378  ff.o(.text)
    f_opendir                                0x08007b95   Thumb Code    96  ff.o(.text)
    f_readdir                                0x08007bf5   Thumb Code    82  ff.o(.text)
    f_stat                                   0x08007c47   Thumb Code    58  ff.o(.text)
    f_getfree                                0x08007c81   Thumb Code   224  ff.o(.text)
    f_truncate                               0x08007d61   Thumb Code   142  ff.o(.text)
    f_unlink                                 0x08007def   Thumb Code   164  ff.o(.text)
    f_mkdir                                  0x08007e93   Thumb Code   386  ff.o(.text)
    f_chmod                                  0x08008015   Thumb Code    74  ff.o(.text)
    f_utime                                  0x0800805f   Thumb Code    80  ff.o(.text)
    f_rename                                 0x080080af   Thumb Code   276  ff.o(.text)
    disk_initialize                          0x080081c5   Thumb Code    44  diskio.o(.text)
    disk_status                              0x080081f1   Thumb Code    12  diskio.o(.text)
    disk_read                                0x080081fd   Thumb Code    38  diskio.o(.text)
    disk_write                               0x08008223   Thumb Code    38  diskio.o(.text)
    get_fattime                              0x08008249   Thumb Code     4  diskio.o(.text)
    disk_ioctl                               0x0800824d   Thumb Code    36  diskio.o(.text)
    Reset_Handler                            0x08008275   Thumb Code     8  startup_stm32f4xx.o(.text)
    ADC_IRQHandler                           0x0800828f   Thumb Code     0  startup_stm32f4xx.o(.text)
    CAN1_RX0_IRQHandler                      0x0800828f   Thumb Code     0  startup_stm32f4xx.o(.text)
    CAN1_RX1_IRQHandler                      0x0800828f   Thumb Code     0  startup_stm32f4xx.o(.text)
    CAN1_SCE_IRQHandler                      0x0800828f   Thumb Code     0  startup_stm32f4xx.o(.text)
    CAN1_TX_IRQHandler                       0x0800828f   Thumb Code     0  startup_stm32f4xx.o(.text)
    CAN2_RX0_IRQHandler                      0x0800828f   Thumb Code     0  startup_stm32f4xx.o(.text)
    CAN2_RX1_IRQHandler                      0x0800828f   Thumb Code     0  startup_stm32f4xx.o(.text)
    CAN2_SCE_IRQHandler                      0x0800828f   Thumb Code     0  startup_stm32f4xx.o(.text)
    CAN2_TX_IRQHandler                       0x0800828f   Thumb Code     0  startup_stm32f4xx.o(.text)
    CRYP_IRQHandler                          0x0800828f   Thumb Code     0  startup_stm32f4xx.o(.text)
    DCMI_IRQHandler                          0x0800828f   Thumb Code     0  startup_stm32f4xx.o(.text)
    DMA1_Stream0_IRQHandler                  0x0800828f   Thumb Code     0  startup_stm32f4xx.o(.text)
    DMA1_Stream1_IRQHandler                  0x0800828f   Thumb Code     0  startup_stm32f4xx.o(.text)
    DMA1_Stream2_IRQHandler                  0x0800828f   Thumb Code     0  startup_stm32f4xx.o(.text)
    DMA1_Stream3_IRQHandler                  0x0800828f   Thumb Code     0  startup_stm32f4xx.o(.text)
    DMA1_Stream4_IRQHandler                  0x0800828f   Thumb Code     0  startup_stm32f4xx.o(.text)
    DMA1_Stream5_IRQHandler                  0x0800828f   Thumb Code     0  startup_stm32f4xx.o(.text)
    DMA1_Stream6_IRQHandler                  0x0800828f   Thumb Code     0  startup_stm32f4xx.o(.text)
    DMA1_Stream7_IRQHandler                  0x0800828f   Thumb Code     0  startup_stm32f4xx.o(.text)
    DMA2_Stream0_IRQHandler                  0x0800828f   Thumb Code     0  startup_stm32f4xx.o(.text)
    DMA2_Stream1_IRQHandler                  0x0800828f   Thumb Code     0  startup_stm32f4xx.o(.text)
    DMA2_Stream2_IRQHandler                  0x0800828f   Thumb Code     0  startup_stm32f4xx.o(.text)
    DMA2_Stream4_IRQHandler                  0x0800828f   Thumb Code     0  startup_stm32f4xx.o(.text)
    DMA2_Stream5_IRQHandler                  0x0800828f   Thumb Code     0  startup_stm32f4xx.o(.text)
    DMA2_Stream6_IRQHandler                  0x0800828f   Thumb Code     0  startup_stm32f4xx.o(.text)
    DMA2_Stream7_IRQHandler                  0x0800828f   Thumb Code     0  startup_stm32f4xx.o(.text)
    ETH_IRQHandler                           0x0800828f   Thumb Code     0  startup_stm32f4xx.o(.text)
    ETH_WKUP_IRQHandler                      0x0800828f   Thumb Code     0  startup_stm32f4xx.o(.text)
    EXTI15_10_IRQHandler                     0x0800828f   Thumb Code     0  startup_stm32f4xx.o(.text)
    EXTI1_IRQHandler                         0x0800828f   Thumb Code     0  startup_stm32f4xx.o(.text)
    EXTI2_IRQHandler                         0x0800828f   Thumb Code     0  startup_stm32f4xx.o(.text)
    EXTI3_IRQHandler                         0x0800828f   Thumb Code     0  startup_stm32f4xx.o(.text)
    EXTI4_IRQHandler                         0x0800828f   Thumb Code     0  startup_stm32f4xx.o(.text)
    EXTI9_5_IRQHandler                       0x0800828f   Thumb Code     0  startup_stm32f4xx.o(.text)
    FLASH_IRQHandler                         0x0800828f   Thumb Code     0  startup_stm32f4xx.o(.text)
    FPU_IRQHandler                           0x0800828f   Thumb Code     0  startup_stm32f4xx.o(.text)
    FSMC_IRQHandler                          0x0800828f   Thumb Code     0  startup_stm32f4xx.o(.text)
    HASH_RNG_IRQHandler                      0x0800828f   Thumb Code     0  startup_stm32f4xx.o(.text)
    I2C1_ER_IRQHandler                       0x0800828f   Thumb Code     0  startup_stm32f4xx.o(.text)
    I2C1_EV_IRQHandler                       0x0800828f   Thumb Code     0  startup_stm32f4xx.o(.text)
    I2C2_ER_IRQHandler                       0x0800828f   Thumb Code     0  startup_stm32f4xx.o(.text)
    I2C2_EV_IRQHandler                       0x0800828f   Thumb Code     0  startup_stm32f4xx.o(.text)
    I2C3_ER_IRQHandler                       0x0800828f   Thumb Code     0  startup_stm32f4xx.o(.text)
    I2C3_EV_IRQHandler                       0x0800828f   Thumb Code     0  startup_stm32f4xx.o(.text)
    OTG_FS_IRQHandler                        0x0800828f   Thumb Code     0  startup_stm32f4xx.o(.text)
    OTG_FS_WKUP_IRQHandler                   0x0800828f   Thumb Code     0  startup_stm32f4xx.o(.text)
    OTG_HS_EP1_IN_IRQHandler                 0x0800828f   Thumb Code     0  startup_stm32f4xx.o(.text)
    OTG_HS_EP1_OUT_IRQHandler                0x0800828f   Thumb Code     0  startup_stm32f4xx.o(.text)
    OTG_HS_IRQHandler                        0x0800828f   Thumb Code     0  startup_stm32f4xx.o(.text)
    OTG_HS_WKUP_IRQHandler                   0x0800828f   Thumb Code     0  startup_stm32f4xx.o(.text)
    PVD_IRQHandler                           0x0800828f   Thumb Code     0  startup_stm32f4xx.o(.text)
    RCC_IRQHandler                           0x0800828f   Thumb Code     0  startup_stm32f4xx.o(.text)
    RTC_Alarm_IRQHandler                     0x0800828f   Thumb Code     0  startup_stm32f4xx.o(.text)
    RTC_WKUP_IRQHandler                      0x0800828f   Thumb Code     0  startup_stm32f4xx.o(.text)
    SPI1_IRQHandler                          0x0800828f   Thumb Code     0  startup_stm32f4xx.o(.text)
    SPI2_IRQHandler                          0x0800828f   Thumb Code     0  startup_stm32f4xx.o(.text)
    SPI3_IRQHandler                          0x0800828f   Thumb Code     0  startup_stm32f4xx.o(.text)
    TAMP_STAMP_IRQHandler                    0x0800828f   Thumb Code     0  startup_stm32f4xx.o(.text)
    TIM1_BRK_TIM9_IRQHandler                 0x0800828f   Thumb Code     0  startup_stm32f4xx.o(.text)
    TIM1_CC_IRQHandler                       0x0800828f   Thumb Code     0  startup_stm32f4xx.o(.text)
    TIM1_TRG_COM_TIM11_IRQHandler            0x0800828f   Thumb Code     0  startup_stm32f4xx.o(.text)
    TIM1_UP_TIM10_IRQHandler                 0x0800828f   Thumb Code     0  startup_stm32f4xx.o(.text)
    TIM2_IRQHandler                          0x0800828f   Thumb Code     0  startup_stm32f4xx.o(.text)
    TIM3_IRQHandler                          0x0800828f   Thumb Code     0  startup_stm32f4xx.o(.text)
    TIM4_IRQHandler                          0x0800828f   Thumb Code     0  startup_stm32f4xx.o(.text)
    TIM5_IRQHandler                          0x0800828f   Thumb Code     0  startup_stm32f4xx.o(.text)
    TIM6_DAC_IRQHandler                      0x0800828f   Thumb Code     0  startup_stm32f4xx.o(.text)
    TIM7_IRQHandler                          0x0800828f   Thumb Code     0  startup_stm32f4xx.o(.text)
    TIM8_BRK_TIM12_IRQHandler                0x0800828f   Thumb Code     0  startup_stm32f4xx.o(.text)
    TIM8_CC_IRQHandler                       0x0800828f   Thumb Code     0  startup_stm32f4xx.o(.text)
    TIM8_TRG_COM_TIM14_IRQHandler            0x0800828f   Thumb Code     0  startup_stm32f4xx.o(.text)
    TIM8_UP_TIM13_IRQHandler                 0x0800828f   Thumb Code     0  startup_stm32f4xx.o(.text)
    UART4_IRQHandler                         0x0800828f   Thumb Code     0  startup_stm32f4xx.o(.text)
    UART5_IRQHandler                         0x0800828f   Thumb Code     0  startup_stm32f4xx.o(.text)
    USART1_IRQHandler                        0x0800828f   Thumb Code     0  startup_stm32f4xx.o(.text)
    USART2_IRQHandler                        0x0800828f   Thumb Code     0  startup_stm32f4xx.o(.text)
    USART3_IRQHandler                        0x0800828f   Thumb Code     0  startup_stm32f4xx.o(.text)
    USART6_IRQHandler                        0x0800828f   Thumb Code     0  startup_stm32f4xx.o(.text)
    WWDG_IRQHandler                          0x0800828f   Thumb Code     0  startup_stm32f4xx.o(.text)
    __aeabi_memset                           0x08008299   Thumb Code    14  memseta.o(.text)
    __aeabi_memset4                          0x08008299   Thumb Code     0  memseta.o(.text)
    __aeabi_memset8                          0x08008299   Thumb Code     0  memseta.o(.text)
    __aeabi_memclr                           0x080082a7   Thumb Code     4  memseta.o(.text)
    __aeabi_memclr4                          0x080082a7   Thumb Code     0  memseta.o(.text)
    __aeabi_memclr8                          0x080082a7   Thumb Code     0  memseta.o(.text)
    _memset$wrapper                          0x080082ab   Thumb Code    18  memseta.o(.text)
    __aeabi_i2d                              0x080082bd   Thumb Code    34  dflti.o(.text)
    __aeabi_ui2d                             0x080082df   Thumb Code    26  dfltui.o(.text)
    __aeabi_cdcmpeq                          0x080082f9   Thumb Code     0  cdcmple.o(.text)
    __aeabi_cdcmple                          0x080082f9   Thumb Code    38  cdcmple.o(.text)
    __aeabi_cdrcmple                         0x08008321   Thumb Code    38  cdrcmple.o(.text)
    __aeabi_uidiv                            0x08008349   Thumb Code     0  uidiv.o(.text)
    __aeabi_uidivmod                         0x08008349   Thumb Code    44  uidiv.o(.text)
    __I$use$fp                               0x08008375   Thumb Code     0  iusefp.o(.text)
    _double_round                            0x08008375   Thumb Code    26  depilogue.o(.text)
    _double_epilogue                         0x0800838f   Thumb Code   164  depilogue.o(.text)
    __scatterload                            0x08008435   Thumb Code    28  init.o(.text)
    __scatterload_rt2                        0x08008435   Thumb Code     0  init.o(.text)
    __aeabi_llsl                             0x08008459   Thumb Code    30  llshl.o(.text)
    _ll_shift_l                              0x08008459   Thumb Code     0  llshl.o(.text)
    __aeabi_llsr                             0x08008477   Thumb Code    32  llushr.o(.text)
    _ll_ushift_r                             0x08008477   Thumb Code     0  llushr.o(.text)
    __0sprintf$1                             0x08008499   Thumb Code    34  printf1.o(i.__0sprintf$1)
    __1sprintf$1                             0x08008499   Thumb Code     0  printf1.o(i.__0sprintf$1)
    __2sprintf                               0x08008499   Thumb Code     0  printf1.o(i.__0sprintf$1)
    __scatterload_copy                       0x080084c1   Thumb Code    14  handlers.o(i.__scatterload_copy)
    __scatterload_null                       0x080084cf   Thumb Code     2  handlers.o(i.__scatterload_null)
    __scatterload_zeroinit                   0x080084d1   Thumb Code    14  handlers.o(i.__scatterload_zeroinit)
    BUTTON_PORT_SOURCE                       0x08008640   Data           1  stm32f4_discovery.o(.constdata)
    BUTTON_PIN_SOURCE                        0x08008641   Data           1  stm32f4_discovery.o(.constdata)
    BUTTON_IRQn                              0x08008642   Data           1  stm32f4_discovery.o(.constdata)
    BUTTON_PIN                               0x08008644   Data           2  stm32f4_discovery.o(.constdata)
    BUTTON_EXTI_LINE                         0x08008646   Data           2  stm32f4_discovery.o(.constdata)
    BUTTON_CLK                               0x08008648   Data           4  stm32f4_discovery.o(.constdata)
    COM_TX_PIN                               0x0800864c   Data           4  stm32f4_discovery.o(.constdata)
    COM_RX_PIN                               0x08008650   Data           4  stm32f4_discovery.o(.constdata)
    COM_TX_PIN_SOURCE                        0x08008654   Data           4  stm32f4_discovery.o(.constdata)
    COM_RX_PIN_SOURCE                        0x08008658   Data           4  stm32f4_discovery.o(.constdata)
    COM_TX_AF                                0x0800865c   Data           4  stm32f4_discovery.o(.constdata)
    COM_RX_AF                                0x08008660   Data           4  stm32f4_discovery.o(.constdata)
    GPIO_PIN                                 0x08008664   Data           8  stm32f4_discovery.o(.constdata)
    COM_USART_CLK                            0x0800866c   Data           8  stm32f4_discovery.o(.constdata)
    COM_TX_PORT_CLK                          0x08008674   Data           8  stm32f4_discovery.o(.constdata)
    COM_RX_PORT_CLK                          0x0800867c   Data           8  stm32f4_discovery.o(.constdata)
    GPIO_CLK                                 0x08008684   Data          16  stm32f4_discovery.o(.constdata)
    ASCII16x24_Table                         0x08008694   Data        4560  stm32f4_discovery_lcd.o(.constdata)
    Region$$Table$$Base                      0x08009864   Number         0  anon$$obj.o(Region$$Table)
    Region$$Table$$Limit                     0x08009884   Number         0  anon$$obj.o(Region$$Table)
    KeyPressFlg                              0x20000000   Data           1  main.o(.data)
    capture_Flag                             0x20000001   Data           1  main.o(.data)
    TimingDelay                              0x20000004   Data           4  main.o(.data)
    EXTI_InitStructure                       0x20000008   Data           8  main.o(.data)
    SystemCoreClock                          0x20000010   Data           4  system_stm32f4xx.o(.data)
    AHBPrescTable                            0x20000014   Data          16  system_stm32f4xx.o(.data)
    pic_counter                              0x20000024   Data           4  bmp.o(.data)
    bmp_header                               0x20000028   Data          70  bmp.o(.data)
    TransferError                            0x20000070   Data           1  stm32f4_discovery_sdio_sd.o(.data)
    StopCondition                            0x2000007c   Data           4  stm32f4_discovery_sdio_sd.o(.data)
    TransferEnd                              0x20000080   Data           4  stm32f4_discovery_sdio_sd.o(.data)
    DMAEndOfTransfer                         0x20000084   Data           4  stm32f4_discovery_sdio_sd.o(.data)
    BUTTON_PORT                              0x20000088   Data           4  stm32f4_discovery.o(.data)
    COM_USART                                0x2000008c   Data           8  stm32f4_discovery.o(.data)
    COM_TX_PORT                              0x20000094   Data           8  stm32f4_discovery.o(.data)
    COM_RX_PORT                              0x2000009c   Data           8  stm32f4_discovery.o(.data)
    GPIO_PORT                                0x200000a4   Data          16  stm32f4_discovery.o(.data)
    Font16x24                                0x200000bc   Data           8  stm32f4_discovery_lcd.o(.data)
    LIS302DLTimeout                          0x200000c4   Data           4  stm32f4_discovery_lis302dl.o(.data)
    RCC_Clocks                               0x200000e0   Data          16  main.o(.bss)
    image_buf                                0x200000f0   Data        1024  bmp.o(.bss)
    filesys                                  0x200004f0   Data         560  bmp.o(.bss)
    SDCardInfo                               0x20000750   Data          80  stm32f4_discovery_sdio_sd.o(.bss)
    SDIO_InitStructure                       0x200007a0   Data          24  stm32f4_discovery_sdio_sd.o(.bss)
    SDIO_CmdInitStructure                    0x200007b8   Data          20  stm32f4_discovery_sdio_sd.o(.bss)
    SDIO_DataInitStructure                   0x200007cc   Data          24  stm32f4_discovery_sdio_sd.o(.bss)
    __initial_sp                             0x20000fe8   Data           0  startup_stm32f4xx.o(STACK)



==============================================================================

Memory Map of the image

  Image Entry point : 0x08000189

  Load Region LR_IROM1 (Base: 0x08000000, Size: 0x00009964, Max: 0x00100000, ABSOLUTE)

    Execution Region ER_IROM1 (Base: 0x08000000, Size: 0x00009884, Max: 0x00100000, ABSOLUTE)

    Base Addr    Size         Type   Attr      Idx    E Section Name        Object

    0x08000000   0x00000188   Data   RO          660    RESET               startup_stm32f4xx.o
    0x08000188   0x00000000   Code   RO          665  * .ARM.Collect$$$$00000000  mc_w.l(entry.o)
    0x08000188   0x00000004   Code   RO          939    .ARM.Collect$$$$00000001  mc_w.l(entry2.o)
    0x0800018c   0x00000004   Code   RO          942    .ARM.Collect$$$$00000004  mc_w.l(entry5.o)
    0x08000190   0x00000000   Code   RO          944    .ARM.Collect$$$$00000008  mc_w.l(entry7b.o)
    0x08000190   0x00000000   Code   RO          946    .ARM.Collect$$$$0000000A  mc_w.l(entry8b.o)
    0x08000190   0x00000008   Code   RO          947    .ARM.Collect$$$$0000000B  mc_w.l(entry9a.o)
    0x08000198   0x00000000   Code   RO          949    .ARM.Collect$$$$0000000D  mc_w.l(entry10a.o)
    0x08000198   0x00000000   Code   RO          951    .ARM.Collect$$$$0000000F  mc_w.l(entry11a.o)
    0x08000198   0x00000004   Code   RO          940    .ARM.Collect$$$$00002712  mc_w.l(entry2.o)
    0x0800019c   0x000004a0   Code   RO            3    .text               main.o
    0x0800063c   0x0000003c   Code   RO          156    .text               stm32f4xx_it.o
    0x08000678   0x00000190   Code   RO          187    .text               system_stm32f4xx.o
    0x08000808   0x000001f0   Code   RO          213    .text               bmp.o
    0x080009f8   0x0000155c   Code   RO          253    .text               dcmi_ov9655.o
    0x08001f54   0x000014a0   Code   RO          273    .text               stm32f4_discovery_sdio_sd.o
    0x080033f4   0x0000043c   Code   RO          297    .text               stm32f4_discovery.o
    0x08003830   0x00000e18   Code   RO          322    .text               stm32f4_discovery_lcd.o
    0x08004648   0x0000038c   Code   RO          358    .text               stm32f4_discovery_lis302dl.o
    0x080049d4   0x000003b4   Code   RO          381    .text               stm32f4xx_usart.o
    0x08004d88   0x000000bc   Code   RO          401    .text               misc.o
    0x08004e44   0x0000015c   Code   RO          421    .text               stm32f4xx_dcmi.o
    0x08004fa0   0x00000348   Code   RO          441    .text               stm32f4xx_dma.o
    0x080052e8   0x000000ec   Code   RO          461    .text               stm32f4xx_exti.o
    0x080053d4   0x000004b4   Code   RO          481    .text               stm32f4xx_fsmc.o
    0x08005888   0x00000224   Code   RO          501    .text               stm32f4xx_gpio.o
    0x08005aac   0x00000434   Code   RO          521    .text               stm32f4xx_rcc.o
    0x08005ee0   0x000001c4   Code   RO          543    .text               stm32f4xx_sdio.o
    0x080060a4   0x00000334   Code   RO          563    .text               stm32f4xx_spi.o
    0x080063d8   0x0000006c   Code   RO          583    .text               stm32f4xx_syscfg.o
    0x08006444   0x000003b4   Code   RO          603    .text               stm32f4xx_i2c.o
    0x080067f8   0x000019ca   Code   RO          621    .text               ff.o
    0x080081c2   0x00000002   PAD
    0x080081c4   0x000000b0   Code   RO          640    .text               diskio.o
    0x08008274   0x00000024   Code   RO          661    .text               startup_stm32f4xx.o
    0x08008298   0x00000024   Code   RO          668    .text               mc_w.l(memseta.o)
    0x080082bc   0x00000022   Code   RO          931    .text               mf_w.l(dflti.o)
    0x080082de   0x0000001a   Code   RO          933    .text               mf_w.l(dfltui.o)
    0x080082f8   0x00000028   Code   RO          935    .text               mf_w.l(cdcmple.o)
    0x08008320   0x00000028   Code   RO          937    .text               mf_w.l(cdrcmple.o)
    0x08008348   0x0000002c   Code   RO          956    .text               mc_w.l(uidiv.o)
    0x08008374   0x00000000   Code   RO          960    .text               mc_w.l(iusefp.o)
    0x08008374   0x000000be   Code   RO          961    .text               mf_w.l(depilogue.o)
    0x08008432   0x00000002   PAD
    0x08008434   0x00000024   Code   RO          971    .text               mc_w.l(init.o)
    0x08008458   0x0000001e   Code   RO          974    .text               mc_w.l(llshl.o)
    0x08008476   0x00000020   Code   RO          976    .text               mc_w.l(llushr.o)
    0x08008496   0x00000002   PAD
    0x08008498   0x00000028   Code   RO          717    i.__0sprintf$1      mc_w.l(printf1.o)
    0x080084c0   0x0000000e   Code   RO          983    i.__scatterload_copy  mc_w.l(handlers.o)
    0x080084ce   0x00000002   Code   RO          984    i.__scatterload_null  mc_w.l(handlers.o)
    0x080084d0   0x0000000e   Code   RO          985    i.__scatterload_zeroinit  mc_w.l(handlers.o)
    0x080084de   0x00000002   PAD
    0x080084e0   0x00000154   Code   RO          722    i._printf_core      mc_w.l(printf1.o)
    0x08008634   0x0000000a   Code   RO          724    i._sputc            mc_w.l(printf1.o)
    0x0800863e   0x00000002   PAD
    0x08008640   0x00000054   Data   RO          298    .constdata          stm32f4_discovery.o
    0x08008694   0x000011d0   Data   RO          323    .constdata          stm32f4_discovery_lcd.o
    0x08009864   0x00000020   Data   RO          981    Region$$Table       anon$$obj.o


    Execution Region RW_IRAM1 (Base: 0x20000000, Size: 0x00000fe8, Max: 0x00020000, ABSOLUTE)

    Base Addr    Size         Type   Attr      Idx    E Section Name        Object

    0x20000000   0x00000010   Data   RW            5    .data               main.o
    0x20000010   0x00000014   Data   RW          188    .data               system_stm32f4xx.o
    0x20000024   0x0000004a   Data   RW          215    .data               bmp.o
    0x2000006e   0x00000002   PAD
    0x20000070   0x00000018   Data   RW          275    .data               stm32f4_discovery_sdio_sd.o
    0x20000088   0x0000002c   Data   RW          299    .data               stm32f4_discovery.o
    0x200000b4   0x00000010   Data   RW          327    .data               stm32f4_discovery_lcd.o
    0x200000c4   0x00000004   Data   RW          359    .data               stm32f4_discovery_lis302dl.o
    0x200000c8   0x00000010   Data   RW          522    .data               stm32f4xx_rcc.o
    0x200000d8   0x00000008   Data   RW          622    .data               ff.o
    0x200000e0   0x00000010   Zero   RW            4    .bss                main.o
    0x200000f0   0x00000630   Zero   RW          214    .bss                bmp.o
    0x20000720   0x000000c4   Zero   RW          274    .bss                stm32f4_discovery_sdio_sd.o
    0x200007e4   0x00000004   PAD
    0x200007e8   0x00000800   Zero   RW          658    STACK               startup_stm32f4xx.o


==============================================================================

Image component sizes


      Code (inc. data)   RO Data    RW Data    ZI Data      Debug   Object Name

       496         38          0         74       1584       5853   bmp.o
      5468         30          0          0          0       6553   dcmi_ov9655.o
       176          4          0          0          0       2698   diskio.o
      6602         36          0          8          0      24196   ff.o
      1184        154          0         16         16     339099   main.o
       188         18          0          0          0       2265   misc.o
        36          8        392          0       2048        956   startup_stm32f4xx.o
      1084         30         84         44          0       5203   stm32f4_discovery.o
      3608         48       4560         16          0      14834   stm32f4_discovery_lcd.o
       908         18          0          4          0       4426   stm32f4_discovery_lis302dl.o
      5280         90          0         24        196      19612   stm32f4_discovery_sdio_sd.o
       348          4          0          0          0       3930   stm32f4xx_dcmi.o
       840         34          0          0          0       7189   stm32f4xx_dma.o
       236         10          0          0          0       2711   stm32f4xx_exti.o
      1204         10          0          0          0       6267   stm32f4xx_fsmc.o
       548         36          0          0          0       4857   stm32f4xx_gpio.o
       948         20          0          0          0       9267   stm32f4xx_i2c.o
        60          6          0          0          0       7567   stm32f4xx_it.o
      1076         44          0         16          0      12063   stm32f4xx_rcc.o
       452         30          0          0          0       7844   stm32f4xx_sdio.o
       820         20          0          0          0       7749   stm32f4xx_spi.o
       108         12          0          0          0       1831   stm32f4xx_syscfg.o
       948         24          0          0          0       8880   stm32f4xx_usart.o
       400         36          0         20          0       2043   system_stm32f4xx.o

    ----------------------------------------------------------------------
     33020        760       5068        224       3848     507893   Object Totals
         0          0         32          0          0          0   (incl. Generated)
         2          0          0          2          4          0   (incl. Padding)

    ----------------------------------------------------------------------

      Code (inc. data)   RO Data    RW Data    ZI Data      Debug   Library Member Name

         0          0          0          0          0          0   entry.o
         0          0          0          0          0          0   entry10a.o
         0          0          0          0          0          0   entry11a.o
         8          4          0          0          0          0   entry2.o
         4          0          0          0          0          0   entry5.o
         0          0          0          0          0          0   entry7b.o
         0          0          0          0          0          0   entry8b.o
         8          4          0          0          0          0   entry9a.o
        30          0          0          0          0          0   handlers.o
        36          8          0          0          0         68   init.o
         0          0          0          0          0          0   iusefp.o
        30          0          0          0          0         68   llshl.o
        32          0          0          0          0         68   llushr.o
        36          0          0          0          0        108   memseta.o
       390         12          0          0          0        248   printf1.o
        44          0          0          0          0         80   uidiv.o
        40          2          0          0          0         68   cdcmple.o
        40          2          0          0          0         68   cdrcmple.o
       190          0          0          0          0        176   depilogue.o
        34          0          0          0          0         76   dflti.o
        26          0          0          0          0         76   dfltui.o

    ----------------------------------------------------------------------
       956         32          0          0          0       1104   Library Totals
         8          0          0          0          0          0   (incl. Padding)

    ----------------------------------------------------------------------

      Code (inc. data)   RO Data    RW Data    ZI Data      Debug   Library Name

       618         28          0          0          0        640   mc_w.l
       330          4          0          0          0        464   mf_w.l

    ----------------------------------------------------------------------
       956         32          0          0          0       1104   Library Totals

    ----------------------------------------------------------------------

==============================================================================


      Code (inc. data)   RO Data    RW Data    ZI Data      Debug   

     33976        792       5068        224       3848     501025   Grand Totals
     33976        792       5068        224       3848     501025   ELF Image Totals
     33976        792       5068        224          0          0   ROM Totals

==============================================================================

    Total RO  Size (Code + RO Data)                39044 (  38.13kB)
    Total RW  Size (RW Data + ZI Data)              4072 (   3.98kB)
    Total ROM Size (Code + RO Data + RW Data)      39268 (  38.35kB)

==============================================================================

