ARM Linker, 5.03 [Build 24] [MDK-ARM Professional][RL-ARM][IFX-ARM Infineon Extensions]

==============================================================================

Section Cross References

    main.o(.text) refers to stm32f4_discovery.o(.text) for STM_EVAL_LEDInit
    main.o(.text) refers to arm_cfft_radix4_init_f32.o(.text) for arm_cfft_radix4_init_f32
    main.o(.text) refers to arm_cfft_radix4_f32.o(.text) for arm_cfft_radix4_f32
    main.o(.text) refers to arm_cmplx_mag_f32.o(.text) for arm_cmplx_mag_f32
    main.o(.text) refers to arm_max_f32.o(.text) for arm_max_f32
    main.o(.text) refers to main.o(.data) for .data
    main.o(.text) refers to arm_fft_bin_data.o(.data) for testInput_f32_10khz
    main.o(.text) refers to main.o(.bss) for .bss
    system_stm32f4xx.o(.text) refers to system_stm32f4xx.o(.data) for .data
    stm32f4_discovery.o(.text) refers to stm32f4xx_rcc.o(.text) for RCC_AHB1PeriphClockCmd
    stm32f4_discovery.o(.text) refers to stm32f4xx_gpio.o(.text) for GPIO_Init
    stm32f4_discovery.o(.text) refers to stm32f4xx_syscfg.o(.text) for SYSCFG_EXTILineConfig
    stm32f4_discovery.o(.text) refers to stm32f4xx_exti.o(.text) for EXTI_Init
    stm32f4_discovery.o(.text) refers to misc.o(.text) for NVIC_Init
    stm32f4_discovery.o(.text) refers to stm32f4xx_usart.o(.text) for USART_Init
    stm32f4_discovery.o(.text) refers to stm32f4xx_sdio.o(.text) for SDIO_ClockCmd
    stm32f4_discovery.o(.text) refers to stm32f4xx_dma.o(.text) for DMA_ClearFlag
    stm32f4_discovery.o(.text) refers to stm32f4_discovery.o(.constdata) for .constdata
    stm32f4_discovery.o(.text) refers to stm32f4_discovery.o(.data) for .data
    stm32f4xx_gpio.o(.text) refers to stm32f4xx_rcc.o(.text) for RCC_AHB1PeriphResetCmd
    stm32f4xx_sdio.o(.text) refers to stm32f4xx_rcc.o(.text) for RCC_APB2PeriphResetCmd
    stm32f4xx_rcc.o(.text) refers to stm32f4xx_rcc.o(.data) for .data
    stm32f4xx_usart.o(.text) refers to stm32f4xx_rcc.o(.text) for RCC_APB2PeriphResetCmd
    stm32f4xx_syscfg.o(.text) refers to stm32f4xx_rcc.o(.text) for RCC_APB2PeriphResetCmd
    startup_stm32f4xx.o(RESET) refers to startup_stm32f4xx.o(STACK) for __initial_sp
    startup_stm32f4xx.o(RESET) refers to startup_stm32f4xx.o(.text) for Reset_Handler
    startup_stm32f4xx.o(RESET) refers to stm32f4xx_it.o(.text) for NMI_Handler
    startup_stm32f4xx.o(.text) refers to system_stm32f4xx.o(.text) for SystemInit
    startup_stm32f4xx.o(.text) refers to entry.o(.ARM.Collect$$$$00000000) for __main
    arm_cfft_radix4_init_f32.o(.text) refers to arm_cfft_radix4_init_f32.o(.constdata) for .constdata
    arm_cfft_radix4_init_f32.o(.text) refers to arm_common_tables.o(.constdata) for armBitRevTable
    entry.o(.ARM.Collect$$$$00000000) refers (Special) to entry10a.o(.ARM.Collect$$$$0000000D) for __rt_final_cpp
    entry.o(.ARM.Collect$$$$00000000) refers (Special) to entry11a.o(.ARM.Collect$$$$0000000F) for __rt_final_exit
    entry.o(.ARM.Collect$$$$00000000) refers (Special) to entry7b.o(.ARM.Collect$$$$00000008) for _main_clock
    entry.o(.ARM.Collect$$$$00000000) refers (Special) to entry8b.o(.ARM.Collect$$$$0000000A) for _main_cpp_init
    entry.o(.ARM.Collect$$$$00000000) refers (Special) to entry9a.o(.ARM.Collect$$$$0000000B) for _main_init
    entry.o(.ARM.Collect$$$$00000000) refers (Special) to entry5.o(.ARM.Collect$$$$00000004) for _main_scatterload
    entry.o(.ARM.Collect$$$$00000000) refers (Special) to entry2.o(.ARM.Collect$$$$00000001) for _main_stk
    entry2.o(.ARM.Collect$$$$00000001) refers to entry2.o(.ARM.Collect$$$$00002712) for __lit__00000000
    entry2.o(.ARM.Collect$$$$00002712) refers to startup_stm32f4xx.o(STACK) for __initial_sp
    entry2.o(__vectab_stack_and_reset_area) refers to startup_stm32f4xx.o(STACK) for __initial_sp
    entry2.o(__vectab_stack_and_reset_area) refers to entry.o(.ARM.Collect$$$$00000000) for __main
    entry5.o(.ARM.Collect$$$$00000004) refers to init.o(.text) for __scatterload
    entry9a.o(.ARM.Collect$$$$0000000B) refers to main.o(.text) for main
    entry9b.o(.ARM.Collect$$$$0000000C) refers to main.o(.text) for main
    init.o(.text) refers to entry5.o(.ARM.Collect$$$$00000004) for __main_after_scatterload


==============================================================================

Removing Unused input sections from the image.

    Removing arm_fft_bin_data.o(.rev16_text), (4 bytes).
    Removing arm_fft_bin_data.o(.revsh_text), (4 bytes).
    Removing main.o(.rev16_text), (4 bytes).
    Removing main.o(.revsh_text), (4 bytes).
    Removing stm32f4xx_it.o(.rev16_text), (4 bytes).
    Removing stm32f4xx_it.o(.revsh_text), (4 bytes).
    Removing system_stm32f4xx.o(.rev16_text), (4 bytes).
    Removing system_stm32f4xx.o(.revsh_text), (4 bytes).
    Removing stm32f4_discovery.o(.rev16_text), (4 bytes).
    Removing stm32f4_discovery.o(.revsh_text), (4 bytes).
    Removing stm32f4_discovery.o(.data), (4 bytes).
    Removing misc.o(.rev16_text), (4 bytes).
    Removing misc.o(.revsh_text), (4 bytes).
    Removing stm32f4xx_gpio.o(.rev16_text), (4 bytes).
    Removing stm32f4xx_gpio.o(.revsh_text), (4 bytes).
    Removing stm32f4xx_fsmc.o(.rev16_text), (4 bytes).
    Removing stm32f4xx_fsmc.o(.revsh_text), (4 bytes).
    Removing stm32f4xx_fsmc.o(.text), (1204 bytes).
    Removing stm32f4xx_dma.o(.rev16_text), (4 bytes).
    Removing stm32f4xx_dma.o(.revsh_text), (4 bytes).
    Removing stm32f4xx_sdio.o(.rev16_text), (4 bytes).
    Removing stm32f4xx_sdio.o(.revsh_text), (4 bytes).
    Removing stm32f4xx_rcc.o(.rev16_text), (4 bytes).
    Removing stm32f4xx_rcc.o(.revsh_text), (4 bytes).
    Removing stm32f4xx_exti.o(.rev16_text), (4 bytes).
    Removing stm32f4xx_exti.o(.revsh_text), (4 bytes).
    Removing stm32f4xx_usart.o(.rev16_text), (4 bytes).
    Removing stm32f4xx_usart.o(.revsh_text), (4 bytes).
    Removing stm32f4xx_syscfg.o(.rev16_text), (4 bytes).
    Removing stm32f4xx_syscfg.o(.revsh_text), (4 bytes).
    Removing startup_stm32f4xx.o(HEAP), (512 bytes).
    Removing arm_cmplx_mag_f32.o(.emb_text), (8 bytes).
    Removing arm_cfft_radix4_f32.o(.emb_text), (8 bytes).
    Removing arm_cfft_radix4_init_f32.o(.emb_text), (8 bytes).
    Removing arm_max_f32.o(.emb_text), (8 bytes).
    Removing arm_common_tables.o(.emb_text), (8 bytes).
    Removing arm_common_tables.o(.constdata), (128 bytes).
    Removing arm_common_tables.o(.constdata), (256 bytes).

38 unused section(s) (total 2256 bytes) removed from the image.

==============================================================================

Image Symbol Table

    Local Symbols

    Symbol Name                              Value     Ov Type        Size  Object(Section)

    ../clib/../cmprslib/zerorunl2.c          0x00000000   Number         0  __dczerorl2.o ABSOLUTE
    ../clib/microlib/init/entry.s            0x00000000   Number         0  entry2.o ABSOLUTE
    ../clib/microlib/init/entry.s            0x00000000   Number         0  entry8a.o ABSOLUTE
    ../clib/microlib/init/entry.s            0x00000000   Number         0  entry11b.o ABSOLUTE
    ../clib/microlib/init/entry.s            0x00000000   Number         0  entry.o ABSOLUTE
    ../clib/microlib/init/entry.s            0x00000000   Number         0  entry11a.o ABSOLUTE
    ../clib/microlib/init/entry.s            0x00000000   Number         0  entry7b.o ABSOLUTE
    ../clib/microlib/init/entry.s            0x00000000   Number         0  entry7a.o ABSOLUTE
    ../clib/microlib/init/entry.s            0x00000000   Number         0  entry9b.o ABSOLUTE
    ../clib/microlib/init/entry.s            0x00000000   Number         0  entry10b.o ABSOLUTE
    ../clib/microlib/init/entry.s            0x00000000   Number         0  entry5.o ABSOLUTE
    ../clib/microlib/init/entry.s            0x00000000   Number         0  entry9a.o ABSOLUTE
    ../clib/microlib/init/entry.s            0x00000000   Number         0  entry8b.o ABSOLUTE
    ../clib/microlib/init/entry.s            0x00000000   Number         0  entry10a.o ABSOLUTE
    ..\..\..\Libraries\CMSIS\Device\ST\STM32F4xx\Source\Templates\arm\startup_stm32f4xx.s 0x00000000   Number         0  startup_stm32f4xx.o ABSOLUTE
    ..\..\..\Libraries\STM32F4xx_StdPeriph_Driver\src\misc.c 0x00000000   Number         0  misc.o ABSOLUTE
    ..\..\..\Libraries\STM32F4xx_StdPeriph_Driver\src\stm32f4xx_dma.c 0x00000000   Number         0  stm32f4xx_dma.o ABSOLUTE
    ..\..\..\Libraries\STM32F4xx_StdPeriph_Driver\src\stm32f4xx_exti.c 0x00000000   Number         0  stm32f4xx_exti.o ABSOLUTE
    ..\..\..\Libraries\STM32F4xx_StdPeriph_Driver\src\stm32f4xx_fsmc.c 0x00000000   Number         0  stm32f4xx_fsmc.o ABSOLUTE
    ..\..\..\Libraries\STM32F4xx_StdPeriph_Driver\src\stm32f4xx_gpio.c 0x00000000   Number         0  stm32f4xx_gpio.o ABSOLUTE
    ..\..\..\Libraries\STM32F4xx_StdPeriph_Driver\src\stm32f4xx_rcc.c 0x00000000   Number         0  stm32f4xx_rcc.o ABSOLUTE
    ..\..\..\Libraries\STM32F4xx_StdPeriph_Driver\src\stm32f4xx_sdio.c 0x00000000   Number         0  stm32f4xx_sdio.o ABSOLUTE
    ..\..\..\Libraries\STM32F4xx_StdPeriph_Driver\src\stm32f4xx_syscfg.c 0x00000000   Number         0  stm32f4xx_syscfg.o ABSOLUTE
    ..\..\..\Libraries\STM32F4xx_StdPeriph_Driver\src\stm32f4xx_usart.c 0x00000000   Number         0  stm32f4xx_usart.o ABSOLUTE
    ..\..\..\Utilities\STM32F4-Discovery\stm32f4_discovery.c 0x00000000   Number         0  stm32f4_discovery.o ABSOLUTE
    ..\CommonTables\arm_common_tables.c      0x00000000   Number         0  arm_common_tables.o ABSOLUTE
    ..\ComplexMathFunctions\arm_cmplx_mag_f32.c 0x00000000   Number         0  arm_cmplx_mag_f32.o ABSOLUTE
    ..\StatisticsFunctions\arm_max_f32.c     0x00000000   Number         0  arm_max_f32.o ABSOLUTE
    ..\TransformFunctions\arm_cfft_radix4_f32.c 0x00000000   Number         0  arm_cfft_radix4_f32.o ABSOLUTE
    ..\TransformFunctions\arm_cfft_radix4_init_f32.c 0x00000000   Number         0  arm_cfft_radix4_init_f32.o ABSOLUTE
    ..\\..\\..\\Libraries\\STM32F4xx_StdPeriph_Driver\\src\\misc.c 0x00000000   Number         0  misc.o ABSOLUTE
    ..\\..\\..\\Libraries\\STM32F4xx_StdPeriph_Driver\\src\\stm32f4xx_dma.c 0x00000000   Number         0  stm32f4xx_dma.o ABSOLUTE
    ..\\..\\..\\Libraries\\STM32F4xx_StdPeriph_Driver\\src\\stm32f4xx_exti.c 0x00000000   Number         0  stm32f4xx_exti.o ABSOLUTE
    ..\\..\\..\\Libraries\\STM32F4xx_StdPeriph_Driver\\src\\stm32f4xx_fsmc.c 0x00000000   Number         0  stm32f4xx_fsmc.o ABSOLUTE
    ..\\..\\..\\Libraries\\STM32F4xx_StdPeriph_Driver\\src\\stm32f4xx_gpio.c 0x00000000   Number         0  stm32f4xx_gpio.o ABSOLUTE
    ..\\..\\..\\Libraries\\STM32F4xx_StdPeriph_Driver\\src\\stm32f4xx_rcc.c 0x00000000   Number         0  stm32f4xx_rcc.o ABSOLUTE
    ..\\..\\..\\Libraries\\STM32F4xx_StdPeriph_Driver\\src\\stm32f4xx_sdio.c 0x00000000   Number         0  stm32f4xx_sdio.o ABSOLUTE
    ..\\..\\..\\Libraries\\STM32F4xx_StdPeriph_Driver\\src\\stm32f4xx_syscfg.c 0x00000000   Number         0  stm32f4xx_syscfg.o ABSOLUTE
    ..\\..\\..\\Libraries\\STM32F4xx_StdPeriph_Driver\\src\\stm32f4xx_usart.c 0x00000000   Number         0  stm32f4xx_usart.o ABSOLUTE
    ..\\..\\..\\Utilities\\STM32F4-Discovery\\stm32f4_discovery.c 0x00000000   Number         0  stm32f4_discovery.o ABSOLUTE
    ..\\CommonTables\\arm_common_tables.c    0x00000000   Number         0  arm_common_tables.o ABSOLUTE
    ..\\ComplexMathFunctions\\arm_cmplx_mag_f32.c 0x00000000   Number         0  arm_cmplx_mag_f32.o ABSOLUTE
    ..\\StatisticsFunctions\\arm_max_f32.c   0x00000000   Number         0  arm_max_f32.o ABSOLUTE
    ..\\TransformFunctions\\arm_cfft_radix4_f32.c 0x00000000   Number         0  arm_cfft_radix4_f32.o ABSOLUTE
    ..\\TransformFunctions\\arm_cfft_radix4_init_f32.c 0x00000000   Number         0  arm_cfft_radix4_init_f32.o ABSOLUTE
    ..\\src\\arm_fft_bin_data.c              0x00000000   Number         0  arm_fft_bin_data.o ABSOLUTE
    ..\\src\\main.c                          0x00000000   Number         0  main.o ABSOLUTE
    ..\\src\\stm32f4xx_it.c                  0x00000000   Number         0  stm32f4xx_it.o ABSOLUTE
    ..\\src\\system_stm32f4xx.c              0x00000000   Number         0  system_stm32f4xx.o ABSOLUTE
    ..\src\arm_fft_bin_data.c                0x00000000   Number         0  arm_fft_bin_data.o ABSOLUTE
    ..\src\main.c                            0x00000000   Number         0  main.o ABSOLUTE
    ..\src\stm32f4xx_it.c                    0x00000000   Number         0  stm32f4xx_it.o ABSOLUTE
    ..\src\system_stm32f4xx.c                0x00000000   Number         0  system_stm32f4xx.o ABSOLUTE
    dc.s                                     0x00000000   Number         0  dc.o ABSOLUTE
    handlers.s                               0x00000000   Number         0  handlers.o ABSOLUTE
    init.s                                   0x00000000   Number         0  init.o ABSOLUTE
    RESET                                    0x08000000   Section      392  startup_stm32f4xx.o(RESET)
    .ARM.Collect$$$$00000000                 0x08000188   Section        0  entry.o(.ARM.Collect$$$$00000000)
    .ARM.Collect$$$$00000001                 0x08000188   Section        4  entry2.o(.ARM.Collect$$$$00000001)
    .ARM.Collect$$$$00000004                 0x0800018c   Section        4  entry5.o(.ARM.Collect$$$$00000004)
    .ARM.Collect$$$$00000008                 0x08000190   Section        0  entry7b.o(.ARM.Collect$$$$00000008)
    .ARM.Collect$$$$0000000A                 0x08000190   Section        0  entry8b.o(.ARM.Collect$$$$0000000A)
    .ARM.Collect$$$$0000000B                 0x08000190   Section        8  entry9a.o(.ARM.Collect$$$$0000000B)
    .ARM.Collect$$$$0000000D                 0x08000198   Section        0  entry10a.o(.ARM.Collect$$$$0000000D)
    .ARM.Collect$$$$0000000F                 0x08000198   Section        0  entry11a.o(.ARM.Collect$$$$0000000F)
    .ARM.Collect$$$$00002712                 0x08000198   Section        4  entry2.o(.ARM.Collect$$$$00002712)
    __lit__00000000                          0x08000198   Data           4  entry2.o(.ARM.Collect$$$$00002712)
    .text                                    0x0800019c   Section        0  main.o(.text)
    .text                                    0x08000240   Section        0  stm32f4xx_it.o(.text)
    .text                                    0x08000254   Section        0  system_stm32f4xx.o(.text)
    SetSysClock                              0x08000255   Thumb Code   168  system_stm32f4xx.o(.text)
    .text                                    0x080003e4   Section        0  stm32f4_discovery.o(.text)
    .text                                    0x08000820   Section        0  misc.o(.text)
    .text                                    0x080008dc   Section        0  stm32f4xx_gpio.o(.text)
    .text                                    0x08000b00   Section        0  stm32f4xx_dma.o(.text)
    .text                                    0x08000e48   Section        0  stm32f4xx_sdio.o(.text)
    .text                                    0x0800100c   Section        0  stm32f4xx_rcc.o(.text)
    .text                                    0x08001440   Section        0  stm32f4xx_exti.o(.text)
    .text                                    0x0800152c   Section        0  stm32f4xx_usart.o(.text)
    .text                                    0x080018e0   Section        0  stm32f4xx_syscfg.o(.text)
    .text                                    0x0800194c   Section       36  startup_stm32f4xx.o(.text)
    $v0                                      0x0800194c   Number         0  startup_stm32f4xx.o(.text)
    .text                                    0x08001970   Section        0  arm_cmplx_mag_f32.o(.text)
    .text                                    0x08001a60   Section        0  arm_cfft_radix4_f32.o(.text)
    .text                                    0x080021f4   Section        0  arm_cfft_radix4_init_f32.o(.text)
    .text                                    0x0800228c   Section        0  arm_max_f32.o(.text)
    .text                                    0x08002308   Section       36  init.o(.text)
    .text                                    0x0800232c   Section        0  __dczerorl2.o(.text)
    i.__scatterload_copy                     0x08002388   Section       14  handlers.o(i.__scatterload_copy)
    i.__scatterload_null                     0x08002396   Section        2  handlers.o(i.__scatterload_null)
    i.__scatterload_zeroinit                 0x08002398   Section       14  handlers.o(i.__scatterload_zeroinit)
    .constdata                               0x080023a8   Section       84  stm32f4_discovery.o(.constdata)
    .constdata                               0x080023fc   Section     8192  arm_cfft_radix4_init_f32.o(.constdata)
    twiddleCoef                              0x080023fc   Data        8192  arm_cfft_radix4_init_f32.o(.constdata)
    .constdata                               0x080043fc   Section      512  arm_common_tables.o(.constdata)
    .data                                    0x20000000   Section     8192  arm_fft_bin_data.o(.data)
    .data                                    0x20002000   Section       20  main.o(.data)
    .data                                    0x20002014   Section       20  system_stm32f4xx.o(.data)
    .data                                    0x20002028   Section       44  stm32f4_discovery.o(.data)
    .data                                    0x20002054   Section       16  stm32f4xx_rcc.o(.data)
    APBAHBPrescTable                         0x20002054   Data          16  stm32f4xx_rcc.o(.data)
    .bss                                     0x20002064   Section     4096  main.o(.bss)
    testOutput                               0x20002064   Data        4096  main.o(.bss)
    STACK                                    0x20003068   Section     1024  startup_stm32f4xx.o(STACK)

    Global Symbols

    Symbol Name                              Value     Ov Type        Size  Object(Section)

    BuildAttributes$$THM_ISAv4$E$P$D$K$B$S$7EM$VFPi3$EXTD16$VFPS$VFMA$PE$A:L22UL41UL21$X:L11$S22US41US21$IEEE1$IW$USESV6$~STKCKD$USESV7$~SHL$OTIME$EBA8$MICROLIB$REQ8$PRES8$EABIv2 0x00000000   Number         0  anon$$obj.o ABSOLUTE
    __ARM_use_no_argv                        0x00000000   Number         0  main.o ABSOLUTE
    __cpp_initialize__aeabi_                  - Undefined Weak Reference
    __cxa_finalize                            - Undefined Weak Reference
    _clock_init                               - Undefined Weak Reference
    _microlib_exit                            - Undefined Weak Reference
    __Vectors_Size                           0x00000188   Number         0  startup_stm32f4xx.o ABSOLUTE
    __Vectors                                0x08000000   Data           4  startup_stm32f4xx.o(RESET)
    __Vectors_End                            0x08000188   Data           0  startup_stm32f4xx.o(RESET)
    __main                                   0x08000189   Thumb Code     0  entry.o(.ARM.Collect$$$$00000000)
    _main_stk                                0x08000189   Thumb Code     0  entry2.o(.ARM.Collect$$$$00000001)
    _main_scatterload                        0x0800018d   Thumb Code     0  entry5.o(.ARM.Collect$$$$00000004)
    __main_after_scatterload                 0x08000191   Thumb Code     0  entry5.o(.ARM.Collect$$$$00000004)
    _main_clock                              0x08000191   Thumb Code     0  entry7b.o(.ARM.Collect$$$$00000008)
    _main_cpp_init                           0x08000191   Thumb Code     0  entry8b.o(.ARM.Collect$$$$0000000A)
    _main_init                               0x08000191   Thumb Code     0  entry9a.o(.ARM.Collect$$$$0000000B)
    __rt_final_cpp                           0x08000199   Thumb Code     0  entry10a.o(.ARM.Collect$$$$0000000D)
    __rt_final_exit                          0x08000199   Thumb Code     0  entry11a.o(.ARM.Collect$$$$0000000F)
    main                                     0x0800019d   Thumb Code   148  main.o(.text)
    NMI_Handler                              0x08000241   Thumb Code     2  stm32f4xx_it.o(.text)
    HardFault_Handler                        0x08000243   Thumb Code     2  stm32f4xx_it.o(.text)
    MemManage_Handler                        0x08000245   Thumb Code     2  stm32f4xx_it.o(.text)
    BusFault_Handler                         0x08000247   Thumb Code     2  stm32f4xx_it.o(.text)
    UsageFault_Handler                       0x08000249   Thumb Code     2  stm32f4xx_it.o(.text)
    SVC_Handler                              0x0800024b   Thumb Code     2  stm32f4xx_it.o(.text)
    DebugMon_Handler                         0x0800024d   Thumb Code     2  stm32f4xx_it.o(.text)
    PendSV_Handler                           0x0800024f   Thumb Code     2  stm32f4xx_it.o(.text)
    SysTick_Handler                          0x08000251   Thumb Code     2  stm32f4xx_it.o(.text)
    SystemInit                               0x080002fd   Thumb Code    74  system_stm32f4xx.o(.text)
    SystemCoreClockUpdate                    0x08000347   Thumb Code   122  system_stm32f4xx.o(.text)
    STM_EVAL_LEDInit                         0x080003e5   Thumb Code    62  stm32f4_discovery.o(.text)
    STM_EVAL_LEDOn                           0x08000423   Thumb Code    18  stm32f4_discovery.o(.text)
    STM_EVAL_LEDOff                          0x08000435   Thumb Code    18  stm32f4_discovery.o(.text)
    STM_EVAL_LEDToggle                       0x08000447   Thumb Code    22  stm32f4_discovery.o(.text)
    STM_EVAL_PBInit                          0x0800045d   Thumb Code   148  stm32f4_discovery.o(.text)
    STM_EVAL_PBGetState                      0x080004f1   Thumb Code    20  stm32f4_discovery.o(.text)
    STM_EVAL_COMInit                         0x08000505   Thumb Code   192  stm32f4_discovery.o(.text)
    SD_LowLevel_DeInit                       0x080005c5   Thumb Code   142  stm32f4_discovery.o(.text)
    SD_LowLevel_Init                         0x08000653   Thumb Code   178  stm32f4_discovery.o(.text)
    SD_LowLevel_DMA_TxConfig                 0x08000705   Thumb Code   128  stm32f4_discovery.o(.text)
    SD_LowLevel_DMA_RxConfig                 0x08000785   Thumb Code   156  stm32f4_discovery.o(.text)
    NVIC_PriorityGroupConfig                 0x08000821   Thumb Code    10  misc.o(.text)
    NVIC_Init                                0x0800082b   Thumb Code    94  misc.o(.text)
    NVIC_SetVectorTable                      0x08000889   Thumb Code    14  misc.o(.text)
    NVIC_SystemLPConfig                      0x08000897   Thumb Code    24  misc.o(.text)
    SysTick_CLKSourceConfig                  0x080008af   Thumb Code    28  misc.o(.text)
    GPIO_DeInit                              0x080008dd   Thumb Code   240  stm32f4xx_gpio.o(.text)
    GPIO_Init                                0x080009cd   Thumb Code   124  stm32f4xx_gpio.o(.text)
    GPIO_StructInit                          0x08000a49   Thumb Code    18  stm32f4xx_gpio.o(.text)
    GPIO_PinLockConfig                       0x08000a5b   Thumb Code    26  stm32f4xx_gpio.o(.text)
    GPIO_ReadInputDataBit                    0x08000a75   Thumb Code    14  stm32f4xx_gpio.o(.text)
    GPIO_ReadInputData                       0x08000a83   Thumb Code     6  stm32f4xx_gpio.o(.text)
    GPIO_ReadOutputDataBit                   0x08000a89   Thumb Code    14  stm32f4xx_gpio.o(.text)
    GPIO_ReadOutputData                      0x08000a97   Thumb Code     6  stm32f4xx_gpio.o(.text)
    GPIO_SetBits                             0x08000a9d   Thumb Code     4  stm32f4xx_gpio.o(.text)
    GPIO_ResetBits                           0x08000aa1   Thumb Code     4  stm32f4xx_gpio.o(.text)
    GPIO_WriteBit                            0x08000aa5   Thumb Code    12  stm32f4xx_gpio.o(.text)
    GPIO_Write                               0x08000ab1   Thumb Code     4  stm32f4xx_gpio.o(.text)
    GPIO_ToggleBits                          0x08000ab5   Thumb Code     8  stm32f4xx_gpio.o(.text)
    GPIO_PinAFConfig                         0x08000abd   Thumb Code    32  stm32f4xx_gpio.o(.text)
    DMA_DeInit                               0x08000b01   Thumb Code   278  stm32f4xx_dma.o(.text)
    DMA_Init                                 0x08000c17   Thumb Code    80  stm32f4xx_dma.o(.text)
    DMA_StructInit                           0x08000c67   Thumb Code    34  stm32f4xx_dma.o(.text)
    DMA_Cmd                                  0x08000c89   Thumb Code    24  stm32f4xx_dma.o(.text)
    DMA_PeriphIncOffsetSizeConfig            0x08000ca1   Thumb Code    24  stm32f4xx_dma.o(.text)
    DMA_FlowControllerConfig                 0x08000cb9   Thumb Code    24  stm32f4xx_dma.o(.text)
    DMA_SetCurrDataCounter                   0x08000cd1   Thumb Code     4  stm32f4xx_dma.o(.text)
    DMA_GetCurrDataCounter                   0x08000cd5   Thumb Code     6  stm32f4xx_dma.o(.text)
    DMA_DoubleBufferModeConfig               0x08000cdb   Thumb Code    26  stm32f4xx_dma.o(.text)
    DMA_DoubleBufferModeCmd                  0x08000cf5   Thumb Code    24  stm32f4xx_dma.o(.text)
    DMA_MemoryTargetConfig                   0x08000d0d   Thumb Code    12  stm32f4xx_dma.o(.text)
    DMA_GetCurrentMemoryTarget               0x08000d19   Thumb Code    16  stm32f4xx_dma.o(.text)
    DMA_GetCmdStatus                         0x08000d29   Thumb Code    14  stm32f4xx_dma.o(.text)
    DMA_GetFIFOStatus                        0x08000d37   Thumb Code     8  stm32f4xx_dma.o(.text)
    DMA_GetFlagStatus                        0x08000d3f   Thumb Code    42  stm32f4xx_dma.o(.text)
    DMA_ClearFlag                            0x08000d69   Thumb Code    34  stm32f4xx_dma.o(.text)
    DMA_ITConfig                             0x08000d8b   Thumb Code    52  stm32f4xx_dma.o(.text)
    DMA_GetITStatus                          0x08000dbf   Thumb Code    70  stm32f4xx_dma.o(.text)
    DMA_ClearITPendingBit                    0x08000e05   Thumb Code    34  stm32f4xx_dma.o(.text)
    SDIO_DeInit                              0x08000e49   Thumb Code    24  stm32f4xx_sdio.o(.text)
    SDIO_Init                                0x08000e61   Thumb Code    40  stm32f4xx_sdio.o(.text)
    SDIO_StructInit                          0x08000e89   Thumb Code    16  stm32f4xx_sdio.o(.text)
    SDIO_ClockCmd                            0x08000e99   Thumb Code     6  stm32f4xx_sdio.o(.text)
    SDIO_SetPowerState                       0x08000e9f   Thumb Code     8  stm32f4xx_sdio.o(.text)
    SDIO_GetPowerState                       0x08000ea7   Thumb Code    12  stm32f4xx_sdio.o(.text)
    SDIO_SendCommand                         0x08000eb3   Thumb Code    38  stm32f4xx_sdio.o(.text)
    SDIO_CmdStructInit                       0x08000ed9   Thumb Code    14  stm32f4xx_sdio.o(.text)
    SDIO_GetCommandResponse                  0x08000ee7   Thumb Code    10  stm32f4xx_sdio.o(.text)
    SDIO_GetResponse                         0x08000ef1   Thumb Code    16  stm32f4xx_sdio.o(.text)
    SDIO_DataConfig                          0x08000f01   Thumb Code    44  stm32f4xx_sdio.o(.text)
    SDIO_DataStructInit                      0x08000f2d   Thumb Code    20  stm32f4xx_sdio.o(.text)
    SDIO_GetDataCounter                      0x08000f41   Thumb Code     8  stm32f4xx_sdio.o(.text)
    SDIO_ReadData                            0x08000f49   Thumb Code     8  stm32f4xx_sdio.o(.text)
    SDIO_WriteData                           0x08000f51   Thumb Code     8  stm32f4xx_sdio.o(.text)
    SDIO_GetFIFOCount                        0x08000f59   Thumb Code     8  stm32f4xx_sdio.o(.text)
    SDIO_StartSDIOReadWait                   0x08000f61   Thumb Code     6  stm32f4xx_sdio.o(.text)
    SDIO_StopSDIOReadWait                    0x08000f67   Thumb Code     8  stm32f4xx_sdio.o(.text)
    SDIO_SetSDIOReadWaitMode                 0x08000f6f   Thumb Code     8  stm32f4xx_sdio.o(.text)
    SDIO_SetSDIOOperation                    0x08000f77   Thumb Code     8  stm32f4xx_sdio.o(.text)
    SDIO_SendSDIOSuspendCmd                  0x08000f7f   Thumb Code     6  stm32f4xx_sdio.o(.text)
    SDIO_CommandCompletionCmd                0x08000f85   Thumb Code     6  stm32f4xx_sdio.o(.text)
    SDIO_CEATAITCmd                          0x08000f8b   Thumb Code    10  stm32f4xx_sdio.o(.text)
    SDIO_SendCEATACmd                        0x08000f95   Thumb Code     6  stm32f4xx_sdio.o(.text)
    SDIO_DMACmd                              0x08000f9b   Thumb Code     8  stm32f4xx_sdio.o(.text)
    SDIO_ITConfig                            0x08000fa3   Thumb Code    24  stm32f4xx_sdio.o(.text)
    SDIO_GetFlagStatus                       0x08000fbb   Thumb Code    18  stm32f4xx_sdio.o(.text)
    SDIO_ClearFlag                           0x08000fcd   Thumb Code     8  stm32f4xx_sdio.o(.text)
    SDIO_GetITStatus                         0x08000fd5   Thumb Code    18  stm32f4xx_sdio.o(.text)
    SDIO_ClearITPendingBit                   0x08000fe7   Thumb Code     8  stm32f4xx_sdio.o(.text)
    RCC_DeInit                               0x0800100d   Thumb Code    48  stm32f4xx_rcc.o(.text)
    RCC_HSEConfig                            0x0800103d   Thumb Code    12  stm32f4xx_rcc.o(.text)
    RCC_GetFlagStatus                        0x08001049   Thumb Code    50  stm32f4xx_rcc.o(.text)
    RCC_WaitForHSEStartUp                    0x0800107b   Thumb Code    48  stm32f4xx_rcc.o(.text)
    RCC_AdjustHSICalibrationValue            0x080010ab   Thumb Code    16  stm32f4xx_rcc.o(.text)
    RCC_HSICmd                               0x080010bb   Thumb Code     6  stm32f4xx_rcc.o(.text)
    RCC_LSEConfig                            0x080010c1   Thumb Code    30  stm32f4xx_rcc.o(.text)
    RCC_LSICmd                               0x080010df   Thumb Code     6  stm32f4xx_rcc.o(.text)
    RCC_PLLConfig                            0x080010e5   Thumb Code    34  stm32f4xx_rcc.o(.text)
    RCC_PLLCmd                               0x08001107   Thumb Code     6  stm32f4xx_rcc.o(.text)
    RCC_PLLI2SConfig                         0x0800110d   Thumb Code    14  stm32f4xx_rcc.o(.text)
    RCC_PLLI2SCmd                            0x0800111b   Thumb Code     6  stm32f4xx_rcc.o(.text)
    RCC_ClockSecuritySystemCmd               0x08001121   Thumb Code     6  stm32f4xx_rcc.o(.text)
    RCC_MCO1Config                           0x08001127   Thumb Code    18  stm32f4xx_rcc.o(.text)
    RCC_MCO2Config                           0x08001139   Thumb Code    18  stm32f4xx_rcc.o(.text)
    RCC_SYSCLKConfig                         0x0800114b   Thumb Code    16  stm32f4xx_rcc.o(.text)
    RCC_GetSYSCLKSource                      0x0800115b   Thumb Code    12  stm32f4xx_rcc.o(.text)
    RCC_HCLKConfig                           0x08001167   Thumb Code    16  stm32f4xx_rcc.o(.text)
    RCC_PCLK1Config                          0x08001177   Thumb Code    16  stm32f4xx_rcc.o(.text)
    RCC_PCLK2Config                          0x08001187   Thumb Code    18  stm32f4xx_rcc.o(.text)
    RCC_GetClocksFreq                        0x08001199   Thumb Code   150  stm32f4xx_rcc.o(.text)
    RCC_RTCCLKConfig                         0x0800122f   Thumb Code    42  stm32f4xx_rcc.o(.text)
    RCC_RTCCLKCmd                            0x08001259   Thumb Code     8  stm32f4xx_rcc.o(.text)
    RCC_BackupResetCmd                       0x08001261   Thumb Code     8  stm32f4xx_rcc.o(.text)
    RCC_I2SCLKConfig                         0x08001269   Thumb Code     6  stm32f4xx_rcc.o(.text)
    RCC_AHB1PeriphClockCmd                   0x0800126f   Thumb Code    24  stm32f4xx_rcc.o(.text)
    RCC_AHB2PeriphClockCmd                   0x08001287   Thumb Code    24  stm32f4xx_rcc.o(.text)
    RCC_AHB3PeriphClockCmd                   0x0800129f   Thumb Code    24  stm32f4xx_rcc.o(.text)
    RCC_APB1PeriphClockCmd                   0x080012b7   Thumb Code    24  stm32f4xx_rcc.o(.text)
    RCC_APB2PeriphClockCmd                   0x080012cf   Thumb Code    24  stm32f4xx_rcc.o(.text)
    RCC_AHB1PeriphResetCmd                   0x080012e7   Thumb Code    24  stm32f4xx_rcc.o(.text)
    RCC_AHB2PeriphResetCmd                   0x080012ff   Thumb Code    24  stm32f4xx_rcc.o(.text)
    RCC_AHB3PeriphResetCmd                   0x08001317   Thumb Code    24  stm32f4xx_rcc.o(.text)
    RCC_APB1PeriphResetCmd                   0x0800132f   Thumb Code    24  stm32f4xx_rcc.o(.text)
    RCC_APB2PeriphResetCmd                   0x08001347   Thumb Code    24  stm32f4xx_rcc.o(.text)
    RCC_AHB1PeriphClockLPModeCmd             0x0800135f   Thumb Code    24  stm32f4xx_rcc.o(.text)
    RCC_AHB2PeriphClockLPModeCmd             0x08001377   Thumb Code    24  stm32f4xx_rcc.o(.text)
    RCC_AHB3PeriphClockLPModeCmd             0x0800138f   Thumb Code    24  stm32f4xx_rcc.o(.text)
    RCC_APB1PeriphClockLPModeCmd             0x080013a7   Thumb Code    24  stm32f4xx_rcc.o(.text)
    RCC_APB2PeriphClockLPModeCmd             0x080013bf   Thumb Code    24  stm32f4xx_rcc.o(.text)
    RCC_ITConfig                             0x080013d7   Thumb Code    62  stm32f4xx_rcc.o(.text)
    RCC_ClearFlag                            0x08001415   Thumb Code    12  stm32f4xx_rcc.o(.text)
    RCC_GetITStatus                          0x08001421   Thumb Code    18  stm32f4xx_rcc.o(.text)
    RCC_ClearITPendingBit                    0x08001433   Thumb Code     8  stm32f4xx_rcc.o(.text)
    EXTI_DeInit                              0x08001441   Thumb Code    28  stm32f4xx_exti.o(.text)
    EXTI_Init                                0x0800145d   Thumb Code   110  stm32f4xx_exti.o(.text)
    EXTI_StructInit                          0x080014cb   Thumb Code    14  stm32f4xx_exti.o(.text)
    EXTI_GenerateSWInterrupt                 0x080014d9   Thumb Code    12  stm32f4xx_exti.o(.text)
    EXTI_GetFlagStatus                       0x080014e5   Thumb Code    18  stm32f4xx_exti.o(.text)
    EXTI_ClearFlag                           0x080014f7   Thumb Code     8  stm32f4xx_exti.o(.text)
    EXTI_GetITStatus                         0x080014ff   Thumb Code    28  stm32f4xx_exti.o(.text)
    EXTI_ClearITPendingBit                   0x0800151b   Thumb Code     8  stm32f4xx_exti.o(.text)
    USART_DeInit                             0x0800152d   Thumb Code   168  stm32f4xx_usart.o(.text)
    USART_Init                               0x080015d5   Thumb Code   180  stm32f4xx_usart.o(.text)
    USART_StructInit                         0x08001689   Thumb Code    22  stm32f4xx_usart.o(.text)
    USART_ClockInit                          0x0800169f   Thumb Code    28  stm32f4xx_usart.o(.text)
    USART_ClockStructInit                    0x080016bb   Thumb Code    12  stm32f4xx_usart.o(.text)
    USART_Cmd                                0x080016c7   Thumb Code    24  stm32f4xx_usart.o(.text)
    USART_SetPrescaler                       0x080016df   Thumb Code    16  stm32f4xx_usart.o(.text)
    USART_OverSampling8Cmd                   0x080016ef   Thumb Code    24  stm32f4xx_usart.o(.text)
    USART_OneBitMethodCmd                    0x08001707   Thumb Code    24  stm32f4xx_usart.o(.text)
    USART_SendData                           0x0800171f   Thumb Code     8  stm32f4xx_usart.o(.text)
    USART_ReceiveData                        0x08001727   Thumb Code     8  stm32f4xx_usart.o(.text)
    USART_SetAddress                         0x0800172f   Thumb Code    16  stm32f4xx_usart.o(.text)
    USART_ReceiverWakeUpCmd                  0x0800173f   Thumb Code    24  stm32f4xx_usart.o(.text)
    USART_WakeUpConfig                       0x08001757   Thumb Code    16  stm32f4xx_usart.o(.text)
    USART_LINBreakDetectLengthConfig         0x08001767   Thumb Code    16  stm32f4xx_usart.o(.text)
    USART_LINCmd                             0x08001777   Thumb Code    24  stm32f4xx_usart.o(.text)
    USART_SendBreak                          0x0800178f   Thumb Code    10  stm32f4xx_usart.o(.text)
    USART_HalfDuplexCmd                      0x08001799   Thumb Code    24  stm32f4xx_usart.o(.text)
    USART_SetGuardTime                       0x080017b1   Thumb Code    16  stm32f4xx_usart.o(.text)
    USART_SmartCardCmd                       0x080017c1   Thumb Code    24  stm32f4xx_usart.o(.text)
    USART_SmartCardNACKCmd                   0x080017d9   Thumb Code    24  stm32f4xx_usart.o(.text)
    USART_IrDAConfig                         0x080017f1   Thumb Code    16  stm32f4xx_usart.o(.text)
    USART_IrDACmd                            0x08001801   Thumb Code    24  stm32f4xx_usart.o(.text)
    USART_DMACmd                             0x08001819   Thumb Code    20  stm32f4xx_usart.o(.text)
    USART_ITConfig                           0x0800182d   Thumb Code    54  stm32f4xx_usart.o(.text)
    USART_GetFlagStatus                      0x08001863   Thumb Code    14  stm32f4xx_usart.o(.text)
    USART_ClearFlag                          0x08001871   Thumb Code     8  stm32f4xx_usart.o(.text)
    USART_GetITStatus                        0x08001879   Thumb Code    64  stm32f4xx_usart.o(.text)
    USART_ClearITPendingBit                  0x080018b9   Thumb Code    16  stm32f4xx_usart.o(.text)
    SYSCFG_DeInit                            0x080018e1   Thumb Code    24  stm32f4xx_syscfg.o(.text)
    SYSCFG_MemoryRemapConfig                 0x080018f9   Thumb Code     6  stm32f4xx_syscfg.o(.text)
    SYSCFG_EXTILineConfig                    0x080018ff   Thumb Code    36  stm32f4xx_syscfg.o(.text)
    SYSCFG_ETH_MediaInterfaceConfig          0x08001923   Thumb Code     6  stm32f4xx_syscfg.o(.text)
    SYSCFG_CompensationCellCmd               0x08001929   Thumb Code     6  stm32f4xx_syscfg.o(.text)
    SYSCFG_GetCompensationCellStatus         0x0800192f   Thumb Code    18  stm32f4xx_syscfg.o(.text)
    Reset_Handler                            0x0800194d   Thumb Code     8  startup_stm32f4xx.o(.text)
    ADC_IRQHandler                           0x08001967   Thumb Code     0  startup_stm32f4xx.o(.text)
    CAN1_RX0_IRQHandler                      0x08001967   Thumb Code     0  startup_stm32f4xx.o(.text)
    CAN1_RX1_IRQHandler                      0x08001967   Thumb Code     0  startup_stm32f4xx.o(.text)
    CAN1_SCE_IRQHandler                      0x08001967   Thumb Code     0  startup_stm32f4xx.o(.text)
    CAN1_TX_IRQHandler                       0x08001967   Thumb Code     0  startup_stm32f4xx.o(.text)
    CAN2_RX0_IRQHandler                      0x08001967   Thumb Code     0  startup_stm32f4xx.o(.text)
    CAN2_RX1_IRQHandler                      0x08001967   Thumb Code     0  startup_stm32f4xx.o(.text)
    CAN2_SCE_IRQHandler                      0x08001967   Thumb Code     0  startup_stm32f4xx.o(.text)
    CAN2_TX_IRQHandler                       0x08001967   Thumb Code     0  startup_stm32f4xx.o(.text)
    CRYP_IRQHandler                          0x08001967   Thumb Code     0  startup_stm32f4xx.o(.text)
    DCMI_IRQHandler                          0x08001967   Thumb Code     0  startup_stm32f4xx.o(.text)
    DMA1_Stream0_IRQHandler                  0x08001967   Thumb Code     0  startup_stm32f4xx.o(.text)
    DMA1_Stream1_IRQHandler                  0x08001967   Thumb Code     0  startup_stm32f4xx.o(.text)
    DMA1_Stream2_IRQHandler                  0x08001967   Thumb Code     0  startup_stm32f4xx.o(.text)
    DMA1_Stream3_IRQHandler                  0x08001967   Thumb Code     0  startup_stm32f4xx.o(.text)
    DMA1_Stream4_IRQHandler                  0x08001967   Thumb Code     0  startup_stm32f4xx.o(.text)
    DMA1_Stream5_IRQHandler                  0x08001967   Thumb Code     0  startup_stm32f4xx.o(.text)
    DMA1_Stream6_IRQHandler                  0x08001967   Thumb Code     0  startup_stm32f4xx.o(.text)
    DMA1_Stream7_IRQHandler                  0x08001967   Thumb Code     0  startup_stm32f4xx.o(.text)
    DMA2_Stream0_IRQHandler                  0x08001967   Thumb Code     0  startup_stm32f4xx.o(.text)
    DMA2_Stream1_IRQHandler                  0x08001967   Thumb Code     0  startup_stm32f4xx.o(.text)
    DMA2_Stream2_IRQHandler                  0x08001967   Thumb Code     0  startup_stm32f4xx.o(.text)
    DMA2_Stream3_IRQHandler                  0x08001967   Thumb Code     0  startup_stm32f4xx.o(.text)
    DMA2_Stream4_IRQHandler                  0x08001967   Thumb Code     0  startup_stm32f4xx.o(.text)
    DMA2_Stream5_IRQHandler                  0x08001967   Thumb Code     0  startup_stm32f4xx.o(.text)
    DMA2_Stream6_IRQHandler                  0x08001967   Thumb Code     0  startup_stm32f4xx.o(.text)
    DMA2_Stream7_IRQHandler                  0x08001967   Thumb Code     0  startup_stm32f4xx.o(.text)
    ETH_IRQHandler                           0x08001967   Thumb Code     0  startup_stm32f4xx.o(.text)
    ETH_WKUP_IRQHandler                      0x08001967   Thumb Code     0  startup_stm32f4xx.o(.text)
    EXTI0_IRQHandler                         0x08001967   Thumb Code     0  startup_stm32f4xx.o(.text)
    EXTI15_10_IRQHandler                     0x08001967   Thumb Code     0  startup_stm32f4xx.o(.text)
    EXTI1_IRQHandler                         0x08001967   Thumb Code     0  startup_stm32f4xx.o(.text)
    EXTI2_IRQHandler                         0x08001967   Thumb Code     0  startup_stm32f4xx.o(.text)
    EXTI3_IRQHandler                         0x08001967   Thumb Code     0  startup_stm32f4xx.o(.text)
    EXTI4_IRQHandler                         0x08001967   Thumb Code     0  startup_stm32f4xx.o(.text)
    EXTI9_5_IRQHandler                       0x08001967   Thumb Code     0  startup_stm32f4xx.o(.text)
    FLASH_IRQHandler                         0x08001967   Thumb Code     0  startup_stm32f4xx.o(.text)
    FPU_IRQHandler                           0x08001967   Thumb Code     0  startup_stm32f4xx.o(.text)
    FSMC_IRQHandler                          0x08001967   Thumb Code     0  startup_stm32f4xx.o(.text)
    HASH_RNG_IRQHandler                      0x08001967   Thumb Code     0  startup_stm32f4xx.o(.text)
    I2C1_ER_IRQHandler                       0x08001967   Thumb Code     0  startup_stm32f4xx.o(.text)
    I2C1_EV_IRQHandler                       0x08001967   Thumb Code     0  startup_stm32f4xx.o(.text)
    I2C2_ER_IRQHandler                       0x08001967   Thumb Code     0  startup_stm32f4xx.o(.text)
    I2C2_EV_IRQHandler                       0x08001967   Thumb Code     0  startup_stm32f4xx.o(.text)
    I2C3_ER_IRQHandler                       0x08001967   Thumb Code     0  startup_stm32f4xx.o(.text)
    I2C3_EV_IRQHandler                       0x08001967   Thumb Code     0  startup_stm32f4xx.o(.text)
    OTG_FS_IRQHandler                        0x08001967   Thumb Code     0  startup_stm32f4xx.o(.text)
    OTG_FS_WKUP_IRQHandler                   0x08001967   Thumb Code     0  startup_stm32f4xx.o(.text)
    OTG_HS_EP1_IN_IRQHandler                 0x08001967   Thumb Code     0  startup_stm32f4xx.o(.text)
    OTG_HS_EP1_OUT_IRQHandler                0x08001967   Thumb Code     0  startup_stm32f4xx.o(.text)
    OTG_HS_IRQHandler                        0x08001967   Thumb Code     0  startup_stm32f4xx.o(.text)
    OTG_HS_WKUP_IRQHandler                   0x08001967   Thumb Code     0  startup_stm32f4xx.o(.text)
    PVD_IRQHandler                           0x08001967   Thumb Code     0  startup_stm32f4xx.o(.text)
    RCC_IRQHandler                           0x08001967   Thumb Code     0  startup_stm32f4xx.o(.text)
    RTC_Alarm_IRQHandler                     0x08001967   Thumb Code     0  startup_stm32f4xx.o(.text)
    RTC_WKUP_IRQHandler                      0x08001967   Thumb Code     0  startup_stm32f4xx.o(.text)
    SDIO_IRQHandler                          0x08001967   Thumb Code     0  startup_stm32f4xx.o(.text)
    SPI1_IRQHandler                          0x08001967   Thumb Code     0  startup_stm32f4xx.o(.text)
    SPI2_IRQHandler                          0x08001967   Thumb Code     0  startup_stm32f4xx.o(.text)
    SPI3_IRQHandler                          0x08001967   Thumb Code     0  startup_stm32f4xx.o(.text)
    TAMP_STAMP_IRQHandler                    0x08001967   Thumb Code     0  startup_stm32f4xx.o(.text)
    TIM1_BRK_TIM9_IRQHandler                 0x08001967   Thumb Code     0  startup_stm32f4xx.o(.text)
    TIM1_CC_IRQHandler                       0x08001967   Thumb Code     0  startup_stm32f4xx.o(.text)
    TIM1_TRG_COM_TIM11_IRQHandler            0x08001967   Thumb Code     0  startup_stm32f4xx.o(.text)
    TIM1_UP_TIM10_IRQHandler                 0x08001967   Thumb Code     0  startup_stm32f4xx.o(.text)
    TIM2_IRQHandler                          0x08001967   Thumb Code     0  startup_stm32f4xx.o(.text)
    TIM3_IRQHandler                          0x08001967   Thumb Code     0  startup_stm32f4xx.o(.text)
    TIM4_IRQHandler                          0x08001967   Thumb Code     0  startup_stm32f4xx.o(.text)
    TIM5_IRQHandler                          0x08001967   Thumb Code     0  startup_stm32f4xx.o(.text)
    TIM6_DAC_IRQHandler                      0x08001967   Thumb Code     0  startup_stm32f4xx.o(.text)
    TIM7_IRQHandler                          0x08001967   Thumb Code     0  startup_stm32f4xx.o(.text)
    TIM8_BRK_TIM12_IRQHandler                0x08001967   Thumb Code     0  startup_stm32f4xx.o(.text)
    TIM8_CC_IRQHandler                       0x08001967   Thumb Code     0  startup_stm32f4xx.o(.text)
    TIM8_TRG_COM_TIM14_IRQHandler            0x08001967   Thumb Code     0  startup_stm32f4xx.o(.text)
    TIM8_UP_TIM13_IRQHandler                 0x08001967   Thumb Code     0  startup_stm32f4xx.o(.text)
    UART4_IRQHandler                         0x08001967   Thumb Code     0  startup_stm32f4xx.o(.text)
    UART5_IRQHandler                         0x08001967   Thumb Code     0  startup_stm32f4xx.o(.text)
    USART1_IRQHandler                        0x08001967   Thumb Code     0  startup_stm32f4xx.o(.text)
    USART2_IRQHandler                        0x08001967   Thumb Code     0  startup_stm32f4xx.o(.text)
    USART3_IRQHandler                        0x08001967   Thumb Code     0  startup_stm32f4xx.o(.text)
    USART6_IRQHandler                        0x08001967   Thumb Code     0  startup_stm32f4xx.o(.text)
    WWDG_IRQHandler                          0x08001967   Thumb Code     0  startup_stm32f4xx.o(.text)
    arm_cmplx_mag_f32                        0x08001971   Thumb Code   236  arm_cmplx_mag_f32.o(.text)
    arm_bitreversal_f32                      0x08001a61   Thumb Code   176  arm_cfft_radix4_f32.o(.text)
    arm_radix4_butterfly_f32                 0x08001b11   Thumb Code   836  arm_cfft_radix4_f32.o(.text)
    arm_radix4_butterfly_inverse_f32         0x08001e55   Thumb Code   868  arm_cfft_radix4_f32.o(.text)
    arm_cfft_radix4_f32                      0x080021b9   Thumb Code    58  arm_cfft_radix4_f32.o(.text)
    arm_cfft_radix4_init_f32                 0x080021f5   Thumb Code   116  arm_cfft_radix4_init_f32.o(.text)
    arm_max_f32                              0x0800228d   Thumb Code   124  arm_max_f32.o(.text)
    __scatterload                            0x08002309   Thumb Code    28  init.o(.text)
    __scatterload_rt2                        0x08002309   Thumb Code     0  init.o(.text)
    __decompress                             0x0800232d   Thumb Code     0  __dczerorl2.o(.text)
    __decompress1                            0x0800232d   Thumb Code    92  __dczerorl2.o(.text)
    __scatterload_copy                       0x08002389   Thumb Code    14  handlers.o(i.__scatterload_copy)
    __scatterload_null                       0x08002397   Thumb Code     2  handlers.o(i.__scatterload_null)
    __scatterload_zeroinit                   0x08002399   Thumb Code    14  handlers.o(i.__scatterload_zeroinit)
    BUTTON_PORT_SOURCE                       0x080023a8   Data           1  stm32f4_discovery.o(.constdata)
    BUTTON_PIN_SOURCE                        0x080023a9   Data           1  stm32f4_discovery.o(.constdata)
    BUTTON_IRQn                              0x080023aa   Data           1  stm32f4_discovery.o(.constdata)
    BUTTON_PIN                               0x080023ac   Data           2  stm32f4_discovery.o(.constdata)
    BUTTON_EXTI_LINE                         0x080023ae   Data           2  stm32f4_discovery.o(.constdata)
    BUTTON_CLK                               0x080023b0   Data           4  stm32f4_discovery.o(.constdata)
    COM_TX_PIN                               0x080023b4   Data           4  stm32f4_discovery.o(.constdata)
    COM_RX_PIN                               0x080023b8   Data           4  stm32f4_discovery.o(.constdata)
    COM_TX_PIN_SOURCE                        0x080023bc   Data           4  stm32f4_discovery.o(.constdata)
    COM_RX_PIN_SOURCE                        0x080023c0   Data           4  stm32f4_discovery.o(.constdata)
    COM_TX_AF                                0x080023c4   Data           4  stm32f4_discovery.o(.constdata)
    COM_RX_AF                                0x080023c8   Data           4  stm32f4_discovery.o(.constdata)
    GPIO_PIN                                 0x080023cc   Data           8  stm32f4_discovery.o(.constdata)
    COM_USART_CLK                            0x080023d4   Data           8  stm32f4_discovery.o(.constdata)
    COM_TX_PORT_CLK                          0x080023dc   Data           8  stm32f4_discovery.o(.constdata)
    COM_RX_PORT_CLK                          0x080023e4   Data           8  stm32f4_discovery.o(.constdata)
    GPIO_CLK                                 0x080023ec   Data          16  stm32f4_discovery.o(.constdata)
    armBitRevTable                           0x080043fc   Data         512  arm_common_tables.o(.constdata)
    Region$$Table$$Base                      0x080045fc   Number         0  anon$$obj.o(Region$$Table)
    Region$$Table$$Limit                     0x0800461c   Number         0  anon$$obj.o(Region$$Table)
    testInput_f32_10khz                      0x20000000   Data        8192  arm_fft_bin_data.o(.data)
    fftSize                                  0x20002000   Data           4  main.o(.data)
    ifftFlag                                 0x20002004   Data           4  main.o(.data)
    doBitReverse                             0x20002008   Data           4  main.o(.data)
    refIndex                                 0x2000200c   Data           4  main.o(.data)
    testIndex                                0x20002010   Data           4  main.o(.data)
    SystemCoreClock                          0x20002014   Data           4  system_stm32f4xx.o(.data)
    AHBPrescTable                            0x20002018   Data          16  system_stm32f4xx.o(.data)
    BUTTON_PORT                              0x20002028   Data           4  stm32f4_discovery.o(.data)
    COM_USART                                0x2000202c   Data           8  stm32f4_discovery.o(.data)
    COM_TX_PORT                              0x20002034   Data           8  stm32f4_discovery.o(.data)
    COM_RX_PORT                              0x2000203c   Data           8  stm32f4_discovery.o(.data)
    GPIO_PORT                                0x20002044   Data          16  stm32f4_discovery.o(.data)
    __initial_sp                             0x20003468   Data           0  startup_stm32f4xx.o(STACK)



==============================================================================

Memory Map of the image

  Image Entry point : 0x08000189

  Load Region LR_IROM1 (Base: 0x08000000, Size: 0x00006680, Max: 0x00100000, ABSOLUTE, COMPRESSED[0x00005a1c])

    Execution Region ER_IROM1 (Base: 0x08000000, Size: 0x0000461c, Max: 0x00100000, ABSOLUTE)

    Base Addr    Size         Type   Attr      Idx    E Section Name        Object

    0x08000000   0x00000188   Data   RO          421    RESET               startup_stm32f4xx.o
    0x08000188   0x00000000   Code   RO          537  * .ARM.Collect$$$$00000000  mc_w.l(entry.o)
    0x08000188   0x00000004   Code   RO          540    .ARM.Collect$$$$00000001  mc_w.l(entry2.o)
    0x0800018c   0x00000004   Code   RO          543    .ARM.Collect$$$$00000004  mc_w.l(entry5.o)
    0x08000190   0x00000000   Code   RO          545    .ARM.Collect$$$$00000008  mc_w.l(entry7b.o)
    0x08000190   0x00000000   Code   RO          547    .ARM.Collect$$$$0000000A  mc_w.l(entry8b.o)
    0x08000190   0x00000008   Code   RO          548    .ARM.Collect$$$$0000000B  mc_w.l(entry9a.o)
    0x08000198   0x00000000   Code   RO          550    .ARM.Collect$$$$0000000D  mc_w.l(entry10a.o)
    0x08000198   0x00000000   Code   RO          552    .ARM.Collect$$$$0000000F  mc_w.l(entry11a.o)
    0x08000198   0x00000004   Code   RO          541    .ARM.Collect$$$$00002712  mc_w.l(entry2.o)
    0x0800019c   0x000000a4   Code   RO          137    .text               main.o
    0x08000240   0x00000012   Code   RO          165    .text               stm32f4xx_it.o
    0x08000252   0x00000002   PAD
    0x08000254   0x00000190   Code   RO          188    .text               system_stm32f4xx.o
    0x080003e4   0x0000043c   Code   RO          214    .text               stm32f4_discovery.o
    0x08000820   0x000000bc   Code   RO          239    .text               misc.o
    0x080008dc   0x00000224   Code   RO          259    .text               stm32f4xx_gpio.o
    0x08000b00   0x00000348   Code   RO          299    .text               stm32f4xx_dma.o
    0x08000e48   0x000001c4   Code   RO          319    .text               stm32f4xx_sdio.o
    0x0800100c   0x00000434   Code   RO          339    .text               stm32f4xx_rcc.o
    0x08001440   0x000000ec   Code   RO          361    .text               stm32f4xx_exti.o
    0x0800152c   0x000003b4   Code   RO          381    .text               stm32f4xx_usart.o
    0x080018e0   0x0000006c   Code   RO          401    .text               stm32f4xx_syscfg.o
    0x0800194c   0x00000024   Code   RO          422    .text               startup_stm32f4xx.o
    0x08001970   0x000000f0   Code   RO          427    .text               arm_cortexM4lf_math.lib(arm_cmplx_mag_f32.o)
    0x08001a60   0x00000792   Code   RO          468    .text               arm_cortexM4lf_math.lib(arm_cfft_radix4_f32.o)
    0x080021f2   0x00000002   PAD
    0x080021f4   0x00000098   Code   RO          485    .text               arm_cortexM4lf_math.lib(arm_cfft_radix4_init_f32.o)
    0x0800228c   0x0000007c   Code   RO          507    .text               arm_cortexM4lf_math.lib(arm_max_f32.o)
    0x08002308   0x00000024   Code   RO          554    .text               mc_w.l(init.o)
    0x0800232c   0x0000005c   Code   RO          564    .text               mc_w.l(__dczerorl2.o)
    0x08002388   0x0000000e   Code   RO          558    i.__scatterload_copy  mc_w.l(handlers.o)
    0x08002396   0x00000002   Code   RO          559    i.__scatterload_null  mc_w.l(handlers.o)
    0x08002398   0x0000000e   Code   RO          560    i.__scatterload_zeroinit  mc_w.l(handlers.o)
    0x080023a6   0x00000002   PAD
    0x080023a8   0x00000054   Data   RO          215    .constdata          stm32f4_discovery.o
    0x080023fc   0x00002000   Data   RO          486    .constdata          arm_cortexM4lf_math.lib(arm_cfft_radix4_init_f32.o)
    0x080043fc   0x00000200   Data   RO          523    .constdata          arm_cortexM4lf_math.lib(arm_common_tables.o)
    0x080045fc   0x00000020   Data   RO          556    Region$$Table       anon$$obj.o


    Execution Region RW_IRAM1 (Base: 0x20000000, Size: 0x00003468, Max: 0x00020000, ABSOLUTE, COMPRESSED[0x00001400])

    Base Addr    Size         Type   Attr      Idx    E Section Name        Object

    0x20000000   0x00002000   Data   RW            3    .data               arm_fft_bin_data.o
    0x20002000   0x00000014   Data   RW          139    .data               main.o
    0x20002014   0x00000014   Data   RW          189    .data               system_stm32f4xx.o
    0x20002028   0x0000002c   Data   RW          216    .data               stm32f4_discovery.o
    0x20002054   0x00000010   Data   RW          340    .data               stm32f4xx_rcc.o
    0x20002064   0x00001000   Zero   RW          138    .bss                main.o
    0x20003064   0x00000004   PAD
    0x20003068   0x00000400   Zero   RW          419    STACK               startup_stm32f4xx.o


==============================================================================

Image component sizes


      Code (inc. data)   RO Data    RW Data    ZI Data      Debug   Object Name

         0          0          0       8192          0     275754   arm_fft_bin_data.o
       164         16          0         20       4096       4980   main.o
       188         18          0          0          0       2269   misc.o
        36          8        392          0       1024        960   startup_stm32f4xx.o
      1084         30         84         44          0       5215   stm32f4_discovery.o
       840         34          0          0          0       7197   stm32f4xx_dma.o
       236         10          0          0          0       2715   stm32f4xx_exti.o
       548         36          0          0          0       4865   stm32f4xx_gpio.o
        18          0          0          0          0       1250   stm32f4xx_it.o
      1076         44          0         16          0      12071   stm32f4xx_rcc.o
       452         30          0          0          0       7848   stm32f4xx_sdio.o
       108         12          0          0          0       1835   stm32f4xx_syscfg.o
       948         24          0          0          0       8888   stm32f4xx_usart.o
       400         36          0         20          0       2051   system_stm32f4xx.o

    ----------------------------------------------------------------------
      6100        298        508       8292       5124     337898   Object Totals
         0          0         32          0          0          0   (incl. Generated)
         2          0          0          0          4          0   (incl. Padding)

    ----------------------------------------------------------------------

      Code (inc. data)   RO Data    RW Data    ZI Data      Debug   Library Member Name

      1938          0          0          0          0       4322   arm_cfft_radix4_f32.o
       152         36       8192          0          0       1367   arm_cfft_radix4_init_f32.o
       240          4          0          0          0      14876   arm_cmplx_mag_f32.o
         0          0        512          0          0        607   arm_common_tables.o
       124          0          0          0          0       1326   arm_max_f32.o
        92          0          0          0          0          0   __dczerorl2.o
         0          0          0          0          0          0   entry.o
         0          0          0          0          0          0   entry10a.o
         0          0          0          0          0          0   entry11a.o
         8          4          0          0          0          0   entry2.o
         4          0          0          0          0          0   entry5.o
         0          0          0          0          0          0   entry7b.o
         0          0          0          0          0          0   entry8b.o
         8          4          0          0          0          0   entry9a.o
        30          0          0          0          0          0   handlers.o
        36          8          0          0          0         68   init.o

    ----------------------------------------------------------------------
      2636         56       8704          0          0      22566   Library Totals
         4          0          0          0          0          0   (incl. Padding)

    ----------------------------------------------------------------------

      Code (inc. data)   RO Data    RW Data    ZI Data      Debug   Library Name

      2454         40       8704          0          0      22498   arm_cortexM4lf_math.lib
       178         16          0          0          0         68   mc_w.l

    ----------------------------------------------------------------------
      2636         56       8704          0          0      22566   Library Totals

    ----------------------------------------------------------------------

==============================================================================


      Code (inc. data)   RO Data    RW Data    ZI Data      Debug   

      8736        354       9212       8292       5124     356964   Grand Totals
      8736        354       9212       5120       5124     356964   ELF Image Totals (compressed)
      8736        354       9212       5120          0          0   ROM Totals

==============================================================================

    Total RO  Size (Code + RO Data)                17948 (  17.53kB)
    Total RW  Size (RW Data + ZI Data)             13416 (  13.10kB)
    Total ROM Size (Code + RO Data + RW Data)      23068 (  22.53kB)

==============================================================================

