ARM Linker, 5.03 [Build 24] [MDK-ARM Professional][RL-ARM][IFX-ARM Infineon Extensions]

==============================================================================

Section Cross References

    main.o(.text) refers to stm32f4_discovery_lcd.o(.text) for STM32f4_Discovery_LCD_Init
    system_stm32f4xx.o(.text) refers to system_stm32f4xx.o(.data) for .data
    stm32f4_discovery_lcd.o(.text) refers to stm32f4xx_fsmc.o(.text) for FSMC_NORSRAMCmd
    stm32f4_discovery_lcd.o(.text) refers to stm32f4xx_gpio.o(.text) for GPIO_Init
    stm32f4_discovery_lcd.o(.text) refers to stm32f4xx_rcc.o(.text) for RCC_AHB1PeriphClockCmd
    stm32f4_discovery_lcd.o(.text) refers to stm32f4_discovery_lcd.o(.data) for .data
    stm32f4_discovery_lcd.o(.text) refers to dfltui.o(.text) for __aeabi_ui2d
    stm32f4_discovery_lcd.o(.text) refers to dflti.o(.text) for __aeabi_i2d
    stm32f4_discovery_lcd.o(.text) refers to cdcmple.o(.text) for __aeabi_cdcmple
    stm32f4_discovery_lcd.o(.text) refers to cdrcmple.o(.text) for __aeabi_cdrcmple
    stm32f4_discovery_lcd.o(.data) refers to stm32f4_discovery_lcd.o(.constdata) for ASCII16x24_Table
    stm32f4_discovery_lcd.o(.data) refers to stm32f4_discovery_lcd.o(.constdata) for ASCII12x12_Table
    stm32f4_discovery_lcd.o(.data) refers to stm32f4_discovery_lcd.o(.constdata) for ASCII8x12_Table
    stm32f4_discovery_lcd.o(.data) refers to stm32f4_discovery_lcd.o(.constdata) for ASCII8x8_Table
    stm32f4_discovery.o(.text) refers to stm32f4xx_rcc.o(.text) for RCC_AHB1PeriphClockCmd
    stm32f4_discovery.o(.text) refers to stm32f4xx_gpio.o(.text) for GPIO_Init
    stm32f4_discovery.o(.text) refers to stm32f4xx_syscfg.o(.text) for SYSCFG_EXTILineConfig
    stm32f4_discovery.o(.text) refers to stm32f4xx_exti.o(.text) for EXTI_Init
    stm32f4_discovery.o(.text) refers to misc.o(.text) for NVIC_Init
    stm32f4_discovery.o(.text) refers to stm32f4xx_usart.o(.text) for USART_Init
    stm32f4_discovery.o(.text) refers to stm32f4xx_sdio.o(.text) for SDIO_ClockCmd
    stm32f4_discovery.o(.text) refers to stm32f4xx_dma.o(.text) for DMA_ClearFlag
    stm32f4_discovery.o(.text) refers to stm32f4_discovery.o(.constdata) for .constdata
    stm32f4_discovery.o(.text) refers to stm32f4_discovery.o(.data) for .data
    stm32f4xx_usart.o(.text) refers to stm32f4xx_rcc.o(.text) for RCC_APB2PeriphResetCmd
    stm32f4xx_gpio.o(.text) refers to stm32f4xx_rcc.o(.text) for RCC_AHB1PeriphResetCmd
    stm32f4xx_i2c.o(.text) refers to stm32f4xx_rcc.o(.text) for RCC_APB1PeriphResetCmd
    stm32f4xx_rcc.o(.text) refers to stm32f4xx_rcc.o(.data) for .data
    stm32f4xx_sdio.o(.text) refers to stm32f4xx_rcc.o(.text) for RCC_APB2PeriphResetCmd
    stm32f4xx_syscfg.o(.text) refers to stm32f4xx_rcc.o(.text) for RCC_APB2PeriphResetCmd
    startup_stm32f4xx.o(RESET) refers to startup_stm32f4xx.o(STACK) for __initial_sp
    startup_stm32f4xx.o(RESET) refers to startup_stm32f4xx.o(.text) for Reset_Handler
    startup_stm32f4xx.o(RESET) refers to stm32f4xx_it.o(.text) for NMI_Handler
    startup_stm32f4xx.o(.text) refers to system_stm32f4xx.o(.text) for SystemInit
    startup_stm32f4xx.o(.text) refers to entry.o(.ARM.Collect$$$$00000000) for __main
    entry.o(.ARM.Collect$$$$00000000) refers (Special) to entry10a.o(.ARM.Collect$$$$0000000D) for __rt_final_cpp
    entry.o(.ARM.Collect$$$$00000000) refers (Special) to entry11a.o(.ARM.Collect$$$$0000000F) for __rt_final_exit
    entry.o(.ARM.Collect$$$$00000000) refers (Special) to entry7b.o(.ARM.Collect$$$$00000008) for _main_clock
    entry.o(.ARM.Collect$$$$00000000) refers (Special) to entry8b.o(.ARM.Collect$$$$0000000A) for _main_cpp_init
    entry.o(.ARM.Collect$$$$00000000) refers (Special) to entry9a.o(.ARM.Collect$$$$0000000B) for _main_init
    entry.o(.ARM.Collect$$$$00000000) refers (Special) to entry5.o(.ARM.Collect$$$$00000004) for _main_scatterload
    entry.o(.ARM.Collect$$$$00000000) refers (Special) to entry2.o(.ARM.Collect$$$$00000001) for _main_stk
    dflti.o(.text) refers (Special) to iusefp.o(.text) for __I$use$fp
    dflti.o(.text) refers to depilogue.o(.text) for _double_epilogue
    dfltui.o(.text) refers (Special) to iusefp.o(.text) for __I$use$fp
    dfltui.o(.text) refers to depilogue.o(.text) for _double_epilogue
    cdcmple.o(.text) refers (Special) to iusefp.o(.text) for __I$use$fp
    cdrcmple.o(.text) refers (Special) to iusefp.o(.text) for __I$use$fp
    entry2.o(.ARM.Collect$$$$00000001) refers to entry2.o(.ARM.Collect$$$$00002712) for __lit__00000000
    entry2.o(.ARM.Collect$$$$00002712) refers to startup_stm32f4xx.o(STACK) for __initial_sp
    entry2.o(__vectab_stack_and_reset_area) refers to startup_stm32f4xx.o(STACK) for __initial_sp
    entry2.o(__vectab_stack_and_reset_area) refers to entry.o(.ARM.Collect$$$$00000000) for __main
    entry5.o(.ARM.Collect$$$$00000004) refers to init.o(.text) for __scatterload
    entry9a.o(.ARM.Collect$$$$0000000B) refers to main.o(.text) for main
    entry9b.o(.ARM.Collect$$$$0000000C) refers to main.o(.text) for main
    depilogue.o(.text) refers to llshl.o(.text) for __aeabi_llsl
    depilogue.o(.text) refers to llushr.o(.text) for __aeabi_llsr
    init.o(.text) refers to entry5.o(.ARM.Collect$$$$00000004) for __main_after_scatterload


==============================================================================

Removing Unused input sections from the image.

    Removing main.o(.rev16_text), (4 bytes).
    Removing main.o(.revsh_text), (4 bytes).
    Removing stm32f4xx_it.o(.rev16_text), (4 bytes).
    Removing stm32f4xx_it.o(.revsh_text), (4 bytes).
    Removing system_stm32f4xx.o(.rev16_text), (4 bytes).
    Removing system_stm32f4xx.o(.revsh_text), (4 bytes).
    Removing stm32f4_discovery_lcd.o(.rev16_text), (4 bytes).
    Removing stm32f4_discovery_lcd.o(.revsh_text), (4 bytes).
    Removing stm32f4_discovery_lcd.o(.constdata), (2304 bytes).
    Removing stm32f4_discovery_lcd.o(.constdata), (2304 bytes).
    Removing stm32f4_discovery_lcd.o(.constdata), (1536 bytes).
    Removing stm32f4_discovery_lcd.o(.data), (8 bytes).
    Removing stm32f4_discovery_lcd.o(.data), (8 bytes).
    Removing stm32f4_discovery_lcd.o(.data), (8 bytes).
    Removing stm32f4_discovery.o(.rev16_text), (4 bytes).
    Removing stm32f4_discovery.o(.revsh_text), (4 bytes).
    Removing stm32f4_discovery.o(.text), (1084 bytes).
    Removing stm32f4_discovery.o(.constdata), (84 bytes).
    Removing stm32f4_discovery.o(.data), (44 bytes).
    Removing stm32f4_discovery.o(.data), (4 bytes).
    Removing stm32f4xx_usart.o(.rev16_text), (4 bytes).
    Removing stm32f4xx_usart.o(.revsh_text), (4 bytes).
    Removing stm32f4xx_usart.o(.text), (948 bytes).
    Removing misc.o(.rev16_text), (4 bytes).
    Removing misc.o(.revsh_text), (4 bytes).
    Removing misc.o(.text), (188 bytes).
    Removing stm32f4xx_dma.o(.rev16_text), (4 bytes).
    Removing stm32f4xx_dma.o(.revsh_text), (4 bytes).
    Removing stm32f4xx_dma.o(.text), (840 bytes).
    Removing stm32f4xx_exti.o(.rev16_text), (4 bytes).
    Removing stm32f4xx_exti.o(.revsh_text), (4 bytes).
    Removing stm32f4xx_exti.o(.text), (236 bytes).
    Removing stm32f4xx_fsmc.o(.rev16_text), (4 bytes).
    Removing stm32f4xx_fsmc.o(.revsh_text), (4 bytes).
    Removing stm32f4xx_gpio.o(.rev16_text), (4 bytes).
    Removing stm32f4xx_gpio.o(.revsh_text), (4 bytes).
    Removing stm32f4xx_i2c.o(.rev16_text), (4 bytes).
    Removing stm32f4xx_i2c.o(.revsh_text), (4 bytes).
    Removing stm32f4xx_i2c.o(.text), (948 bytes).
    Removing stm32f4xx_rcc.o(.rev16_text), (4 bytes).
    Removing stm32f4xx_rcc.o(.revsh_text), (4 bytes).
    Removing stm32f4xx_sdio.o(.rev16_text), (4 bytes).
    Removing stm32f4xx_sdio.o(.revsh_text), (4 bytes).
    Removing stm32f4xx_sdio.o(.text), (452 bytes).
    Removing stm32f4xx_syscfg.o(.rev16_text), (4 bytes).
    Removing stm32f4xx_syscfg.o(.revsh_text), (4 bytes).
    Removing stm32f4xx_syscfg.o(.text), (108 bytes).
    Removing startup_stm32f4xx.o(HEAP), (512 bytes).

48 unused section(s) (total 11736 bytes) removed from the image.

==============================================================================

Image Symbol Table

    Local Symbols

    Symbol Name                              Value     Ov Type        Size  Object(Section)

    ../clib/microlib/init/entry.s            0x00000000   Number         0  entry.o ABSOLUTE
    ../clib/microlib/init/entry.s            0x00000000   Number         0  entry2.o ABSOLUTE
    ../clib/microlib/init/entry.s            0x00000000   Number         0  entry5.o ABSOLUTE
    ../clib/microlib/init/entry.s            0x00000000   Number         0  entry7a.o ABSOLUTE
    ../clib/microlib/init/entry.s            0x00000000   Number         0  entry7b.o ABSOLUTE
    ../clib/microlib/init/entry.s            0x00000000   Number         0  entry8a.o ABSOLUTE
    ../clib/microlib/init/entry.s            0x00000000   Number         0  entry8b.o ABSOLUTE
    ../clib/microlib/init/entry.s            0x00000000   Number         0  entry9a.o ABSOLUTE
    ../clib/microlib/init/entry.s            0x00000000   Number         0  entry11b.o ABSOLUTE
    ../clib/microlib/init/entry.s            0x00000000   Number         0  entry11a.o ABSOLUTE
    ../clib/microlib/init/entry.s            0x00000000   Number         0  entry10b.o ABSOLUTE
    ../clib/microlib/init/entry.s            0x00000000   Number         0  entry10a.o ABSOLUTE
    ../clib/microlib/init/entry.s            0x00000000   Number         0  entry9b.o ABSOLUTE
    ../clib/microlib/longlong.c              0x00000000   Number         0  llushr.o ABSOLUTE
    ../clib/microlib/longlong.c              0x00000000   Number         0  llshl.o ABSOLUTE
    ../clib/microlib/stubs.s                 0x00000000   Number         0  iusefp.o ABSOLUTE
    ../fplib/microlib/fpepilogue.c           0x00000000   Number         0  depilogue.o ABSOLUTE
    ../fplib/microlib/fpflt.c                0x00000000   Number         0  dflti.o ABSOLUTE
    ../fplib/microlib/fpflt.c                0x00000000   Number         0  dfltui.o ABSOLUTE
    ..\..\..\Libraries\CMSIS\Device\ST\STM32F4xx\Source\Templates\arm\startup_stm32f4xx.s 0x00000000   Number         0  startup_stm32f4xx.o ABSOLUTE
    ..\..\..\Libraries\STM32F4xx_StdPeriph_Driver\src\misc.c 0x00000000   Number         0  misc.o ABSOLUTE
    ..\..\..\Libraries\STM32F4xx_StdPeriph_Driver\src\stm32f4xx_dma.c 0x00000000   Number         0  stm32f4xx_dma.o ABSOLUTE
    ..\..\..\Libraries\STM32F4xx_StdPeriph_Driver\src\stm32f4xx_exti.c 0x00000000   Number         0  stm32f4xx_exti.o ABSOLUTE
    ..\..\..\Libraries\STM32F4xx_StdPeriph_Driver\src\stm32f4xx_fsmc.c 0x00000000   Number         0  stm32f4xx_fsmc.o ABSOLUTE
    ..\..\..\Libraries\STM32F4xx_StdPeriph_Driver\src\stm32f4xx_gpio.c 0x00000000   Number         0  stm32f4xx_gpio.o ABSOLUTE
    ..\..\..\Libraries\STM32F4xx_StdPeriph_Driver\src\stm32f4xx_i2c.c 0x00000000   Number         0  stm32f4xx_i2c.o ABSOLUTE
    ..\..\..\Libraries\STM32F4xx_StdPeriph_Driver\src\stm32f4xx_rcc.c 0x00000000   Number         0  stm32f4xx_rcc.o ABSOLUTE
    ..\..\..\Libraries\STM32F4xx_StdPeriph_Driver\src\stm32f4xx_sdio.c 0x00000000   Number         0  stm32f4xx_sdio.o ABSOLUTE
    ..\..\..\Libraries\STM32F4xx_StdPeriph_Driver\src\stm32f4xx_syscfg.c 0x00000000   Number         0  stm32f4xx_syscfg.o ABSOLUTE
    ..\..\..\Libraries\STM32F4xx_StdPeriph_Driver\src\stm32f4xx_usart.c 0x00000000   Number         0  stm32f4xx_usart.o ABSOLUTE
    ..\..\..\Utilities\STM32F4-Discovery\stm32f4_discovery.c 0x00000000   Number         0  stm32f4_discovery.o ABSOLUTE
    ..\..\..\Utilities\STM32F4-Discovery\stm32f4_discovery_lcd.c 0x00000000   Number         0  stm32f4_discovery_lcd.o ABSOLUTE
    ..\\..\\..\\Libraries\\STM32F4xx_StdPeriph_Driver\\src\\misc.c 0x00000000   Number         0  misc.o ABSOLUTE
    ..\\..\\..\\Libraries\\STM32F4xx_StdPeriph_Driver\\src\\stm32f4xx_dma.c 0x00000000   Number         0  stm32f4xx_dma.o ABSOLUTE
    ..\\..\\..\\Libraries\\STM32F4xx_StdPeriph_Driver\\src\\stm32f4xx_exti.c 0x00000000   Number         0  stm32f4xx_exti.o ABSOLUTE
    ..\\..\\..\\Libraries\\STM32F4xx_StdPeriph_Driver\\src\\stm32f4xx_fsmc.c 0x00000000   Number         0  stm32f4xx_fsmc.o ABSOLUTE
    ..\\..\\..\\Libraries\\STM32F4xx_StdPeriph_Driver\\src\\stm32f4xx_gpio.c 0x00000000   Number         0  stm32f4xx_gpio.o ABSOLUTE
    ..\\..\\..\\Libraries\\STM32F4xx_StdPeriph_Driver\\src\\stm32f4xx_i2c.c 0x00000000   Number         0  stm32f4xx_i2c.o ABSOLUTE
    ..\\..\\..\\Libraries\\STM32F4xx_StdPeriph_Driver\\src\\stm32f4xx_rcc.c 0x00000000   Number         0  stm32f4xx_rcc.o ABSOLUTE
    ..\\..\\..\\Libraries\\STM32F4xx_StdPeriph_Driver\\src\\stm32f4xx_sdio.c 0x00000000   Number         0  stm32f4xx_sdio.o ABSOLUTE
    ..\\..\\..\\Libraries\\STM32F4xx_StdPeriph_Driver\\src\\stm32f4xx_syscfg.c 0x00000000   Number         0  stm32f4xx_syscfg.o ABSOLUTE
    ..\\..\\..\\Libraries\\STM32F4xx_StdPeriph_Driver\\src\\stm32f4xx_usart.c 0x00000000   Number         0  stm32f4xx_usart.o ABSOLUTE
    ..\\..\\..\\Utilities\\STM32F4-Discovery\\stm32f4_discovery.c 0x00000000   Number         0  stm32f4_discovery.o ABSOLUTE
    ..\\..\\..\\Utilities\\STM32F4-Discovery\\stm32f4_discovery_lcd.c 0x00000000   Number         0  stm32f4_discovery_lcd.o ABSOLUTE
    ..\\src\\main.c                          0x00000000   Number         0  main.o ABSOLUTE
    ..\\src\\stm32f4xx_it.c                  0x00000000   Number         0  stm32f4xx_it.o ABSOLUTE
    ..\\src\\system_stm32f4xx.c              0x00000000   Number         0  system_stm32f4xx.o ABSOLUTE
    ..\src\main.c                            0x00000000   Number         0  main.o ABSOLUTE
    ..\src\stm32f4xx_it.c                    0x00000000   Number         0  stm32f4xx_it.o ABSOLUTE
    ..\src\system_stm32f4xx.c                0x00000000   Number         0  system_stm32f4xx.o ABSOLUTE
    cdcmple.s                                0x00000000   Number         0  cdcmple.o ABSOLUTE
    cdrcmple.s                               0x00000000   Number         0  cdrcmple.o ABSOLUTE
    dc.s                                     0x00000000   Number         0  dc.o ABSOLUTE
    handlers.s                               0x00000000   Number         0  handlers.o ABSOLUTE
    init.s                                   0x00000000   Number         0  init.o ABSOLUTE
    RESET                                    0x08000000   Section      392  startup_stm32f4xx.o(RESET)
    .ARM.Collect$$$$00000000                 0x08000188   Section        0  entry.o(.ARM.Collect$$$$00000000)
    .ARM.Collect$$$$00000001                 0x08000188   Section        4  entry2.o(.ARM.Collect$$$$00000001)
    .ARM.Collect$$$$00000004                 0x0800018c   Section        4  entry5.o(.ARM.Collect$$$$00000004)
    .ARM.Collect$$$$00000008                 0x08000190   Section        0  entry7b.o(.ARM.Collect$$$$00000008)
    .ARM.Collect$$$$0000000A                 0x08000190   Section        0  entry8b.o(.ARM.Collect$$$$0000000A)
    .ARM.Collect$$$$0000000B                 0x08000190   Section        8  entry9a.o(.ARM.Collect$$$$0000000B)
    .ARM.Collect$$$$0000000D                 0x08000198   Section        0  entry10a.o(.ARM.Collect$$$$0000000D)
    .ARM.Collect$$$$0000000F                 0x08000198   Section        0  entry11a.o(.ARM.Collect$$$$0000000F)
    .ARM.Collect$$$$00002712                 0x08000198   Section        4  entry2.o(.ARM.Collect$$$$00002712)
    __lit__00000000                          0x08000198   Data           4  entry2.o(.ARM.Collect$$$$00002712)
    .text                                    0x0800019c   Section        0  main.o(.text)
    .text                                    0x08000268   Section        0  stm32f4xx_it.o(.text)
    .text                                    0x0800027c   Section        0  system_stm32f4xx.o(.text)
    SetSysClock                              0x0800027d   Thumb Code   168  system_stm32f4xx.o(.text)
    .text                                    0x0800040c   Section        0  stm32f4_discovery_lcd.o(.text)
    delay                                    0x08000801   Thumb Code    56  stm32f4_discovery_lcd.o(.text)
    PutPixel                                 0x08000b7f   Thumb Code    26  stm32f4_discovery_lcd.o(.text)
    LCD_PolyLineRelativeClosed               0x08000fc5   Thumb Code    96  stm32f4_discovery_lcd.o(.text)
    .text                                    0x08001224   Section        0  stm32f4xx_fsmc.o(.text)
    .text                                    0x080016d8   Section        0  stm32f4xx_gpio.o(.text)
    .text                                    0x080018fc   Section        0  stm32f4xx_rcc.o(.text)
    .text                                    0x08001d30   Section       36  startup_stm32f4xx.o(.text)
    $v0                                      0x08001d30   Number         0  startup_stm32f4xx.o(.text)
    .text                                    0x08001d54   Section        0  dflti.o(.text)
    .text                                    0x08001d76   Section        0  dfltui.o(.text)
    .text                                    0x08001d90   Section       40  cdcmple.o(.text)
    .text                                    0x08001db8   Section       40  cdrcmple.o(.text)
    .text                                    0x08001de0   Section        0  iusefp.o(.text)
    .text                                    0x08001de0   Section        0  depilogue.o(.text)
    .text                                    0x08001ea0   Section       36  init.o(.text)
    .text                                    0x08001ec4   Section        0  llshl.o(.text)
    .text                                    0x08001ee2   Section        0  llushr.o(.text)
    i.__scatterload_copy                     0x08001f02   Section       14  handlers.o(i.__scatterload_copy)
    i.__scatterload_null                     0x08001f10   Section        2  handlers.o(i.__scatterload_null)
    i.__scatterload_zeroinit                 0x08001f12   Section       14  handlers.o(i.__scatterload_zeroinit)
    .constdata                               0x08001f20   Section     4560  stm32f4_discovery_lcd.o(.constdata)
    .data                                    0x20000000   Section       20  system_stm32f4xx.o(.data)
    .data                                    0x20000014   Section       16  stm32f4_discovery_lcd.o(.data)
    TextColor                                0x20000014   Data           2  stm32f4_discovery_lcd.o(.data)
    BackColor                                0x20000016   Data           2  stm32f4_discovery_lcd.o(.data)
    LCD_Currentfonts                         0x20000018   Data           4  stm32f4_discovery_lcd.o(.data)
    .data                                    0x20000024   Section       16  stm32f4xx_rcc.o(.data)
    APBAHBPrescTable                         0x20000024   Data          16  stm32f4xx_rcc.o(.data)
    STACK                                    0x20000038   Section     1024  startup_stm32f4xx.o(STACK)

    Global Symbols

    Symbol Name                              Value     Ov Type        Size  Object(Section)

    BuildAttributes$$THM_ISAv4$E$P$D$K$B$S$7EM$VFPi3$EXTD16$VFPS$VFMA$PE$A:L22UL41UL21$X:L11$S22US41US21$IEEE1$IW$USESV6$~STKCKD$USESV7$~SHL$OSPACE$ROPI$EBA8$MICROLIB$REQ8$PRES8$EABIv2 0x00000000   Number         0  anon$$obj.o ABSOLUTE
    __ARM_use_no_argv                        0x00000000   Number         0  main.o ABSOLUTE
    __cpp_initialize__aeabi_                  - Undefined Weak Reference
    __cxa_finalize                            - Undefined Weak Reference
    __decompress                              - Undefined Weak Reference
    _clock_init                               - Undefined Weak Reference
    _microlib_exit                            - Undefined Weak Reference
    __Vectors_Size                           0x00000188   Number         0  startup_stm32f4xx.o ABSOLUTE
    __Vectors                                0x08000000   Data           4  startup_stm32f4xx.o(RESET)
    __Vectors_End                            0x08000188   Data           0  startup_stm32f4xx.o(RESET)
    __main                                   0x08000189   Thumb Code     0  entry.o(.ARM.Collect$$$$00000000)
    _main_stk                                0x08000189   Thumb Code     0  entry2.o(.ARM.Collect$$$$00000001)
    _main_scatterload                        0x0800018d   Thumb Code     0  entry5.o(.ARM.Collect$$$$00000004)
    __main_after_scatterload                 0x08000191   Thumb Code     0  entry5.o(.ARM.Collect$$$$00000004)
    _main_clock                              0x08000191   Thumb Code     0  entry7b.o(.ARM.Collect$$$$00000008)
    _main_cpp_init                           0x08000191   Thumb Code     0  entry8b.o(.ARM.Collect$$$$0000000A)
    _main_init                               0x08000191   Thumb Code     0  entry9a.o(.ARM.Collect$$$$0000000B)
    __rt_final_cpp                           0x08000199   Thumb Code     0  entry10a.o(.ARM.Collect$$$$0000000D)
    __rt_final_exit                          0x08000199   Thumb Code     0  entry11a.o(.ARM.Collect$$$$0000000F)
    main                                     0x0800019d   Thumb Code   124  main.o(.text)
    NMI_Handler                              0x08000269   Thumb Code     2  stm32f4xx_it.o(.text)
    HardFault_Handler                        0x0800026b   Thumb Code     2  stm32f4xx_it.o(.text)
    MemManage_Handler                        0x0800026d   Thumb Code     2  stm32f4xx_it.o(.text)
    BusFault_Handler                         0x0800026f   Thumb Code     2  stm32f4xx_it.o(.text)
    UsageFault_Handler                       0x08000271   Thumb Code     2  stm32f4xx_it.o(.text)
    SVC_Handler                              0x08000273   Thumb Code     2  stm32f4xx_it.o(.text)
    DebugMon_Handler                         0x08000275   Thumb Code     2  stm32f4xx_it.o(.text)
    PendSV_Handler                           0x08000277   Thumb Code     2  stm32f4xx_it.o(.text)
    SysTick_Handler                          0x08000279   Thumb Code     2  stm32f4xx_it.o(.text)
    SystemInit                               0x08000325   Thumb Code    74  system_stm32f4xx.o(.text)
    SystemCoreClockUpdate                    0x0800036f   Thumb Code   122  system_stm32f4xx.o(.text)
    LCD_DisplayOff                           0x0800040d   Thumb Code     2  stm32f4_discovery_lcd.o(.text)
    LCD_DeInit                               0x0800040f   Thumb Code   544  stm32f4_discovery_lcd.o(.text)
    LCD_CtrlLinesConfig                      0x0800062f   Thumb Code   356  stm32f4_discovery_lcd.o(.text)
    LCD_FSMCConfig                           0x08000793   Thumb Code    86  stm32f4_discovery_lcd.o(.text)
    LCD_SetFont                              0x080007e9   Thumb Code     6  stm32f4_discovery_lcd.o(.text)
    LCD_WriteRAM                             0x080007ef   Thumb Code     6  stm32f4_discovery_lcd.o(.text)
    LCD_WriteReg                             0x080007f5   Thumb Code    12  stm32f4_discovery_lcd.o(.text)
    STM32f4_Discovery_LCD_Init               0x08000839   Thumb Code   342  stm32f4_discovery_lcd.o(.text)
    LCD_SetCursor                            0x0800098f   Thumb Code    22  stm32f4_discovery_lcd.o(.text)
    LCD_ReadReg                              0x080009a5   Thumb Code    12  stm32f4_discovery_lcd.o(.text)
    LCD_WriteRAM_Prepare                     0x080009b1   Thumb Code    10  stm32f4_discovery_lcd.o(.text)
    LCD_ReadRAM                              0x080009bb   Thumb Code     6  stm32f4_discovery_lcd.o(.text)
    LCD_RGB_Test                             0x080009c1   Thumb Code    70  stm32f4_discovery_lcd.o(.text)
    LCD_SetColors                            0x08000a07   Thumb Code    20  stm32f4_discovery_lcd.o(.text)
    LCD_GetColors                            0x08000a1b   Thumb Code    14  stm32f4_discovery_lcd.o(.text)
    LCD_SetTextColor                         0x08000a29   Thumb Code    14  stm32f4_discovery_lcd.o(.text)
    LCD_SetBackColor                         0x08000a37   Thumb Code    14  stm32f4_discovery_lcd.o(.text)
    LCD_DisplayOn                            0x08000a45   Thumb Code     2  stm32f4_discovery_lcd.o(.text)
    LCD_GetFont                              0x08000a47   Thumb Code     8  stm32f4_discovery_lcd.o(.text)
    LCD_DrawChar                             0x08000a4f   Thumb Code   122  stm32f4_discovery_lcd.o(.text)
    LCD_DisplayChar                          0x08000ac9   Thumb Code    26  stm32f4_discovery_lcd.o(.text)
    LCD_ClearLine                            0x08000ae3   Thumb Code    38  stm32f4_discovery_lcd.o(.text)
    LCD_Clear                                0x08000b09   Thumb Code    34  stm32f4_discovery_lcd.o(.text)
    LCD_DrawLine                             0x08000b2b   Thumb Code    84  stm32f4_discovery_lcd.o(.text)
    LCD_DisplayStringLine                    0x08000b99   Thumb Code    50  stm32f4_discovery_lcd.o(.text)
    LCD_SetDisplayWindow                     0x08000bcb   Thumb Code    78  stm32f4_discovery_lcd.o(.text)
    LCD_WindowModeDisable                    0x08000c19   Thumb Code     2  stm32f4_discovery_lcd.o(.text)
    LCD_DrawRect                             0x08000c1b   Thumb Code    80  stm32f4_discovery_lcd.o(.text)
    LCD_DrawCircle                           0x08000c6b   Thumb Code   262  stm32f4_discovery_lcd.o(.text)
    LCD_DrawMonoPict                         0x08000d71   Thumb Code    70  stm32f4_discovery_lcd.o(.text)
    LCD_WriteBMP                             0x08000db7   Thumb Code     2  stm32f4_discovery_lcd.o(.text)
    LCD_DrawFullRect                         0x08000db9   Thumb Code   132  stm32f4_discovery_lcd.o(.text)
    LCD_DrawFullCircle                       0x08000e3d   Thumb Code   168  stm32f4_discovery_lcd.o(.text)
    LCD_DrawUniLine                          0x08000ee5   Thumb Code   184  stm32f4_discovery_lcd.o(.text)
    LCD_PolyLine                             0x08000f9d   Thumb Code    40  stm32f4_discovery_lcd.o(.text)
    LCD_ClosedPolyLine                       0x08001025   Thumb Code    34  stm32f4_discovery_lcd.o(.text)
    LCD_PolyLineRelative                     0x08001047   Thumb Code     4  stm32f4_discovery_lcd.o(.text)
    LCD_ClosedPolyLineRelative               0x0800104b   Thumb Code     4  stm32f4_discovery_lcd.o(.text)
    LCD_FillPolyLine                         0x0800104f   Thumb Code   464  stm32f4_discovery_lcd.o(.text)
    FSMC_NORSRAMDeInit                       0x08001225   Thumb Code    42  stm32f4xx_fsmc.o(.text)
    FSMC_NORSRAMInit                         0x0800124f   Thumb Code   192  stm32f4xx_fsmc.o(.text)
    FSMC_NORSRAMStructInit                   0x0800130f   Thumb Code    98  stm32f4xx_fsmc.o(.text)
    FSMC_NORSRAMCmd                          0x08001371   Thumb Code    32  stm32f4xx_fsmc.o(.text)
    FSMC_NANDDeInit                          0x08001391   Thumb Code    40  stm32f4xx_fsmc.o(.text)
    FSMC_NANDInit                            0x080013b9   Thumb Code   104  stm32f4xx_fsmc.o(.text)
    FSMC_NANDStructInit                      0x08001421   Thumb Code    54  stm32f4xx_fsmc.o(.text)
    FSMC_NANDCmd                             0x08001457   Thumb Code    60  stm32f4xx_fsmc.o(.text)
    FSMC_NANDECCCmd                          0x08001493   Thumb Code    60  stm32f4xx_fsmc.o(.text)
    FSMC_GetECC                              0x080014cf   Thumb Code    18  stm32f4xx_fsmc.o(.text)
    FSMC_PCCARDDeInit                        0x080014e1   Thumb Code    22  stm32f4xx_fsmc.o(.text)
    FSMC_PCCARDInit                          0x080014f7   Thumb Code   110  stm32f4xx_fsmc.o(.text)
    FSMC_PCCARDStructInit                    0x08001565   Thumb Code    60  stm32f4xx_fsmc.o(.text)
    FSMC_PCCARDCmd                           0x080015a1   Thumb Code    34  stm32f4xx_fsmc.o(.text)
    FSMC_ITConfig                            0x080015c3   Thumb Code    86  stm32f4xx_fsmc.o(.text)
    FSMC_GetFlagStatus                       0x08001619   Thumb Code    40  stm32f4xx_fsmc.o(.text)
    FSMC_ClearFlag                           0x08001641   Thumb Code    42  stm32f4xx_fsmc.o(.text)
    FSMC_GetITStatus                         0x0800166b   Thumb Code    52  stm32f4xx_fsmc.o(.text)
    FSMC_ClearITPendingBit                   0x0800169f   Thumb Code    48  stm32f4xx_fsmc.o(.text)
    GPIO_DeInit                              0x080016d9   Thumb Code   240  stm32f4xx_gpio.o(.text)
    GPIO_Init                                0x080017c9   Thumb Code   124  stm32f4xx_gpio.o(.text)
    GPIO_StructInit                          0x08001845   Thumb Code    18  stm32f4xx_gpio.o(.text)
    GPIO_PinLockConfig                       0x08001857   Thumb Code    26  stm32f4xx_gpio.o(.text)
    GPIO_ReadInputDataBit                    0x08001871   Thumb Code    14  stm32f4xx_gpio.o(.text)
    GPIO_ReadInputData                       0x0800187f   Thumb Code     6  stm32f4xx_gpio.o(.text)
    GPIO_ReadOutputDataBit                   0x08001885   Thumb Code    14  stm32f4xx_gpio.o(.text)
    GPIO_ReadOutputData                      0x08001893   Thumb Code     6  stm32f4xx_gpio.o(.text)
    GPIO_SetBits                             0x08001899   Thumb Code     4  stm32f4xx_gpio.o(.text)
    GPIO_ResetBits                           0x0800189d   Thumb Code     4  stm32f4xx_gpio.o(.text)
    GPIO_WriteBit                            0x080018a1   Thumb Code    12  stm32f4xx_gpio.o(.text)
    GPIO_Write                               0x080018ad   Thumb Code     4  stm32f4xx_gpio.o(.text)
    GPIO_ToggleBits                          0x080018b1   Thumb Code     8  stm32f4xx_gpio.o(.text)
    GPIO_PinAFConfig                         0x080018b9   Thumb Code    32  stm32f4xx_gpio.o(.text)
    RCC_DeInit                               0x080018fd   Thumb Code    48  stm32f4xx_rcc.o(.text)
    RCC_HSEConfig                            0x0800192d   Thumb Code    12  stm32f4xx_rcc.o(.text)
    RCC_GetFlagStatus                        0x08001939   Thumb Code    50  stm32f4xx_rcc.o(.text)
    RCC_WaitForHSEStartUp                    0x0800196b   Thumb Code    48  stm32f4xx_rcc.o(.text)
    RCC_AdjustHSICalibrationValue            0x0800199b   Thumb Code    16  stm32f4xx_rcc.o(.text)
    RCC_HSICmd                               0x080019ab   Thumb Code     6  stm32f4xx_rcc.o(.text)
    RCC_LSEConfig                            0x080019b1   Thumb Code    30  stm32f4xx_rcc.o(.text)
    RCC_LSICmd                               0x080019cf   Thumb Code     6  stm32f4xx_rcc.o(.text)
    RCC_PLLConfig                            0x080019d5   Thumb Code    34  stm32f4xx_rcc.o(.text)
    RCC_PLLCmd                               0x080019f7   Thumb Code     6  stm32f4xx_rcc.o(.text)
    RCC_PLLI2SConfig                         0x080019fd   Thumb Code    14  stm32f4xx_rcc.o(.text)
    RCC_PLLI2SCmd                            0x08001a0b   Thumb Code     6  stm32f4xx_rcc.o(.text)
    RCC_ClockSecuritySystemCmd               0x08001a11   Thumb Code     6  stm32f4xx_rcc.o(.text)
    RCC_MCO1Config                           0x08001a17   Thumb Code    18  stm32f4xx_rcc.o(.text)
    RCC_MCO2Config                           0x08001a29   Thumb Code    18  stm32f4xx_rcc.o(.text)
    RCC_SYSCLKConfig                         0x08001a3b   Thumb Code    16  stm32f4xx_rcc.o(.text)
    RCC_GetSYSCLKSource                      0x08001a4b   Thumb Code    12  stm32f4xx_rcc.o(.text)
    RCC_HCLKConfig                           0x08001a57   Thumb Code    16  stm32f4xx_rcc.o(.text)
    RCC_PCLK1Config                          0x08001a67   Thumb Code    16  stm32f4xx_rcc.o(.text)
    RCC_PCLK2Config                          0x08001a77   Thumb Code    18  stm32f4xx_rcc.o(.text)
    RCC_GetClocksFreq                        0x08001a89   Thumb Code   150  stm32f4xx_rcc.o(.text)
    RCC_RTCCLKConfig                         0x08001b1f   Thumb Code    42  stm32f4xx_rcc.o(.text)
    RCC_RTCCLKCmd                            0x08001b49   Thumb Code     8  stm32f4xx_rcc.o(.text)
    RCC_BackupResetCmd                       0x08001b51   Thumb Code     8  stm32f4xx_rcc.o(.text)
    RCC_I2SCLKConfig                         0x08001b59   Thumb Code     6  stm32f4xx_rcc.o(.text)
    RCC_AHB1PeriphClockCmd                   0x08001b5f   Thumb Code    24  stm32f4xx_rcc.o(.text)
    RCC_AHB2PeriphClockCmd                   0x08001b77   Thumb Code    24  stm32f4xx_rcc.o(.text)
    RCC_AHB3PeriphClockCmd                   0x08001b8f   Thumb Code    24  stm32f4xx_rcc.o(.text)
    RCC_APB1PeriphClockCmd                   0x08001ba7   Thumb Code    24  stm32f4xx_rcc.o(.text)
    RCC_APB2PeriphClockCmd                   0x08001bbf   Thumb Code    24  stm32f4xx_rcc.o(.text)
    RCC_AHB1PeriphResetCmd                   0x08001bd7   Thumb Code    24  stm32f4xx_rcc.o(.text)
    RCC_AHB2PeriphResetCmd                   0x08001bef   Thumb Code    24  stm32f4xx_rcc.o(.text)
    RCC_AHB3PeriphResetCmd                   0x08001c07   Thumb Code    24  stm32f4xx_rcc.o(.text)
    RCC_APB1PeriphResetCmd                   0x08001c1f   Thumb Code    24  stm32f4xx_rcc.o(.text)
    RCC_APB2PeriphResetCmd                   0x08001c37   Thumb Code    24  stm32f4xx_rcc.o(.text)
    RCC_AHB1PeriphClockLPModeCmd             0x08001c4f   Thumb Code    24  stm32f4xx_rcc.o(.text)
    RCC_AHB2PeriphClockLPModeCmd             0x08001c67   Thumb Code    24  stm32f4xx_rcc.o(.text)
    RCC_AHB3PeriphClockLPModeCmd             0x08001c7f   Thumb Code    24  stm32f4xx_rcc.o(.text)
    RCC_APB1PeriphClockLPModeCmd             0x08001c97   Thumb Code    24  stm32f4xx_rcc.o(.text)
    RCC_APB2PeriphClockLPModeCmd             0x08001caf   Thumb Code    24  stm32f4xx_rcc.o(.text)
    RCC_ITConfig                             0x08001cc7   Thumb Code    62  stm32f4xx_rcc.o(.text)
    RCC_ClearFlag                            0x08001d05   Thumb Code    12  stm32f4xx_rcc.o(.text)
    RCC_GetITStatus                          0x08001d11   Thumb Code    18  stm32f4xx_rcc.o(.text)
    RCC_ClearITPendingBit                    0x08001d23   Thumb Code     8  stm32f4xx_rcc.o(.text)
    Reset_Handler                            0x08001d31   Thumb Code     8  startup_stm32f4xx.o(.text)
    ADC_IRQHandler                           0x08001d4b   Thumb Code     0  startup_stm32f4xx.o(.text)
    CAN1_RX0_IRQHandler                      0x08001d4b   Thumb Code     0  startup_stm32f4xx.o(.text)
    CAN1_RX1_IRQHandler                      0x08001d4b   Thumb Code     0  startup_stm32f4xx.o(.text)
    CAN1_SCE_IRQHandler                      0x08001d4b   Thumb Code     0  startup_stm32f4xx.o(.text)
    CAN1_TX_IRQHandler                       0x08001d4b   Thumb Code     0  startup_stm32f4xx.o(.text)
    CAN2_RX0_IRQHandler                      0x08001d4b   Thumb Code     0  startup_stm32f4xx.o(.text)
    CAN2_RX1_IRQHandler                      0x08001d4b   Thumb Code     0  startup_stm32f4xx.o(.text)
    CAN2_SCE_IRQHandler                      0x08001d4b   Thumb Code     0  startup_stm32f4xx.o(.text)
    CAN2_TX_IRQHandler                       0x08001d4b   Thumb Code     0  startup_stm32f4xx.o(.text)
    CRYP_IRQHandler                          0x08001d4b   Thumb Code     0  startup_stm32f4xx.o(.text)
    DCMI_IRQHandler                          0x08001d4b   Thumb Code     0  startup_stm32f4xx.o(.text)
    DMA1_Stream0_IRQHandler                  0x08001d4b   Thumb Code     0  startup_stm32f4xx.o(.text)
    DMA1_Stream1_IRQHandler                  0x08001d4b   Thumb Code     0  startup_stm32f4xx.o(.text)
    DMA1_Stream2_IRQHandler                  0x08001d4b   Thumb Code     0  startup_stm32f4xx.o(.text)
    DMA1_Stream3_IRQHandler                  0x08001d4b   Thumb Code     0  startup_stm32f4xx.o(.text)
    DMA1_Stream4_IRQHandler                  0x08001d4b   Thumb Code     0  startup_stm32f4xx.o(.text)
    DMA1_Stream5_IRQHandler                  0x08001d4b   Thumb Code     0  startup_stm32f4xx.o(.text)
    DMA1_Stream6_IRQHandler                  0x08001d4b   Thumb Code     0  startup_stm32f4xx.o(.text)
    DMA1_Stream7_IRQHandler                  0x08001d4b   Thumb Code     0  startup_stm32f4xx.o(.text)
    DMA2_Stream0_IRQHandler                  0x08001d4b   Thumb Code     0  startup_stm32f4xx.o(.text)
    DMA2_Stream1_IRQHandler                  0x08001d4b   Thumb Code     0  startup_stm32f4xx.o(.text)
    DMA2_Stream2_IRQHandler                  0x08001d4b   Thumb Code     0  startup_stm32f4xx.o(.text)
    DMA2_Stream3_IRQHandler                  0x08001d4b   Thumb Code     0  startup_stm32f4xx.o(.text)
    DMA2_Stream4_IRQHandler                  0x08001d4b   Thumb Code     0  startup_stm32f4xx.o(.text)
    DMA2_Stream5_IRQHandler                  0x08001d4b   Thumb Code     0  startup_stm32f4xx.o(.text)
    DMA2_Stream6_IRQHandler                  0x08001d4b   Thumb Code     0  startup_stm32f4xx.o(.text)
    DMA2_Stream7_IRQHandler                  0x08001d4b   Thumb Code     0  startup_stm32f4xx.o(.text)
    ETH_IRQHandler                           0x08001d4b   Thumb Code     0  startup_stm32f4xx.o(.text)
    ETH_WKUP_IRQHandler                      0x08001d4b   Thumb Code     0  startup_stm32f4xx.o(.text)
    EXTI0_IRQHandler                         0x08001d4b   Thumb Code     0  startup_stm32f4xx.o(.text)
    EXTI15_10_IRQHandler                     0x08001d4b   Thumb Code     0  startup_stm32f4xx.o(.text)
    EXTI1_IRQHandler                         0x08001d4b   Thumb Code     0  startup_stm32f4xx.o(.text)
    EXTI2_IRQHandler                         0x08001d4b   Thumb Code     0  startup_stm32f4xx.o(.text)
    EXTI3_IRQHandler                         0x08001d4b   Thumb Code     0  startup_stm32f4xx.o(.text)
    EXTI4_IRQHandler                         0x08001d4b   Thumb Code     0  startup_stm32f4xx.o(.text)
    EXTI9_5_IRQHandler                       0x08001d4b   Thumb Code     0  startup_stm32f4xx.o(.text)
    FLASH_IRQHandler                         0x08001d4b   Thumb Code     0  startup_stm32f4xx.o(.text)
    FPU_IRQHandler                           0x08001d4b   Thumb Code     0  startup_stm32f4xx.o(.text)
    FSMC_IRQHandler                          0x08001d4b   Thumb Code     0  startup_stm32f4xx.o(.text)
    HASH_RNG_IRQHandler                      0x08001d4b   Thumb Code     0  startup_stm32f4xx.o(.text)
    I2C1_ER_IRQHandler                       0x08001d4b   Thumb Code     0  startup_stm32f4xx.o(.text)
    I2C1_EV_IRQHandler                       0x08001d4b   Thumb Code     0  startup_stm32f4xx.o(.text)
    I2C2_ER_IRQHandler                       0x08001d4b   Thumb Code     0  startup_stm32f4xx.o(.text)
    I2C2_EV_IRQHandler                       0x08001d4b   Thumb Code     0  startup_stm32f4xx.o(.text)
    I2C3_ER_IRQHandler                       0x08001d4b   Thumb Code     0  startup_stm32f4xx.o(.text)
    I2C3_EV_IRQHandler                       0x08001d4b   Thumb Code     0  startup_stm32f4xx.o(.text)
    OTG_FS_IRQHandler                        0x08001d4b   Thumb Code     0  startup_stm32f4xx.o(.text)
    OTG_FS_WKUP_IRQHandler                   0x08001d4b   Thumb Code     0  startup_stm32f4xx.o(.text)
    OTG_HS_EP1_IN_IRQHandler                 0x08001d4b   Thumb Code     0  startup_stm32f4xx.o(.text)
    OTG_HS_EP1_OUT_IRQHandler                0x08001d4b   Thumb Code     0  startup_stm32f4xx.o(.text)
    OTG_HS_IRQHandler                        0x08001d4b   Thumb Code     0  startup_stm32f4xx.o(.text)
    OTG_HS_WKUP_IRQHandler                   0x08001d4b   Thumb Code     0  startup_stm32f4xx.o(.text)
    PVD_IRQHandler                           0x08001d4b   Thumb Code     0  startup_stm32f4xx.o(.text)
    RCC_IRQHandler                           0x08001d4b   Thumb Code     0  startup_stm32f4xx.o(.text)
    RTC_Alarm_IRQHandler                     0x08001d4b   Thumb Code     0  startup_stm32f4xx.o(.text)
    RTC_WKUP_IRQHandler                      0x08001d4b   Thumb Code     0  startup_stm32f4xx.o(.text)
    SDIO_IRQHandler                          0x08001d4b   Thumb Code     0  startup_stm32f4xx.o(.text)
    SPI1_IRQHandler                          0x08001d4b   Thumb Code     0  startup_stm32f4xx.o(.text)
    SPI2_IRQHandler                          0x08001d4b   Thumb Code     0  startup_stm32f4xx.o(.text)
    SPI3_IRQHandler                          0x08001d4b   Thumb Code     0  startup_stm32f4xx.o(.text)
    TAMP_STAMP_IRQHandler                    0x08001d4b   Thumb Code     0  startup_stm32f4xx.o(.text)
    TIM1_BRK_TIM9_IRQHandler                 0x08001d4b   Thumb Code     0  startup_stm32f4xx.o(.text)
    TIM1_CC_IRQHandler                       0x08001d4b   Thumb Code     0  startup_stm32f4xx.o(.text)
    TIM1_TRG_COM_TIM11_IRQHandler            0x08001d4b   Thumb Code     0  startup_stm32f4xx.o(.text)
    TIM1_UP_TIM10_IRQHandler                 0x08001d4b   Thumb Code     0  startup_stm32f4xx.o(.text)
    TIM2_IRQHandler                          0x08001d4b   Thumb Code     0  startup_stm32f4xx.o(.text)
    TIM3_IRQHandler                          0x08001d4b   Thumb Code     0  startup_stm32f4xx.o(.text)
    TIM4_IRQHandler                          0x08001d4b   Thumb Code     0  startup_stm32f4xx.o(.text)
    TIM5_IRQHandler                          0x08001d4b   Thumb Code     0  startup_stm32f4xx.o(.text)
    TIM6_DAC_IRQHandler                      0x08001d4b   Thumb Code     0  startup_stm32f4xx.o(.text)
    TIM7_IRQHandler                          0x08001d4b   Thumb Code     0  startup_stm32f4xx.o(.text)
    TIM8_BRK_TIM12_IRQHandler                0x08001d4b   Thumb Code     0  startup_stm32f4xx.o(.text)
    TIM8_CC_IRQHandler                       0x08001d4b   Thumb Code     0  startup_stm32f4xx.o(.text)
    TIM8_TRG_COM_TIM14_IRQHandler            0x08001d4b   Thumb Code     0  startup_stm32f4xx.o(.text)
    TIM8_UP_TIM13_IRQHandler                 0x08001d4b   Thumb Code     0  startup_stm32f4xx.o(.text)
    UART4_IRQHandler                         0x08001d4b   Thumb Code     0  startup_stm32f4xx.o(.text)
    UART5_IRQHandler                         0x08001d4b   Thumb Code     0  startup_stm32f4xx.o(.text)
    USART1_IRQHandler                        0x08001d4b   Thumb Code     0  startup_stm32f4xx.o(.text)
    USART2_IRQHandler                        0x08001d4b   Thumb Code     0  startup_stm32f4xx.o(.text)
    USART3_IRQHandler                        0x08001d4b   Thumb Code     0  startup_stm32f4xx.o(.text)
    USART6_IRQHandler                        0x08001d4b   Thumb Code     0  startup_stm32f4xx.o(.text)
    WWDG_IRQHandler                          0x08001d4b   Thumb Code     0  startup_stm32f4xx.o(.text)
    __aeabi_i2d                              0x08001d55   Thumb Code    34  dflti.o(.text)
    __aeabi_ui2d                             0x08001d77   Thumb Code    26  dfltui.o(.text)
    __aeabi_cdcmpeq                          0x08001d91   Thumb Code     0  cdcmple.o(.text)
    __aeabi_cdcmple                          0x08001d91   Thumb Code    38  cdcmple.o(.text)
    __aeabi_cdrcmple                         0x08001db9   Thumb Code    38  cdrcmple.o(.text)
    __I$use$fp                               0x08001de1   Thumb Code     0  iusefp.o(.text)
    _double_round                            0x08001de1   Thumb Code    26  depilogue.o(.text)
    _double_epilogue                         0x08001dfb   Thumb Code   164  depilogue.o(.text)
    __scatterload                            0x08001ea1   Thumb Code    28  init.o(.text)
    __scatterload_rt2                        0x08001ea1   Thumb Code     0  init.o(.text)
    __aeabi_llsl                             0x08001ec5   Thumb Code    30  llshl.o(.text)
    _ll_shift_l                              0x08001ec5   Thumb Code     0  llshl.o(.text)
    __aeabi_llsr                             0x08001ee3   Thumb Code    32  llushr.o(.text)
    _ll_ushift_r                             0x08001ee3   Thumb Code     0  llushr.o(.text)
    __scatterload_copy                       0x08001f03   Thumb Code    14  handlers.o(i.__scatterload_copy)
    __scatterload_null                       0x08001f11   Thumb Code     2  handlers.o(i.__scatterload_null)
    __scatterload_zeroinit                   0x08001f13   Thumb Code    14  handlers.o(i.__scatterload_zeroinit)
    ASCII16x24_Table                         0x08001f20   Data        4560  stm32f4_discovery_lcd.o(.constdata)
    Region$$Table$$Base                      0x080030f0   Number         0  anon$$obj.o(Region$$Table)
    Region$$Table$$Limit                     0x08003110   Number         0  anon$$obj.o(Region$$Table)
    SystemCoreClock                          0x20000000   Data           4  system_stm32f4xx.o(.data)
    AHBPrescTable                            0x20000004   Data          16  system_stm32f4xx.o(.data)
    Font16x24                                0x2000001c   Data           8  stm32f4_discovery_lcd.o(.data)
    __initial_sp                             0x20000438   Data           0  startup_stm32f4xx.o(STACK)



==============================================================================

Memory Map of the image

  Image Entry point : 0x08000189

  Load Region LR_IROM1 (Base: 0x08000000, Size: 0x00003144, Max: 0x00100000, ABSOLUTE)

    Execution Region ER_IROM1 (Base: 0x08000000, Size: 0x00003110, Max: 0x00100000, ABSOLUTE)

    Base Addr    Size         Type   Attr      Idx    E Section Name        Object

    0x08000000   0x00000188   Data   RO          456    RESET               startup_stm32f4xx.o
    0x08000188   0x00000000   Code   RO          461  * .ARM.Collect$$$$00000000  mc_w.l(entry.o)
    0x08000188   0x00000004   Code   RO          472    .ARM.Collect$$$$00000001  mc_w.l(entry2.o)
    0x0800018c   0x00000004   Code   RO          475    .ARM.Collect$$$$00000004  mc_w.l(entry5.o)
    0x08000190   0x00000000   Code   RO          477    .ARM.Collect$$$$00000008  mc_w.l(entry7b.o)
    0x08000190   0x00000000   Code   RO          479    .ARM.Collect$$$$0000000A  mc_w.l(entry8b.o)
    0x08000190   0x00000008   Code   RO          480    .ARM.Collect$$$$0000000B  mc_w.l(entry9a.o)
    0x08000198   0x00000000   Code   RO          482    .ARM.Collect$$$$0000000D  mc_w.l(entry10a.o)
    0x08000198   0x00000000   Code   RO          484    .ARM.Collect$$$$0000000F  mc_w.l(entry11a.o)
    0x08000198   0x00000004   Code   RO          473    .ARM.Collect$$$$00002712  mc_w.l(entry2.o)
    0x0800019c   0x000000cc   Code   RO            3    .text               main.o
    0x08000268   0x00000012   Code   RO          144    .text               stm32f4xx_it.o
    0x0800027a   0x00000002   PAD
    0x0800027c   0x00000190   Code   RO          167    .text               system_stm32f4xx.o
    0x0800040c   0x00000e18   Code   RO          193    .text               stm32f4_discovery_lcd.o
    0x08001224   0x000004b4   Code   RO          334    .text               stm32f4xx_fsmc.o
    0x080016d8   0x00000224   Code   RO          354    .text               stm32f4xx_gpio.o
    0x080018fc   0x00000434   Code   RO          394    .text               stm32f4xx_rcc.o
    0x08001d30   0x00000024   Code   RO          457    .text               startup_stm32f4xx.o
    0x08001d54   0x00000022   Code   RO          464    .text               mf_w.l(dflti.o)
    0x08001d76   0x0000001a   Code   RO          466    .text               mf_w.l(dfltui.o)
    0x08001d90   0x00000028   Code   RO          468    .text               mf_w.l(cdcmple.o)
    0x08001db8   0x00000028   Code   RO          470    .text               mf_w.l(cdrcmple.o)
    0x08001de0   0x00000000   Code   RO          486    .text               mc_w.l(iusefp.o)
    0x08001de0   0x000000be   Code   RO          487    .text               mf_w.l(depilogue.o)
    0x08001e9e   0x00000002   PAD
    0x08001ea0   0x00000024   Code   RO          489    .text               mc_w.l(init.o)
    0x08001ec4   0x0000001e   Code   RO          491    .text               mc_w.l(llshl.o)
    0x08001ee2   0x00000020   Code   RO          493    .text               mc_w.l(llushr.o)
    0x08001f02   0x0000000e   Code   RO          497    i.__scatterload_copy  mc_w.l(handlers.o)
    0x08001f10   0x00000002   Code   RO          498    i.__scatterload_null  mc_w.l(handlers.o)
    0x08001f12   0x0000000e   Code   RO          499    i.__scatterload_zeroinit  mc_w.l(handlers.o)
    0x08001f20   0x000011d0   Data   RO          194    .constdata          stm32f4_discovery_lcd.o
    0x080030f0   0x00000020   Data   RO          495    Region$$Table       anon$$obj.o


    Execution Region RW_IRAM1 (Base: 0x20000000, Size: 0x00000438, Max: 0x00020000, ABSOLUTE)

    Base Addr    Size         Type   Attr      Idx    E Section Name        Object

    0x20000000   0x00000014   Data   RW          168    .data               system_stm32f4xx.o
    0x20000014   0x00000010   Data   RW          198    .data               stm32f4_discovery_lcd.o
    0x20000024   0x00000010   Data   RW          395    .data               stm32f4xx_rcc.o
    0x20000034   0x00000004   PAD
    0x20000038   0x00000400   Zero   RW          454    STACK               startup_stm32f4xx.o


==============================================================================

Image component sizes


      Code (inc. data)   RO Data    RW Data    ZI Data      Debug   Object Name

       204         80          0          0          0     243739   main.o
        36          8        392          0       1024        948   startup_stm32f4xx.o
      3608         48       4560         16          0      14790   stm32f4_discovery_lcd.o
      1204         10          0          0          0       6247   stm32f4xx_fsmc.o
       548         36          0          0          0       4841   stm32f4xx_gpio.o
        18          0          0          0          0       1234   stm32f4xx_it.o
      1076         44          0         16          0      12035   stm32f4xx_rcc.o
       400         36          0         20          0       2015   system_stm32f4xx.o

    ----------------------------------------------------------------------
      7096        262       4984         52       1028     285849   Object Totals
         0          0         32          0          0          0   (incl. Generated)
         2          0          0          0          4          0   (incl. Padding)

    ----------------------------------------------------------------------

      Code (inc. data)   RO Data    RW Data    ZI Data      Debug   Library Member Name

         0          0          0          0          0          0   entry.o
         0          0          0          0          0          0   entry10a.o
         0          0          0          0          0          0   entry11a.o
         8          4          0          0          0          0   entry2.o
         4          0          0          0          0          0   entry5.o
         0          0          0          0          0          0   entry7b.o
         0          0          0          0          0          0   entry8b.o
         8          4          0          0          0          0   entry9a.o
        30          0          0          0          0          0   handlers.o
        36          8          0          0          0         68   init.o
         0          0          0          0          0          0   iusefp.o
        30          0          0          0          0         68   llshl.o
        32          0          0          0          0         68   llushr.o
        40          2          0          0          0         68   cdcmple.o
        40          2          0          0          0         68   cdrcmple.o
       190          0          0          0          0        176   depilogue.o
        34          0          0          0          0         76   dflti.o
        26          0          0          0          0         76   dfltui.o

    ----------------------------------------------------------------------
       480         20          0          0          0        668   Library Totals
         2          0          0          0          0          0   (incl. Padding)

    ----------------------------------------------------------------------

      Code (inc. data)   RO Data    RW Data    ZI Data      Debug   Library Name

       148         16          0          0          0        204   mc_w.l
       330          4          0          0          0        464   mf_w.l

    ----------------------------------------------------------------------
       480         20          0          0          0        668   Library Totals

    ----------------------------------------------------------------------

==============================================================================


      Code (inc. data)   RO Data    RW Data    ZI Data      Debug   

      7576        282       4984         52       1028     284605   Grand Totals
      7576        282       4984         52       1028     284605   ELF Image Totals
      7576        282       4984         52          0          0   ROM Totals

==============================================================================

    Total RO  Size (Code + RO Data)                12560 (  12.27kB)
    Total RW  Size (RW Data + ZI Data)              1080 (   1.05kB)
    Total ROM Size (Code + RO Data + RW Data)      12612 (  12.32kB)

==============================================================================

